Component: ARM Compiler 5.05 update 1 (build 106) Tool: armlink [4d0efa]

==============================================================================

Section Cross References

    main.o(.text) refers to _printf_pad.o(.text) for _printf_pre_padding
    main.o(.text) refers to _printf_percent.o(.ARM.Collect$$_printf_percent$$00000000) for _printf_percent
    main.o(.text) refers to _printf_d.o(.ARM.Collect$$_printf_percent$$00000009) for _printf_d
    main.o(.text) refers to _printf_dec.o(.text) for _printf_int_dec
    main.o(.text) refers to misc.o(.text) for NVIC_PriorityGroupConfig
    main.o(.text) refers to delay.o(.text) for delay_init
    main.o(.text) refers to usart.o(.text) for uart_init
    main.o(.text) refers to timer.o(.text) for TIM3_Int_Init
    main.o(.text) refers to led.o(.text) for LED_Init
    main.o(.text) refers to beep.o(.text) for BEEP_Init
    main.o(.text) refers to key.o(.text) for KEY_Init
    main.o(.text) refers to lcd.o(.text) for LCD_Init
    main.o(.text) refers to rtc.o(.text) for My_RTC_Init
    main.o(.text) refers to stm32f4xx_rtc.o(.text) for RTC_GetTime
    main.o(.text) refers to noretval__2sprintf.o(.text) for __2sprintf
    main.o(.text) refers to user.o(.text) for AlarmUser_Change
    main.o(.text) refers to main.o(.constdata) for .constdata
    main.o(.text) refers to usmart_config.o(.data) for usmart_dev
    main.o(.text) refers to lcd.o(.data) for POINT_COLOR
    system_stm32f4xx.o(.text) refers to system_stm32f4xx.o(.data) for SystemCoreClock
    led.o(.text) refers to stm32f4xx_rcc.o(.text) for RCC_AHB1PeriphClockCmd
    led.o(.text) refers to stm32f4xx_gpio.o(.text) for GPIO_Init
    lcd.o(.text) refers to _printf_percent.o(.ARM.Collect$$_printf_percent$$00000000) for _printf_percent
    lcd.o(.text) refers to _printf_x.o(.ARM.Collect$$_printf_percent$$0000000C) for _printf_x
    lcd.o(.text) refers to _printf_hex_int.o(.text) for _printf_longlong_hex
    lcd.o(.text) refers to delay.o(.text) for delay_us
    lcd.o(.text) refers to lcd.o(.bss) for lcddev
    lcd.o(.text) refers to lcd.o(.data) for POINT_COLOR
    lcd.o(.text) refers to dflt_clz.o(x$fpl$dfltu) for __aeabi_ui2d
    lcd.o(.text) refers to dmul.o(x$fpl$dmul) for __aeabi_dmul
    lcd.o(.text) refers to dfixu.o(x$fpl$dfixu) for __aeabi_d2uiz
    lcd.o(.text) refers to stm32f4xx_rcc.o(.text) for RCC_AHB1PeriphClockCmd
    lcd.o(.text) refers to stm32f4xx_gpio.o(.text) for GPIO_Init
    lcd.o(.text) refers to stm32f4xx_fsmc.o(.text) for FSMC_NORSRAMInit
    lcd.o(.text) refers to noretval__2printf.o(.text) for __2printf
    lcd.o(.text) refers to lcd.o(.constdata) for asc2_1206
    rtc.o(.text) refers to stm32f4xx_rtc.o(.text) for RTC_SetTime
    rtc.o(.text) refers to stm32f4xx_rcc.o(.text) for RCC_APB1PeriphClockCmd
    rtc.o(.text) refers to stm32f4xx_pwr.o(.text) for PWR_BackupAccessCmd
    rtc.o(.text) refers to delay.o(.text) for delay_ms
    rtc.o(.text) refers to stm32f4xx_exti.o(.text) for EXTI_ClearITPendingBit
    rtc.o(.text) refers to misc.o(.text) for NVIC_Init
    rtc.o(.text) refers to noretval__2printf.o(.text) for __2printf
    rtc.o(.text) refers to beep.o(.text) for Beep_On
    rtc.o(.text) refers to stm32f4xx_tim.o(.text) for TIM_Cmd
    rtc.o(.text) refers to rtc.o(.data) for NVIC_InitStructure
    key.o(.text) refers to stm32f4xx_rcc.o(.text) for RCC_AHB1PeriphClockCmd
    key.o(.text) refers to stm32f4xx_gpio.o(.text) for GPIO_Init
    beep.o(.text) refers to stm32f4xx_rcc.o(.text) for RCC_AHB1PeriphClockCmd
    beep.o(.text) refers to stm32f4xx_gpio.o(.text) for GPIO_Init
    beep.o(.text) refers to delay.o(.text) for delay_ms
    timer.o(.text) refers to stm32f4xx_rcc.o(.text) for RCC_APB1PeriphClockCmd
    timer.o(.text) refers to stm32f4xx_tim.o(.text) for TIM_TimeBaseInit
    timer.o(.text) refers to misc.o(.text) for NVIC_Init
    timer.o(.text) refers to timer.o(.data) for index
    user.o(.text) refers to stm32f4xx_gpio.o(.text) for GPIO_ReadInputDataBit
    user.o(.text) refers to delay.o(.text) for delay_ms
    user.o(.text) refers to user.o(.data) for alarm_config
    delay.o(.text) refers to misc.o(.text) for SysTick_CLKSourceConfig
    delay.o(.text) refers to delay.o(.data) for fac_us
    usart.o(.rev16_text) refers (Special) to use_no_semi_2.o(.text) for __use_no_semihosting
    usart.o(.revsh_text) refers (Special) to use_no_semi_2.o(.text) for __use_no_semihosting
    usart.o(.text) refers (Special) to use_no_semi_2.o(.text) for __use_no_semihosting
    usart.o(.text) refers to stm32f4xx_rcc.o(.text) for RCC_AHB1PeriphClockCmd
    usart.o(.text) refers to stm32f4xx_gpio.o(.text) for GPIO_PinAFConfig
    usart.o(.text) refers to stm32f4xx_usart.o(.text) for USART_Init
    usart.o(.text) refers to misc.o(.text) for NVIC_Init
    usart.o(.text) refers to usart.o(.data) for USART_RX_STA
    usart.o(.text) refers to usart.o(.bss) for USART_RX_BUF
    usart.o(.bss) refers (Special) to use_no_semi_2.o(.text) for __use_no_semihosting
[...]
    .ARM.Collect$$libshutdown$$00000003      0x08000268   Section        0  libshutdown2.o(.ARM.Collect$$libshutdown$$00000003)
    .ARM.Collect$$libshutdown$$00000006      0x08000268   Section        0  libshutdown2.o(.ARM.Collect$$libshutdown$$00000006)
    .ARM.Collect$$libshutdown$$00000009      0x08000268   Section        0  libshutdown2.o(.ARM.Collect$$libshutdown$$00000009)
    .ARM.Collect$$libshutdown$$0000000B      0x08000268   Section        0  libshutdown2.o(.ARM.Collect$$libshutdown$$0000000B)
    .ARM.Collect$$libshutdown$$0000000E      0x08000268   Section        0  libshutdown2.o(.ARM.Collect$$libshutdown$$0000000E)
    .ARM.Collect$$libshutdown$$0000000F      0x08000268   Section        2  libshutdown2.o(.ARM.Collect$$libshutdown$$0000000F)
    .ARM.Collect$$rtentry$$00000000          0x0800026a   Section        0  __rtentry.o(.ARM.Collect$$rtentry$$00000000)
    .ARM.Collect$$rtentry$$00000002          0x0800026a   Section        0  __rtentry2.o(.ARM.Collect$$rtentry$$00000002)
    .ARM.Collect$$rtentry$$00000004          0x0800026a   Section        6  __rtentry4.o(.ARM.Collect$$rtentry$$00000004)
    .ARM.Collect$$rtentry$$00000009          0x08000270   Section        0  __rtentry2.o(.ARM.Collect$$rtentry$$00000009)
    .ARM.Collect$$rtentry$$0000000A          0x08000270   Section        4  __rtentry2.o(.ARM.Collect$$rtentry$$0000000A)
    .ARM.Collect$$rtentry$$0000000C          0x08000274   Section        0  __rtentry2.o(.ARM.Collect$$rtentry$$0000000C)
    .ARM.Collect$$rtentry$$0000000D          0x08000274   Section        8  __rtentry2.o(.ARM.Collect$$rtentry$$0000000D)
    .ARM.Collect$$rtexit$$00000000           0x0800027c   Section        2  rtexit.o(.ARM.Collect$$rtexit$$00000000)
    .ARM.Collect$$rtexit$$00000002           0x0800027e   Section        0  rtexit2.o(.ARM.Collect$$rtexit$$00000002)
    .ARM.Collect$$rtexit$$00000003           0x0800027e   Section        4  rtexit2.o(.ARM.Collect$$rtexit$$00000003)
    .ARM.Collect$$rtexit$$00000004           0x08000282   Section        6  rtexit2.o(.ARM.Collect$$rtexit$$00000004)
    .text                                    0x08000288   Section        0  main.o(.text)
    .text                                    0x080004f4   Section        0  stm32f4xx_it.o(.text)
    .text                                    0x08000510   Section        0  system_stm32f4xx.o(.text)
    SetSysClock                              0x08000511   Thumb Code   220  system_stm32f4xx.o(.text)
    .text                                    0x08000720   Section        0  led.o(.text)
    .text                                    0x08000760   Section        0  lcd.o(.text)
    .text                                    0x080053e0   Section        0  rtc.o(.text)
    .text                                    0x08005634   Section        0  key.o(.text)
    .text                                    0x08005678   Section        0  beep.o(.text)
    .text                                    0x080056e0   Section        0  timer.o(.text)
    .text                                    0x08005780   Section        0  user.o(.text)
    .text                                    0x080058fc   Section        0  delay.o(.text)
    .text                                    0x08005a00   Section        0  usart.o(.text)
    .text                                    0x08005b4c   Section       64  startup_stm32f40_41xxx.o(.text)
    $v0                                      0x08005b4c   Number         0  startup_stm32f40_41xxx.o(.text)
    .text                                    0x08005b8c   Section        0  misc.o(.text)
    .text                                    0x08005c6c   Section        0  stm32f4xx_gpio.o(.text)
    .text                                    0x08005f00   Section        0  stm32f4xx_fsmc.o(.text)
    .text                                    0x080064c8   Section        0  stm32f4xx_rcc.o(.text)
    .text                                    0x08006b24   Section        0  stm32f4xx_usart.o(.text)
    .text                                    0x08006f78   Section        0  stm32f4xx_rtc.o(.text)
    RTC_ByteToBcd2                           0x0800720b   Thumb Code    28  stm32f4xx_rtc.o(.text)
    RTC_Bcd2ToByte                           0x08007227   Thumb Code    22  stm32f4xx_rtc.o(.text)
    .text                                    0x08007ce0   Section        0  stm32f4xx_tim.o(.text)
    TI4_Config                               0x0800847f   Thumb Code    80  stm32f4xx_tim.o(.text)
    TI3_Config                               0x080084e1   Thumb Code    72  stm32f4xx_tim.o(.text)
    TI2_Config                               0x08008543   Thumb Code    90  stm32f4xx_tim.o(.text)
    TI1_Config                               0x080085af   Thumb Code    58  stm32f4xx_tim.o(.text)
    .text                                    0x08008984   Section        0  stm32f4xx_exti.o(.text)
    .text                                    0x08008a94   Section        0  stm32f4xx_pwr.o(.text)
    .text                                    0x08008c00   Section        0  usmart.o(.text)
    .text                                    0x08009834   Section        0  usmart_str.o(.text)
    .text                                    0x08009d5c   Section        2  use_no_semi_2.o(.text)
    .text                                    0x08009d60   Section        0  noretval__2printf.o(.text)
    .text                                    0x08009d78   Section        0  noretval__2sprintf.o(.text)
    .text                                    0x08009da0   Section        0  _printf_pad.o(.text)
    .text                                    0x08009dee   Section        0  _printf_str.o(.text)
    .text                                    0x08009e40   Section        0  _printf_dec.o(.text)
    .text                                    0x08009eb8   Section        0  _printf_hex_int.o(.text)
    .text                                    0x08009f10   Section        0  __printf_flags_ss_wp.o(.text)
    .text                                    0x0800a098   Section        0  heapauxi.o(.text)
    .text                                    0x0800a09e   Section        2  use_no_semi.o(.text)
    .text                                    0x0800a0a0   Section        0  _printf_intcommon.o(.text)
    .text                                    0x0800a154   Section        0  _printf_char_common.o(.text)
    _printf_input_char                       0x0800a155   Thumb Code    10  _printf_char_common.o(.text)
    .text                                    0x0800a184   Section        0  _sputc.o(.text)
    .text                                    0x0800a18e   Section        0  _printf_char.o(.text)
    .text                                    0x0800a1bc   Section        0  _printf_char_file.o(.text)
    .text                                    0x0800a1e0   Section        0  ferror.o(.text)
    .text                                    0x0800a1e8   Section       74  sys_stackheap_outer.o(.text)
    .text                                    0x0800a232   Section        0  exit.o(.text)
    .text                                    0x0800a240   Section        8  libspace.o(.text)
    i._is_digit                              0x0800a248   Section        0  __printf_wp.o(i._is_digit)
    x$fpl$dfixu                              0x0800a258   Section       90  dfixu.o(x$fpl$dfixu)
    $v0                                      0x0800a258   Number         0  dfixu.o(x$fpl$dfixu)
    x$fpl$dfltu                              0x0800a2b2   Section       38  dflt_clz.o(x$fpl$dfltu)
    $v0                                      0x0800a2b2   Number         0  dflt_clz.o(x$fpl$dfltu)
    x$fpl$dmul                               0x0800a2d8   Section      340  dmul.o(x$fpl$dmul)
    $v0                                      0x0800a2d8   Number         0  dmul.o(x$fpl$dmul)
    x$fpl$dnaninf                            0x0800a42c   Section      156  dnaninf.o(x$fpl$dnaninf)
    $v0                                      0x0800a42c   Number         0  dnaninf.o(x$fpl$dnaninf)
    x$fpl$dretinf                            0x0800a4c8   Section       12  dretinf.o(x$fpl$dretinf)
    $v0                                      0x0800a4c8   Number         0  dretinf.o(x$fpl$dretinf)
    x$fpl$fpinit                             0x0800a4d4   Section       10  fpinit.o(x$fpl$fpinit)
    $v0                                      0x0800a4d4   Number         0  fpinit.o(x$fpl$fpinit)
    x$fpl$usenofp                            0x0800a4de   Section        0  usenofp.o(x$fpl$usenofp)
    .constdata                               0x0800a4e0   Section       12  main.o(.constdata)
    .constdata                               0x0800a4ec   Section     6080  lcd.o(.constdata)
    .constdata                               0x0800bcac   Section       28  stm32f4xx_fsmc.o(.constdata)
    .constdata                               0x0800bcc8   Section       40  _printf_hex_int.o(.constdata)
    uc_hextab                                0x0800bcc8   Data          20  _printf_hex_int.o(.constdata)
    lc_hextab                                0x0800bcdc   Data          20  _printf_hex_int.o(.constdata)
    .constdata                               0x0800bcf0   Section       17  __printf_flags_ss_wp.o(.constdata)
    maptable                                 0x0800bcf0   Data          17  __printf_flags_ss_wp.o(.constdata)
    .conststring                             0x0800bd04   Section       40  usmart.o(.conststring)
    .conststring                             0x0800bd2c   Section      298  usmart_config.o(.conststring)
    .data                                    0x20000000   Section       20  system_stm32f4xx.o(.data)
    .data                                    0x20000014   Section        4  lcd.o(.data)
    .data                                    0x20000018   Section        4  rtc.o(.data)
    .data                                    0x2000001c   Section        4  timer.o(.data)
    index                                    0x2000001c   Data           4  timer.o(.data)
    .data                                    0x20000020   Section        8  user.o(.data)
    flag_Alarm                               0x20000020   Data           4  user.o(.data)
    alarm_config                             0x20000024   Data           4  user.o(.data)
    .data                                    0x20000028   Section        4  delay.o(.data)
    fac_us                                   0x20000028   Data           1  delay.o(.data)
    fac_ms                                   0x2000002a   Data           2  delay.o(.data)
    .data                                    0x2000002c   Section        6  usart.o(.data)
    .data                                    0x20000032   Section       16  stm32f4xx_rcc.o(.data)
    APBAHBPrescTable                         0x20000032   Data          16  stm32f4xx_rcc.o(.data)
    .data                                    0x20000044   Section       28  usmart.o(.data)
    .data                                    0x20000060   Section      308  usmart_config.o(.data)
    .bss                                     0x20000194   Section       14  lcd.o(.bss)
    .bss                                     0x200001a2   Section      200  usart.o(.bss)
    .bss                                     0x2000026c   Section       96  libspace.o(.bss)
    HEAP                                     0x200002d0   Section      512  startup_stm32f40_41xxx.o(HEAP)
    Heap_Mem                                 0x200002d0   Data         512  startup_stm32f40_41xxx.o(HEAP)
    STACK                                    0x200004d0   Section     1024  startup_stm32f40_41xxx.o(STACK)
    Stack_Mem                                0x200004d0   Data        1024  startup_stm32f40_41xxx.o(STACK)
    __initial_sp                             0x200008d0   Data           0  startup_stm32f40_41xxx.o(STACK)

    Global Symbols

    Symbol Name                              Value     Ov Type        Size  Object(Section)

    BuildAttributes$$THM_ISAv4$E$P$D$K$B$S$7EM$VFPi3$EXTD16$VFPS$VFMA$PE$A:L22UL41UL21$X:L11$S22US41US21$IEEE1$IW$USESV6$~STKCKD$USESV7$~SHL$OSPACE$ROPI$EBA8$UX$STANDARDLIB$REQ8$PRES8$EABIv2 0x00000000   Number         0  anon$$obj.o ABSOLUTE
    __ARM_use_no_argv                        0x00000000   Number         0  main.o ABSOLUTE
    _printf_flags                            0x00000000   Number         0  printf_stubs.o ABSOLUTE
    _printf_return_value                     0x00000000   Number         0  printf_stubs.o ABSOLUTE
    _printf_sizespec                         0x00000000   Number         0  printf_stubs.o ABSOLUTE
    _printf_widthprec                        0x00000000   Number         0  printf_stubs.o ABSOLUTE
    __ARM_exceptions_init                     - Undefined Weak Reference
    __alloca_initialize                       - Undefined Weak Reference
    __arm_preinit_                            - Undefined Weak Reference
    __cpp_initialize__aeabi_                  - Undefined Weak Reference
    __cxa_finalize                            - Undefined Weak Reference
    __rt_locale                               - Undefined Weak Reference
    __sigvec_lookup                           - Undefined Weak Reference
    _atexit_init                              - Undefined Weak Reference
    _call_atexit_fns                          - Undefined Weak Reference
    _clock_init                               - Undefined Weak Reference
    _fp_trap_init                             - Undefined Weak Reference
    _fp_trap_shutdown                         - Undefined Weak Reference
    _get_lc_collate                           - Undefined Weak Reference
    _get_lc_ctype                             - Undefined Weak Reference
    _get_lc_monetary                          - Undefined Weak Reference
    _get_lc_numeric                           - Undefined Weak Reference
    _get_lc_time                              - Undefined Weak Reference
    _getenv_init                              - Undefined Weak Reference
    _handle_redirection                       - Undefined Weak Reference
    _init_alloc                               - Undefined Weak Reference
    _init_user_alloc                          - Undefined Weak Reference
    _initio                                   - Undefined Weak Reference
    _mutex_acquire                            - Undefined Weak Reference
    _mutex_release                            - Undefined Weak Reference
    _printf_mbtowc                            - Undefined Weak Reference
    _printf_truncate_signed                   - Undefined Weak Reference
    _printf_truncate_unsigned                 - Undefined Weak Reference
    _rand_init                                - Undefined Weak Reference
    _signal_finish                            - Undefined Weak Reference
    _signal_init                              - Undefined Weak Reference
    _terminate_alloc                          - Undefined Weak Reference
    _terminate_user_alloc                     - Undefined Weak Reference
    _terminateio                              - Undefined Weak Reference
    __Vectors_Size                           0x00000188   Number         0  startup_stm32f40_41xxx.o ABSOLUTE
    __Vectors                                0x08000000   Data           4  startup_stm32f40_41xxx.o(RESET)
    __Vectors_End                            0x08000188   Data           0  startup_stm32f40_41xxx.o(RESET)
    __main                                   0x08000189   Thumb Code     8  __main.o(!!!main)
    __scatterload                            0x08000191   Thumb Code     0  __scatter.o(!!!scatter)
    __scatterload_rt2                        0x08000191   Thumb Code    44  __scatter.o(!!!scatter)
    __scatterload_rt2_thumb_only             0x08000191   Thumb Code     0  __scatter.o(!!!scatter)
    __scatterload_null                       0x0800019f   Thumb Code     0  __scatter.o(!!!scatter)
    __decompress                             0x080001c5   Thumb Code    90  __dczerorl2.o(!!dczerorl2)
    __decompress1                            0x080001c5   Thumb Code     0  __dczerorl2.o(!!dczerorl2)
    __scatterload_zeroinit                   0x08000221   Thumb Code    28  __scatter_zi.o(!!handler_zi)
    _printf_d                                0x0800023d   Thumb Code     0  _printf_d.o(.ARM.Collect$$_printf_percent$$00000009)
    _printf_percent                          0x0800023d   Thumb Code     0  _printf_percent.o(.ARM.Collect$$_printf_percent$$00000000)
    _printf_u                                0x08000243   Thumb Code     0  _printf_u.o(.ARM.Collect$$_printf_percent$$0000000A)
    _printf_x                                0x08000249   Thumb Code     0  _printf_x.o(.ARM.Collect$$_printf_percent$$0000000C)
    _printf_c                                0x0800024f   Thumb Code     0  _printf_c.o(.ARM.Collect$$_printf_percent$$00000013)
    _printf_s                                0x08000255   Thumb Code     0  _printf_s.o(.ARM.Collect$$_printf_percent$$00000014)
    _printf_percent_end                      0x0800025b   Thumb Code     0  _printf_percent_end.o(.ARM.Collect$$_printf_percent$$00000017)
    __rt_lib_init                            0x0800025f   Thumb Code     0  libinit.o(.ARM.Collect$$libinit$$00000000)
    __rt_lib_init_fp_1                       0x08000261   Thumb Code     0  libinit2.o(.ARM.Collect$$libinit$$00000001)
    __rt_lib_init_alloca_1                   0x08000265   Thumb Code     0  libinit2.o(.ARM.Collect$$libinit$$0000002E)
    __rt_lib_init_argv_1                     0x08000265   Thumb Code     0  libinit2.o(.ARM.Collect$$libinit$$0000002C)
    __rt_lib_init_atexit_1                   0x08000265   Thumb Code     0  libinit2.o(.ARM.Collect$$libinit$$0000001B)
    __rt_lib_init_clock_1                    0x08000265   Thumb Code     0  libinit2.o(.ARM.Collect$$libinit$$00000021)
    __rt_lib_init_cpp_1                      0x08000265   Thumb Code     0  libinit2.o(.ARM.Collect$$libinit$$00000032)
    __rt_lib_init_exceptions_1               0x08000265   Thumb Code     0  libinit2.o(.ARM.Collect$$libinit$$00000030)
    __rt_lib_init_fp_trap_1                  0x08000265   Thumb Code     0  libinit2.o(.ARM.Collect$$libinit$$0000001F)
    __rt_lib_init_getenv_1                   0x08000265   Thumb Code     0  libinit2.o(.ARM.Collect$$libinit$$00000023)
    __rt_lib_init_heap_1                     0x08000265   Thumb Code     0  libinit2.o(.ARM.Collect$$libinit$$0000000A)
    __rt_lib_init_lc_collate_1               0x08000265   Thumb Code     0  libinit2.o(.ARM.Collect$$libinit$$00000011)
    __rt_lib_init_lc_ctype_1                 0x08000265   Thumb Code     0  libinit2.o(.ARM.Collect$$libinit$$00000013)
    __rt_lib_init_lc_monetary_1              0x08000265   Thumb Code     0  libinit2.o(.ARM.Collect$$libinit$$00000015)
    __rt_lib_init_lc_numeric_1               0x08000265   Thumb Code     0  libinit2.o(.ARM.Collect$$libinit$$00000017)
    __rt_lib_init_lc_time_1                  0x08000265   Thumb Code     0  libinit2.o(.ARM.Collect$$libinit$$00000019)
    __rt_lib_init_preinit_1                  0x08000265   Thumb Code     0  libinit2.o(.ARM.Collect$$libinit$$00000004)
    __rt_lib_init_rand_1                     0x08000265   Thumb Code     0  libinit2.o(.ARM.Collect$$libinit$$0000000E)
    __rt_lib_init_return                     0x08000265   Thumb Code     0  libinit2.o(.ARM.Collect$$libinit$$00000033)
    __rt_lib_init_signal_1                   0x08000265   Thumb Code     0  libinit2.o(.ARM.Collect$$libinit$$0000001D)
    __rt_lib_init_stdio_1                    0x08000265   Thumb Code     0  libinit2.o(.ARM.Collect$$libinit$$00000025)
    __rt_lib_init_user_alloc_1               0x08000265   Thumb Code     0  libinit2.o(.ARM.Collect$$libinit$$0000000C)
    __rt_lib_shutdown                        0x08000267   Thumb Code     0  libshutdown.o(.ARM.Collect$$libshutdown$$00000000)
    __rt_lib_shutdown_fp_trap_1              0x08000269   Thumb Code     0  libshutdown2.o(.ARM.Collect$$libshutdown$$00000006)
    __rt_lib_shutdown_heap_1                 0x08000269   Thumb Code     0  libshutdown2.o(.ARM.Collect$$libshutdown$$0000000E)
    __rt_lib_shutdown_return                 0x08000269   Thumb Code     0  libshutdown2.o(.ARM.Collect$$libshutdown$$0000000F)
    __rt_lib_shutdown_signal_1               0x08000269   Thumb Code     0  libshutdown2.o(.ARM.Collect$$libshutdown$$00000009)
    __rt_lib_shutdown_stdio_1                0x08000269   Thumb Code     0  libshutdown2.o(.ARM.Collect$$libshutdown$$00000003)
    __rt_lib_shutdown_user_alloc_1           0x08000269   Thumb Code     0  libshutdown2.o(.ARM.Collect$$libshutdown$$0000000B)
    __rt_entry                               0x0800026b   Thumb Code     0  __rtentry.o(.ARM.Collect$$rtentry$$00000000)
    __rt_entry_presh_1                       0x0800026b   Thumb Code     0  __rtentry2.o(.ARM.Collect$$rtentry$$00000002)
    __rt_entry_sh                            0x0800026b   Thumb Code     0  __rtentry4.o(.ARM.Collect$$rtentry$$00000004)
    __rt_entry_li                            0x08000271   Thumb Code     0  __rtentry2.o(.ARM.Collect$$rtentry$$0000000A)
    __rt_entry_postsh_1                      0x08000271   Thumb Code     0  __rtentry2.o(.ARM.Collect$$rtentry$$00000009)
    __rt_entry_main                          0x08000275   Thumb Code     0  __rtentry2.o(.ARM.Collect$$rtentry$$0000000D)
    __rt_entry_postli_1                      0x08000275   Thumb Code     0  __rtentry2.o(.ARM.Collect$$rtentry$$0000000C)
    __rt_exit                                0x0800027d   Thumb Code     0  rtexit.o(.ARM.Collect$$rtexit$$00000000)
    __rt_exit_ls                             0x0800027f   Thumb Code     0  rtexit2.o(.ARM.Collect$$rtexit$$00000003)
    __rt_exit_prels_1                        0x0800027f   Thumb Code     0  rtexit2.o(.ARM.Collect$$rtexit$$00000002)
    __rt_exit_exit                           0x08000283   Thumb Code     0  rtexit2.o(.ARM.Collect$$rtexit$$00000004)
    main                                     0x08000289   Thumb Code   452  main.o(.text)
    NMI_Handler                              0x080004f5   Thumb Code     2  stm32f4xx_it.o(.text)
    HardFault_Handler                        0x080004f7   Thumb Code     4  stm32f4xx_it.o(.text)
    MemManage_Handler                        0x080004fb   Thumb Code     4  stm32f4xx_it.o(.text)
    BusFault_Handler                         0x080004ff   Thumb Code     4  stm32f4xx_it.o(.text)
    UsageFault_Handler                       0x08000503   Thumb Code     4  stm32f4xx_it.o(.text)
    SVC_Handler                              0x08000507   Thumb Code     2  stm32f4xx_it.o(.text)
    DebugMon_Handler                         0x08000509   Thumb Code     2  stm32f4xx_it.o(.text)
    PendSV_Handler                           0x0800050b   Thumb Code     2  stm32f4xx_it.o(.text)
    SysTick_Handler                          0x0800050d   Thumb Code     2  stm32f4xx_it.o(.text)
    SystemInit                               0x080005ed   Thumb Code    88  system_stm32f4xx.o(.text)
    SystemCoreClockUpdate                    0x08000645   Thumb Code   174  system_stm32f4xx.o(.text)
    LED_Init                                 0x08000721   Thumb Code    60  led.o(.text)
    LCD_WR_REG                               0x08000761   Thumb Code    18  lcd.o(.text)
    LCD_WR_DATA                              0x08000773   Thumb Code    20  lcd.o(.text)
    LCD_RD_DATA                              0x08000787   Thumb Code    16  lcd.o(.text)
    LCD_WriteReg                             0x08000797   Thumb Code    14  lcd.o(.text)
    LCD_ReadReg                              0x080007a5   Thumb Code    22  lcd.o(.text)
    LCD_WriteRAM_Prepare                     0x080007bb   Thumb Code    10  lcd.o(.text)
    LCD_WriteRAM                             0x080007c5   Thumb Code     8  lcd.o(.text)
    LCD_BGR2RGB                              0x080007cd   Thumb Code    26  lcd.o(.text)
    opt_delay                                0x080007e7   Thumb Code    14  lcd.o(.text)
    LCD_SetCursor                            0x080007f5   Thumb Code   418  lcd.o(.text)
    LCD_ReadPoint                            0x08000997   Thumb Code   360  lcd.o(.text)
    LCD_DisplayOn                            0x08000aff   Thumb Code   102  lcd.o(.text)
    LCD_DisplayOff                           0x08000b65   Thumb Code    90  lcd.o(.text)
    LCD_Scan_Dir                             0x08000bbf   Thumb Code   744  lcd.o(.text)
    LCD_DrawPoint                            0x08000ea7   Thumb Code    28  lcd.o(.text)
    LCD_Fast_DrawPoint                       0x08000ec3   Thumb Code   388  lcd.o(.text)
    LCD_SSD_BackLightSet                     0x08001047   Thumb Code    88  lcd.o(.text)
    LCD_Display_Dir                          0x0800109f   Thumb Code   444  lcd.o(.text)
    LCD_Set_Window                           0x0800125b   Thumb Code   546  lcd.o(.text)
    LCD_Clear                                0x0800147d   Thumb Code   100  lcd.o(.text)
    LCD_Init                                 0x080014e1   Thumb Code 14696  lcd.o(.text)
    LCD_Fill                                 0x08004e49   Thumb Code   180  lcd.o(.text)
    LCD_Color_Fill                           0x08004efd   Thumb Code   100  lcd.o(.text)
    LCD_DrawLine                             0x08004f61   Thumb Code   176  lcd.o(.text)
    LCD_DrawRectangle                        0x08005011   Thumb Code    60  lcd.o(.text)
    LCD_Draw_Circle                          0x0800504d   Thumb Code   152  lcd.o(.text)
    LCD_ShowChar                             0x080050e5   Thumb Code   272  lcd.o(.text)
    LCD_Pow                                  0x080051f5   Thumb Code    22  lcd.o(.text)
    LCD_ShowNum                              0x0800520b   Thumb Code   148  lcd.o(.text)
    LCD_ShowxNum                             0x0800529f   Thumb Code   220  lcd.o(.text)
    LCD_ShowString                           0x0800537b   Thumb Code   102  lcd.o(.text)
    RTC_Set_Time                             0x080053e1   Thumb Code    36  rtc.o(.text)
    RTC_Set_Date                             0x08005405   Thumb Code    36  rtc.o(.text)
    My_RTC_Init                              0x08005429   Thumb Code   138  rtc.o(.text)
    RTC_Set_AlarmA                           0x080054b3   Thumb Code   158  rtc.o(.text)
    RTC_Set_WakeUp                           0x08005551   Thumb Code   108  rtc.o(.text)
    RTC_Alarm_IRQHandler                     0x080055bd   Thumb Code    48  rtc.o(.text)
    RTC_WKUP_IRQHandler                      0x080055ed   Thumb Code    46  rtc.o(.text)
    KEY_Init                                 0x08005635   Thumb Code    60  key.o(.text)
    BEEP_Init                                0x08005679   Thumb Code    60  beep.o(.text)
    Beep_On                                  0x080056b5   Thumb Code     8  beep.o(.text)
    Beep_TimeBar                             0x080056bd   Thumb Code    24  beep.o(.text)
    TIM3_Int_Init                            0x080056e1   Thumb Code    88  timer.o(.text)
    TIM3_IRQHandler                          0x08005739   Thumb Code    60  timer.o(.text)
    Alarm_RightCheck                         0x08005781   Thumb Code    86  user.o(.text)
    AlarmUser_Change                         0x080057d7   Thumb Code   276  user.o(.text)
    delay_init                               0x080058fd   Thumb Code    52  delay.o(.text)
    delay_us                                 0x08005931   Thumb Code    72  delay.o(.text)
    delay_xms                                0x08005979   Thumb Code    72  delay.o(.text)
    delay_ms                                 0x080059c1   Thumb Code    56  delay.o(.text)
    _sys_exit                                0x08005a01   Thumb Code     6  usart.o(.text)
    fputc                                    0x08005a07   Thumb Code    22  usart.o(.text)
    uart_init                                0x08005a1d   Thumb Code   164  usart.o(.text)
    USART1_IRQHandler                        0x08005ac1   Thumb Code   122  usart.o(.text)
    Reset_Handler                            0x08005b4d   Thumb Code     8  startup_stm32f40_41xxx.o(.text)
    ADC_IRQHandler                           0x08005b67   Thumb Code     0  startup_stm32f40_41xxx.o(.text)
    CAN1_RX0_IRQHandler                      0x08005b67   Thumb Code     0  startup_stm32f40_41xxx.o(.text)
    CAN1_RX1_IRQHandler                      0x08005b67   Thumb Code     0  startup_stm32f40_41xxx.o(.text)
    CAN1_SCE_IRQHandler                      0x08005b67   Thumb Code     0  startup_stm32f40_41xxx.o(.text)
    CAN1_TX_IRQHandler                       0x08005b67   Thumb Code     0  startup_stm32f40_41xxx.o(.text)
    CAN2_RX0_IRQHandler                      0x08005b67   Thumb Code     0  startup_stm32f40_41xxx.o(.text)
    CAN2_RX1_IRQHandler                      0x08005b67   Thumb Code     0  startup_stm32f40_41xxx.o(.text)
    CAN2_SCE_IRQHandler                      0x08005b67   Thumb Code     0  startup_stm32f40_41xxx.o(.text)
    CAN2_TX_IRQHandler                       0x08005b67   Thumb Code     0  startup_stm32f40_41xxx.o(.text)
    CRYP_IRQHandler                          0x08005b67   Thumb Code     0  startup_stm32f40_41xxx.o(.text)
    DCMI_IRQHandler                          0x08005b67   Thumb Code     0  startup_stm32f40_41xxx.o(.text)
    DMA1_Stream0_IRQHandler                  0x08005b67   Thumb Code     0  startup_stm32f40_41xxx.o(.text)
    DMA1_Stream1_IRQHandler                  0x08005b67   Thumb Code     0  startup_stm32f40_41xxx.o(.text)
    DMA1_Stream2_IRQHandler                  0x08005b67   Thumb Code     0  startup_stm32f40_41xxx.o(.text)
    DMA1_Stream3_IRQHandler                  0x08005b67   Thumb Code     0  startup_stm32f40_41xxx.o(.text)
    DMA1_Stream4_IRQHandler                  0x08005b67   Thumb Code     0  startup_stm32f40_41xxx.o(.text)
    DMA1_Stream5_IRQHandler                  0x08005b67   Thumb Code     0  startup_stm32f40_41xxx.o(.text)
    DMA1_Stream6_IRQHandler                  0x08005b67   Thumb Code     0  startup_stm32f40_41xxx.o(.text)
    DMA1_Stream7_IRQHandler                  0x08005b67   Thumb Code     0  startup_stm32f40_41xxx.o(.text)
    DMA2_Stream0_IRQHandler                  0x08005b67   Thumb Code     0  startup_stm32f40_41xxx.o(.text)
    DMA2_Stream1_IRQHandler                  0x08005b67   Thumb Code     0  startup_stm32f40_41xxx.o(.text)
    DMA2_Stream2_IRQHandler                  0x08005b67   Thumb Code     0  startup_stm32f40_41xxx.o(.text)
    DMA2_Stream3_IRQHandler                  0x08005b67   Thumb Code     0  startup_stm32f40_41xxx.o(.text)
    DMA2_Stream4_IRQHandler                  0x08005b67   Thumb Code     0  startup_stm32f40_41xxx.o(.text)
    DMA2_Stream5_IRQHandler                  0x08005b67   Thumb Code     0  startup_stm32f40_41xxx.o(.text)
    DMA2_Stream6_IRQHandler                  0x08005b67   Thumb Code     0  startup_stm32f40_41xxx.o(.text)
    DMA2_Stream7_IRQHandler                  0x08005b67   Thumb Code     0  startup_stm32f40_41xxx.o(.text)
    ETH_IRQHandler                           0x08005b67   Thumb Code     0  startup_stm32f40_41xxx.o(.text)
    ETH_WKUP_IRQHandler                      0x08005b67   Thumb Code     0  startup_stm32f40_41xxx.o(.text)
    EXTI0_IRQHandler                         0x08005b67   Thumb Code     0  startup_stm32f40_41xxx.o(.text)
    EXTI15_10_IRQHandler                     0x08005b67   Thumb Code     0  startup_stm32f40_41xxx.o(.text)
    EXTI1_IRQHandler                         0x08005b67   Thumb Code     0  startup_stm32f40_41xxx.o(.text)
    EXTI2_IRQHandler                         0x08005b67   Thumb Code     0  startup_stm32f40_41xxx.o(.text)
    EXTI3_IRQHandler                         0x08005b67   Thumb Code     0  startup_stm32f40_41xxx.o(.text)
    EXTI4_IRQHandler                         0x08005b67   Thumb Code     0  startup_stm32f40_41xxx.o(.text)
    EXTI9_5_IRQHandler                       0x08005b67   Thumb Code     0  startup_stm32f40_41xxx.o(.text)
    FLASH_IRQHandler                         0x08005b67   Thumb Code     0  startup_stm32f40_41xxx.o(.text)
    FPU_IRQHandler                           0x08005b67   Thumb Code     0  startup_stm32f40_41xxx.o(.text)
    FSMC_IRQHandler                          0x08005b67   Thumb Code     0  startup_stm32f40_41xxx.o(.text)
    HASH_RNG_IRQHandler                      0x08005b67   Thumb Code     0  startup_stm32f40_41xxx.o(.text)
    I2C1_ER_IRQHandler                       0x08005b67   Thumb Code     0  startup_stm32f40_41xxx.o(.text)
    I2C1_EV_IRQHandler                       0x08005b67   Thumb Code     0  startup_stm32f40_41xxx.o(.text)
    I2C2_ER_IRQHandler                       0x08005b67   Thumb Code     0  startup_stm32f40_41xxx.o(.text)
    I2C2_EV_IRQHandler                       0x08005b67   Thumb Code     0  startup_stm32f40_41xxx.o(.text)
    I2C3_ER_IRQHandler                       0x08005b67   Thumb Code     0  startup_stm32f40_41xxx.o(.text)
    I2C3_EV_IRQHandler                       0x08005b67   Thumb Code     0  startup_stm32f40_41xxx.o(.text)
    OTG_FS_IRQHandler                        0x08005b67   Thumb Code     0  startup_stm32f40_41xxx.o(.text)
    OTG_FS_WKUP_IRQHandler                   0x08005b67   Thumb Code     0  startup_stm32f40_41xxx.o(.text)
    OTG_HS_EP1_IN_IRQHandler                 0x08005b67   Thumb Code     0  startup_stm32f40_41xxx.o(.text)
    OTG_HS_EP1_OUT_IRQHandler                0x08005b67   Thumb Code     0  startup_stm32f40_41xxx.o(.text)
    OTG_HS_IRQHandler                        0x08005b67   Thumb Code     0  startup_stm32f40_41xxx.o(.text)
    OTG_HS_WKUP_IRQHandler                   0x08005b67   Thumb Code     0  startup_stm32f40_41xxx.o(.text)
    PVD_IRQHandler                           0x08005b67   Thumb Code     0  startup_stm32f40_41xxx.o(.text)
    RCC_IRQHandler                           0x08005b67   Thumb Code     0  startup_stm32f40_41xxx.o(.text)
    SDIO_IRQHandler                          0x08005b67   Thumb Code     0  startup_stm32f40_41xxx.o(.text)
    SPI1_IRQHandler                          0x08005b67   Thumb Code     0  startup_stm32f40_41xxx.o(.text)
    SPI2_IRQHandler                          0x08005b67   Thumb Code     0  startup_stm32f40_41xxx.o(.text)
    SPI3_IRQHandler                          0x08005b67   Thumb Code     0  startup_stm32f40_41xxx.o(.text)
    TAMP_STAMP_IRQHandler                    0x08005b67   Thumb Code     0  startup_stm32f40_41xxx.o(.text)
    TIM1_BRK_TIM9_IRQHandler                 0x08005b67   Thumb Code     0  startup_stm32f40_41xxx.o(.text)
    TIM1_CC_IRQHandler                       0x08005b67   Thumb Code     0  startup_stm32f40_41xxx.o(.text)
    TIM1_TRG_COM_TIM11_IRQHandler            0x08005b67   Thumb Code     0  startup_stm32f40_41xxx.o(.text)
    TIM1_UP_TIM10_IRQHandler                 0x08005b67   Thumb Code     0  startup_stm32f40_41xxx.o(.text)
    TIM2_IRQHandler                          0x08005b67   Thumb Code     0  startup_stm32f40_41xxx.o(.text)
    TIM5_IRQHandler                          0x08005b67   Thumb Code     0  startup_stm32f40_41xxx.o(.text)
    TIM6_DAC_IRQHandler                      0x08005b67   Thumb Code     0  startup_stm32f40_41xxx.o(.text)
    TIM7_IRQHandler                          0x08005b67   Thumb Code     0  startup_stm32f40_41xxx.o(.text)
    TIM8_BRK_TIM12_IRQHandler                0x08005b67   Thumb Code     0  startup_stm32f40_41xxx.o(.text)
    TIM8_CC_IRQHandler                       0x08005b67   Thumb Code     0  startup_stm32f40_41xxx.o(.text)
    TIM8_TRG_COM_TIM14_IRQHandler            0x08005b67   Thumb Code     0  startup_stm32f40_41xxx.o(.text)
    TIM8_UP_TIM13_IRQHandler                 0x08005b67   Thumb Code     0  startup_stm32f40_41xxx.o(.text)
    UART4_IRQHandler                         0x08005b67   Thumb Code     0  startup_stm32f40_41xxx.o(.text)
    UART5_IRQHandler                         0x08005b67   Thumb Code     0  startup_stm32f40_41xxx.o(.text)
    USART2_IRQHandler                        0x08005b67   Thumb Code     0  startup_stm32f40_41xxx.o(.text)
    USART3_IRQHandler                        0x08005b67   Thumb Code     0  startup_stm32f40_41xxx.o(.text)
    USART6_IRQHandler                        0x08005b67   Thumb Code     0  startup_stm32f40_41xxx.o(.text)
    WWDG_IRQHandler                          0x08005b67   Thumb Code     0  startup_stm32f40_41xxx.o(.text)
    __user_initial_stackheap                 0x08005b69   Thumb Code     0  startup_stm32f40_41xxx.o(.text)
    NVIC_PriorityGroupConfig                 0x08005b8d   Thumb Code    10  misc.o(.text)
    NVIC_Init                                0x08005b97   Thumb Code   106  misc.o(.text)
    NVIC_SetVectorTable                      0x08005c01   Thumb Code    14  misc.o(.text)
    NVIC_SystemLPConfig                      0x08005c0f   Thumb Code    34  misc.o(.text)
    SysTick_CLKSourceConfig                  0x08005c31   Thumb Code    40  misc.o(.text)
    GPIO_DeInit                              0x08005c6d   Thumb Code   268  stm32f4xx_gpio.o(.text)
    GPIO_Init                                0x08005d79   Thumb Code   144  stm32f4xx_gpio.o(.text)
    GPIO_StructInit                          0x08005e09   Thumb Code    18  stm32f4xx_gpio.o(.text)
    GPIO_PinLockConfig                       0x08005e1b   Thumb Code    34  stm32f4xx_gpio.o(.text)
    GPIO_ReadInputDataBit                    0x08005e3d   Thumb Code    18  stm32f4xx_gpio.o(.text)
    GPIO_ReadInputData                       0x08005e4f   Thumb Code     8  stm32f4xx_gpio.o(.text)
    GPIO_ReadOutputDataBit                   0x08005e57   Thumb Code    18  stm32f4xx_gpio.o(.text)
    GPIO_ReadOutputData                      0x08005e69   Thumb Code     8  stm32f4xx_gpio.o(.text)
    GPIO_SetBits                             0x08005e71   Thumb Code     4  stm32f4xx_gpio.o(.text)
    GPIO_ResetBits                           0x08005e75   Thumb Code     4  stm32f4xx_gpio.o(.text)
    GPIO_WriteBit                            0x08005e79   Thumb Code    10  stm32f4xx_gpio.o(.text)
    GPIO_Write                               0x08005e83   Thumb Code     4  stm32f4xx_gpio.o(.text)
    GPIO_ToggleBits                          0x08005e87   Thumb Code     8  stm32f4xx_gpio.o(.text)
    GPIO_PinAFConfig                         0x08005e8f   Thumb Code    70  stm32f4xx_gpio.o(.text)
    FSMC_NORSRAMDeInit                       0x08005f01   Thumb Code    54  stm32f4xx_fsmc.o(.text)
    FSMC_NORSRAMInit                         0x08005f37   Thumb Code   230  stm32f4xx_fsmc.o(.text)
    FSMC_NORSRAMStructInit                   0x0800601d   Thumb Code    48  stm32f4xx_fsmc.o(.text)
    FSMC_NORSRAMCmd                          0x0800604d   Thumb Code    46  stm32f4xx_fsmc.o(.text)
    FSMC_NANDDeInit                          0x0800607b   Thumb Code    62  stm32f4xx_fsmc.o(.text)
    FSMC_NANDInit                            0x080060b9   Thumb Code   132  stm32f4xx_fsmc.o(.text)
    FSMC_NANDStructInit                      0x0800613d   Thumb Code    54  stm32f4xx_fsmc.o(.text)
    FSMC_NANDCmd                             0x08006173   Thumb Code    86  stm32f4xx_fsmc.o(.text)
    FSMC_NANDECCCmd                          0x080061c9   Thumb Code    86  stm32f4xx_fsmc.o(.text)
    FSMC_GetECC                              0x0800621f   Thumb Code    24  stm32f4xx_fsmc.o(.text)
    FSMC_PCCARDDeInit                        0x08006237   Thumb Code    36  stm32f4xx_fsmc.o(.text)
    FSMC_PCCARDInit                          0x0800625b   Thumb Code   130  stm32f4xx_fsmc.o(.text)
    FSMC_PCCARDStructInit                    0x080062dd   Thumb Code    60  stm32f4xx_fsmc.o(.text)
    FSMC_PCCARDCmd                           0x08006319   Thumb Code    44  stm32f4xx_fsmc.o(.text)
    FSMC_ITConfig                            0x08006345   Thumb Code   128  stm32f4xx_fsmc.o(.text)
    FSMC_GetFlagStatus                       0x080063c5   Thumb Code    54  stm32f4xx_fsmc.o(.text)
    FSMC_ClearFlag                           0x080063fb   Thumb Code    74  stm32f4xx_fsmc.o(.text)
    FSMC_GetITStatus                         0x08006445   Thumb Code    62  stm32f4xx_fsmc.o(.text)
    FSMC_ClearITPendingBit                   0x08006483   Thumb Code    66  stm32f4xx_fsmc.o(.text)
    RCC_DeInit                               0x080064c9   Thumb Code    82  stm32f4xx_rcc.o(.text)
    RCC_HSEConfig                            0x0800651b   Thumb Code    14  stm32f4xx_rcc.o(.text)
    RCC_GetFlagStatus                        0x08006529   Thumb Code    60  stm32f4xx_rcc.o(.text)
    RCC_WaitForHSEStartUp                    0x08006565   Thumb Code    56  stm32f4xx_rcc.o(.text)
    RCC_AdjustHSICalibrationValue            0x0800659d   Thumb Code    20  stm32f4xx_rcc.o(.text)
    RCC_HSICmd                               0x080065b1   Thumb Code     6  stm32f4xx_rcc.o(.text)
    RCC_LSEConfig                            0x080065b7   Thumb Code    46  stm32f4xx_rcc.o(.text)
    RCC_LSICmd                               0x080065e5   Thumb Code     6  stm32f4xx_rcc.o(.text)
    RCC_PLLConfig                            0x080065eb   Thumb Code    32  stm32f4xx_rcc.o(.text)
    RCC_PLLCmd                               0x0800660b   Thumb Code     6  stm32f4xx_rcc.o(.text)
    RCC_PLLI2SConfig                         0x08006611   Thumb Code    14  stm32f4xx_rcc.o(.text)
    RCC_PLLI2SCmd                            0x0800661f   Thumb Code     6  stm32f4xx_rcc.o(.text)
    RCC_PLLSAIConfig                         0x08006625   Thumb Code    20  stm32f4xx_rcc.o(.text)
    RCC_PLLSAICmd                            0x08006639   Thumb Code     6  stm32f4xx_rcc.o(.text)
    RCC_ClockSecuritySystemCmd               0x0800663f   Thumb Code     6  stm32f4xx_rcc.o(.text)
    RCC_MCO1Config                           0x08006645   Thumb Code    28  stm32f4xx_rcc.o(.text)
    RCC_MCO2Config                           0x08006661   Thumb Code    28  stm32f4xx_rcc.o(.text)
    RCC_SYSCLKConfig                         0x0800667d   Thumb Code    20  stm32f4xx_rcc.o(.text)
    RCC_GetSYSCLKSource                      0x08006691   Thumb Code    12  stm32f4xx_rcc.o(.text)
    RCC_HCLKConfig                           0x0800669d   Thumb Code    20  stm32f4xx_rcc.o(.text)
    RCC_PCLK1Config                          0x080066b1   Thumb Code    20  stm32f4xx_rcc.o(.text)
    RCC_PCLK2Config                          0x080066c5   Thumb Code    22  stm32f4xx_rcc.o(.text)
    RCC_GetClocksFreq                        0x080066db   Thumb Code   222  stm32f4xx_rcc.o(.text)
    RCC_RTCCLKConfig                         0x080067b9   Thumb Code    54  stm32f4xx_rcc.o(.text)
    RCC_RTCCLKCmd                            0x080067ef   Thumb Code     8  stm32f4xx_rcc.o(.text)
    RCC_BackupResetCmd                       0x080067f7   Thumb Code     8  stm32f4xx_rcc.o(.text)
    RCC_I2SCLKConfig                         0x080067ff   Thumb Code     6  stm32f4xx_rcc.o(.text)
    RCC_SAIPLLI2SClkDivConfig                0x08006805   Thumb Code    26  stm32f4xx_rcc.o(.text)
    RCC_SAIPLLSAIClkDivConfig                0x0800681f   Thumb Code    28  stm32f4xx_rcc.o(.text)
    RCC_SAIBlockACLKConfig                   0x0800683b   Thumb Code    20  stm32f4xx_rcc.o(.text)
    RCC_SAIBlockBCLKConfig                   0x0800684f   Thumb Code    20  stm32f4xx_rcc.o(.text)
    RCC_LTDCCLKDivConfig                     0x08006863   Thumb Code    20  stm32f4xx_rcc.o(.text)
    RCC_TIMCLKPresConfig                     0x08006877   Thumb Code     6  stm32f4xx_rcc.o(.text)
    RCC_AHB1PeriphClockCmd                   0x0800687d   Thumb Code    34  stm32f4xx_rcc.o(.text)
    RCC_AHB2PeriphClockCmd                   0x0800689f   Thumb Code    78  stm32f4xx_rcc.o(.text)
    RCC_AHB3PeriphClockCmd                   0x080068ed   Thumb Code    34  stm32f4xx_rcc.o(.text)
    RCC_APB1PeriphClockCmd                   0x0800690f   Thumb Code    34  stm32f4xx_rcc.o(.text)
    RCC_APB2PeriphClockCmd                   0x08006931   Thumb Code    34  stm32f4xx_rcc.o(.text)
    RCC_AHB1PeriphResetCmd                   0x08006953   Thumb Code    34  stm32f4xx_rcc.o(.text)
    RCC_AHB2PeriphResetCmd                   0x08006975   Thumb Code    34  stm32f4xx_rcc.o(.text)
    RCC_AHB3PeriphResetCmd                   0x08006997   Thumb Code    34  stm32f4xx_rcc.o(.text)
    RCC_APB1PeriphResetCmd                   0x080069b9   Thumb Code    34  stm32f4xx_rcc.o(.text)
    RCC_APB2PeriphResetCmd                   0x080069db   Thumb Code    34  stm32f4xx_rcc.o(.text)
    RCC_AHB1PeriphClockLPModeCmd             0x080069fd   Thumb Code    34  stm32f4xx_rcc.o(.text)
    RCC_AHB2PeriphClockLPModeCmd             0x08006a1f   Thumb Code    34  stm32f4xx_rcc.o(.text)
    RCC_AHB3PeriphClockLPModeCmd             0x08006a41   Thumb Code    34  stm32f4xx_rcc.o(.text)
    RCC_APB1PeriphClockLPModeCmd             0x08006a63   Thumb Code    34  stm32f4xx_rcc.o(.text)
    RCC_APB2PeriphClockLPModeCmd             0x08006a85   Thumb Code    34  stm32f4xx_rcc.o(.text)
    RCC_LSEModeConfig                        0x08006aa7   Thumb Code    40  stm32f4xx_rcc.o(.text)
    RCC_ITConfig                             0x08006acf   Thumb Code    34  stm32f4xx_rcc.o(.text)
    RCC_ClearFlag                            0x08006af1   Thumb Code    18  stm32f4xx_rcc.o(.text)
    RCC_GetITStatus                          0x08006b03   Thumb Code    22  stm32f4xx_rcc.o(.text)
    RCC_ClearITPendingBit                    0x08006b19   Thumb Code     8  stm32f4xx_rcc.o(.text)
    USART_DeInit                             0x08006b25   Thumb Code   206  stm32f4xx_usart.o(.text)
    USART_Init                               0x08006bf3   Thumb Code   204  stm32f4xx_usart.o(.text)
    USART_StructInit                         0x08006cbf   Thumb Code    24  stm32f4xx_usart.o(.text)
    USART_ClockInit                          0x08006cd7   Thumb Code    32  stm32f4xx_usart.o(.text)
    USART_ClockStructInit                    0x08006cf7   Thumb Code    12  stm32f4xx_usart.o(.text)
    USART_Cmd                                0x08006d03   Thumb Code    24  stm32f4xx_usart.o(.text)
    USART_SetPrescaler                       0x08006d1b   Thumb Code    16  stm32f4xx_usart.o(.text)
    USART_OverSampling8Cmd                   0x08006d2b   Thumb Code    22  stm32f4xx_usart.o(.text)
    USART_OneBitMethodCmd                    0x08006d41   Thumb Code    24  stm32f4xx_usart.o(.text)
    USART_SendData                           0x08006d59   Thumb Code     8  stm32f4xx_usart.o(.text)
    USART_ReceiveData                        0x08006d61   Thumb Code    10  stm32f4xx_usart.o(.text)
    USART_SetAddress                         0x08006d6b   Thumb Code    18  stm32f4xx_usart.o(.text)
    USART_ReceiverWakeUpCmd                  0x08006d7d   Thumb Code    24  stm32f4xx_usart.o(.text)
    USART_WakeUpConfig                       0x08006d95   Thumb Code    18  stm32f4xx_usart.o(.text)
    USART_LINBreakDetectLengthConfig         0x08006da7   Thumb Code    18  stm32f4xx_usart.o(.text)
    USART_LINCmd                             0x08006db9   Thumb Code    24  stm32f4xx_usart.o(.text)
    USART_SendBreak                          0x08006dd1   Thumb Code    10  stm32f4xx_usart.o(.text)
    USART_HalfDuplexCmd                      0x08006ddb   Thumb Code    24  stm32f4xx_usart.o(.text)
    USART_SetGuardTime                       0x08006df3   Thumb Code    16  stm32f4xx_usart.o(.text)
    USART_SmartCardCmd                       0x08006e03   Thumb Code    24  stm32f4xx_usart.o(.text)
    USART_SmartCardNACKCmd                   0x08006e1b   Thumb Code    24  stm32f4xx_usart.o(.text)
    USART_IrDAConfig                         0x08006e33   Thumb Code    18  stm32f4xx_usart.o(.text)
    USART_IrDACmd                            0x08006e45   Thumb Code    24  stm32f4xx_usart.o(.text)
    USART_DMACmd                             0x08006e5d   Thumb Code    18  stm32f4xx_usart.o(.text)
    USART_ITConfig                           0x08006e6f   Thumb Code    74  stm32f4xx_usart.o(.text)
    USART_GetFlagStatus                      0x08006eb9   Thumb Code    26  stm32f4xx_usart.o(.text)
    USART_ClearFlag                          0x08006ed3   Thumb Code    18  stm32f4xx_usart.o(.text)
    USART_GetITStatus                        0x08006ee5   Thumb Code   118  stm32f4xx_usart.o(.text)
    USART_ClearITPendingBit                  0x08006f5b   Thumb Code    30  stm32f4xx_usart.o(.text)
    RTC_WaitForSynchro                       0x08006f79   Thumb Code    92  stm32f4xx_rtc.o(.text)
    RTC_EnterInitMode                        0x08006fd5   Thumb Code    84  stm32f4xx_rtc.o(.text)
    RTC_DeInit                               0x08007029   Thumb Code   204  stm32f4xx_rtc.o(.text)
    RTC_ExitInitMode                         0x080070f5   Thumb Code    18  stm32f4xx_rtc.o(.text)
    RTC_Init                                 0x08007107   Thumb Code    94  stm32f4xx_rtc.o(.text)
    RTC_StructInit                           0x08007165   Thumb Code    14  stm32f4xx_rtc.o(.text)
    RTC_WriteProtectionCmd                   0x08007173   Thumb Code    22  stm32f4xx_rtc.o(.text)
    RTC_RefClockCmd                          0x08007189   Thumb Code    76  stm32f4xx_rtc.o(.text)
    RTC_BypassShadowCmd                      0x080071d5   Thumb Code    54  stm32f4xx_rtc.o(.text)
    RTC_SetTime                              0x0800723d   Thumb Code   200  stm32f4xx_rtc.o(.text)
    RTC_TimeStructInit                       0x08007305   Thumb Code    12  stm32f4xx_rtc.o(.text)
    RTC_GetTime                              0x08007311   Thumb Code    74  stm32f4xx_rtc.o(.text)
    RTC_GetSubSecond                         0x0800735b   Thumb Code    30  stm32f4xx_rtc.o(.text)
    RTC_SetDate                              0x08007379   Thumb Code   190  stm32f4xx_rtc.o(.text)
    RTC_DateStructInit                       0x08007437   Thumb Code    14  stm32f4xx_rtc.o(.text)
    RTC_GetDate                              0x08007445   Thumb Code    70  stm32f4xx_rtc.o(.text)
    RTC_SetAlarm                             0x0800748b   Thumb Code   230  stm32f4xx_rtc.o(.text)
    RTC_AlarmStructInit                      0x08007571   Thumb Code    22  stm32f4xx_rtc.o(.text)
    RTC_GetAlarm                             0x08007587   Thumb Code   114  stm32f4xx_rtc.o(.text)
    RTC_AlarmCmd                             0x080075f9   Thumb Code   112  stm32f4xx_rtc.o(.text)
    RTC_AlarmSubSecondConfig                 0x08007669   Thumb Code    46  stm32f4xx_rtc.o(.text)
    RTC_GetAlarmSubSecond                    0x08007697   Thumb Code    34  stm32f4xx_rtc.o(.text)
    RTC_WakeUpClockConfig                    0x080076b9   Thumb Code    42  stm32f4xx_rtc.o(.text)
    RTC_SetWakeUpCounter                     0x080076e3   Thumb Code    22  stm32f4xx_rtc.o(.text)
    RTC_GetWakeUpCounter                     0x080076f9   Thumb Code    10  stm32f4xx_rtc.o(.text)
    RTC_WakeUpCmd                            0x08007703   Thumb Code   116  stm32f4xx_rtc.o(.text)
    RTC_DayLightSavingConfig                 0x08007777   Thumb Code    50  stm32f4xx_rtc.o(.text)
    RTC_GetStoreOperation                    0x080077a9   Thumb Code    12  stm32f4xx_rtc.o(.text)
    RTC_OutputConfig                         0x080077b5   Thumb Code    60  stm32f4xx_rtc.o(.text)
    RTC_CoarseCalibConfig                    0x080077f1   Thumb Code    52  stm32f4xx_rtc.o(.text)
    RTC_CoarseCalibCmd                       0x08007825   Thumb Code    76  stm32f4xx_rtc.o(.text)
    RTC_CalibOutputCmd                       0x08007871   Thumb Code    54  stm32f4xx_rtc.o(.text)
    RTC_CalibOutputConfig                    0x080078a7   Thumb Code    42  stm32f4xx_rtc.o(.text)
    RTC_SmoothCalibConfig                    0x080078d1   Thumb Code    90  stm32f4xx_rtc.o(.text)
    RTC_TimeStampCmd                         0x0800792b   Thumb Code    54  stm32f4xx_rtc.o(.text)
    RTC_GetTimeStamp                         0x08007961   Thumb Code   144  stm32f4xx_rtc.o(.text)
    RTC_GetTimeStampSubSecond                0x080079f1   Thumb Code     8  stm32f4xx_rtc.o(.text)
    RTC_TamperTriggerConfig                  0x080079f9   Thumb Code    38  stm32f4xx_rtc.o(.text)
    RTC_TamperCmd                            0x08007a1f   Thumb Code    34  stm32f4xx_rtc.o(.text)
    RTC_TamperFilterConfig                   0x08007a41   Thumb Code    26  stm32f4xx_rtc.o(.text)
    RTC_TamperSamplingFreqConfig             0x08007a5b   Thumb Code    26  stm32f4xx_rtc.o(.text)
    RTC_TamperPinsPrechargeDuration          0x08007a75   Thumb Code    26  stm32f4xx_rtc.o(.text)
    RTC_TimeStampOnTamperDetectionCmd        0x08007a8f   Thumb Code    38  stm32f4xx_rtc.o(.text)
    RTC_TamperPullUpCmd                      0x08007ab5   Thumb Code    38  stm32f4xx_rtc.o(.text)
    RTC_WriteBackupRegister                  0x08007adb   Thumb Code    26  stm32f4xx_rtc.o(.text)
    RTC_ReadBackupRegister                   0x08007af5   Thumb Code    28  stm32f4xx_rtc.o(.text)
    RTC_TamperPinSelection                   0x08007b11   Thumb Code    26  stm32f4xx_rtc.o(.text)
    RTC_TimeStampPinSelection                0x08007b2b   Thumb Code    26  stm32f4xx_rtc.o(.text)
    RTC_OutputTypeConfig                     0x08007b45   Thumb Code    26  stm32f4xx_rtc.o(.text)
    RTC_SynchroShiftConfig                   0x08007b5f   Thumb Code   130  stm32f4xx_rtc.o(.text)
    RTC_ITConfig                             0x08007be1   Thumb Code    94  stm32f4xx_rtc.o(.text)
    RTC_GetFlagStatus                        0x08007c3f   Thumb Code    34  stm32f4xx_rtc.o(.text)
    RTC_ClearFlag                            0x08007c61   Thumb Code    28  stm32f4xx_rtc.o(.text)
    RTC_GetITStatus                          0x08007c7d   Thumb Code    60  stm32f4xx_rtc.o(.text)
    RTC_ClearITPendingBit                    0x08007cb9   Thumb Code    32  stm32f4xx_rtc.o(.text)
    TIM_DeInit                               0x08007ce1   Thumb Code   346  stm32f4xx_tim.o(.text)
    TIM_TimeBaseInit                         0x08007e3b   Thumb Code   104  stm32f4xx_tim.o(.text)
    TIM_TimeBaseStructInit                   0x08007ea3   Thumb Code    18  stm32f4xx_tim.o(.text)
    TIM_PrescalerConfig                      0x08007eb5   Thumb Code     6  stm32f4xx_tim.o(.text)
    TIM_CounterModeConfig                    0x08007ebb   Thumb Code    18  stm32f4xx_tim.o(.text)
    TIM_SetCounter                           0x08007ecd   Thumb Code     4  stm32f4xx_tim.o(.text)
    TIM_SetAutoreload                        0x08007ed1   Thumb Code     4  stm32f4xx_tim.o(.text)
    TIM_GetCounter                           0x08007ed5   Thumb Code     6  stm32f4xx_tim.o(.text)
    TIM_GetPrescaler                         0x08007edb   Thumb Code     6  stm32f4xx_tim.o(.text)
    TIM_UpdateDisableConfig                  0x08007ee1   Thumb Code    24  stm32f4xx_tim.o(.text)
    TIM_UpdateRequestConfig                  0x08007ef9   Thumb Code    24  stm32f4xx_tim.o(.text)
    TIM_ARRPreloadConfig                     0x08007f11   Thumb Code    24  stm32f4xx_tim.o(.text)
    TIM_SelectOnePulseMode                   0x08007f29   Thumb Code    18  stm32f4xx_tim.o(.text)
    TIM_SetClockDivision                     0x08007f3b   Thumb Code    18  stm32f4xx_tim.o(.text)
    TIM_Cmd                                  0x08007f4d   Thumb Code    24  stm32f4xx_tim.o(.text)
    TIM_OC1Init                              0x08007f65   Thumb Code   114  stm32f4xx_tim.o(.text)
    TIM_OC2Init                              0x08007fd7   Thumb Code   154  stm32f4xx_tim.o(.text)
    TIM_OC3Init                              0x08008071   Thumb Code   204  stm32f4xx_tim.o(.text)
    TIM_OC4Init                              0x0800813d   Thumb Code   112  stm32f4xx_tim.o(.text)
    TIM_OCStructInit                         0x080081ad   Thumb Code    20  stm32f4xx_tim.o(.text)
    TIM_SelectOCxM                           0x080081c1   Thumb Code    86  stm32f4xx_tim.o(.text)
    TIM_SetCompare1                          0x08008217   Thumb Code     4  stm32f4xx_tim.o(.text)
    TIM_SetCompare2                          0x0800821b   Thumb Code     4  stm32f4xx_tim.o(.text)
    TIM_SetCompare3                          0x0800821f   Thumb Code     4  stm32f4xx_tim.o(.text)
    TIM_SetCompare4                          0x08008223   Thumb Code     4  stm32f4xx_tim.o(.text)
    TIM_ForcedOC1Config                      0x08008227   Thumb Code    18  stm32f4xx_tim.o(.text)
    TIM_ForcedOC2Config                      0x08008239   Thumb Code    26  stm32f4xx_tim.o(.text)
    TIM_ForcedOC3Config                      0x08008253   Thumb Code    18  stm32f4xx_tim.o(.text)
    TIM_ForcedOC4Config                      0x08008265   Thumb Code    26  stm32f4xx_tim.o(.text)
    TIM_OC1PreloadConfig                     0x0800827f   Thumb Code    18  stm32f4xx_tim.o(.text)
    TIM_OC2PreloadConfig                     0x08008291   Thumb Code    26  stm32f4xx_tim.o(.text)
    TIM_OC3PreloadConfig                     0x080082ab   Thumb Code    18  stm32f4xx_tim.o(.text)
    TIM_OC4PreloadConfig                     0x080082bd   Thumb Code    26  stm32f4xx_tim.o(.text)
    TIM_OC1FastConfig                        0x080082d7   Thumb Code    18  stm32f4xx_tim.o(.text)
    TIM_OC2FastConfig                        0x080082e9   Thumb Code    26  stm32f4xx_tim.o(.text)
    TIM_OC3FastConfig                        0x08008303   Thumb Code    18  stm32f4xx_tim.o(.text)
    TIM_OC4FastConfig                        0x08008315   Thumb Code    26  stm32f4xx_tim.o(.text)
    TIM_ClearOC1Ref                          0x0800832f   Thumb Code    18  stm32f4xx_tim.o(.text)
    TIM_ClearOC2Ref                          0x08008341   Thumb Code    24  stm32f4xx_tim.o(.text)
    TIM_ClearOC3Ref                          0x08008359   Thumb Code    18  stm32f4xx_tim.o(.text)
    TIM_ClearOC4Ref                          0x0800836b   Thumb Code    24  stm32f4xx_tim.o(.text)
    TIM_OC1PolarityConfig                    0x08008383   Thumb Code    18  stm32f4xx_tim.o(.text)
    TIM_OC1NPolarityConfig                   0x08008395   Thumb Code    18  stm32f4xx_tim.o(.text)
    TIM_OC2PolarityConfig                    0x080083a7   Thumb Code    26  stm32f4xx_tim.o(.text)
    TIM_OC2NPolarityConfig                   0x080083c1   Thumb Code    26  stm32f4xx_tim.o(.text)
    TIM_OC3PolarityConfig                    0x080083db   Thumb Code    26  stm32f4xx_tim.o(.text)
    TIM_OC3NPolarityConfig                   0x080083f5   Thumb Code    26  stm32f4xx_tim.o(.text)
    TIM_OC4PolarityConfig                    0x0800840f   Thumb Code    26  stm32f4xx_tim.o(.text)
    TIM_CCxCmd                               0x08008429   Thumb Code    30  stm32f4xx_tim.o(.text)
    TIM_CCxNCmd                              0x08008447   Thumb Code    30  stm32f4xx_tim.o(.text)
    TIM_SetIC4Prescaler                      0x08008465   Thumb Code    26  stm32f4xx_tim.o(.text)
    TIM_SetIC3Prescaler                      0x080084cf   Thumb Code    18  stm32f4xx_tim.o(.text)
    TIM_SetIC2Prescaler                      0x08008529   Thumb Code    26  stm32f4xx_tim.o(.text)
    TIM_SetIC1Prescaler                      0x0800859d   Thumb Code    18  stm32f4xx_tim.o(.text)
    TIM_ICInit                               0x080085e9   Thumb Code   110  stm32f4xx_tim.o(.text)
    TIM_ICStructInit                         0x08008657   Thumb Code    18  stm32f4xx_tim.o(.text)
    TIM_PWMIConfig                           0x08008669   Thumb Code   124  stm32f4xx_tim.o(.text)
    TIM_GetCapture1                          0x080086e5   Thumb Code     6  stm32f4xx_tim.o(.text)
    TIM_GetCapture2                          0x080086eb   Thumb Code     6  stm32f4xx_tim.o(.text)
    TIM_GetCapture3                          0x080086f1   Thumb Code     6  stm32f4xx_tim.o(.text)
    TIM_GetCapture4                          0x080086f7   Thumb Code     6  stm32f4xx_tim.o(.text)
    TIM_BDTRConfig                           0x080086fd   Thumb Code    32  stm32f4xx_tim.o(.text)
    TIM_BDTRStructInit                       0x0800871d   Thumb Code    18  stm32f4xx_tim.o(.text)
    TIM_CtrlPWMOutputs                       0x0800872f   Thumb Code    30  stm32f4xx_tim.o(.text)
    TIM_SelectCOM                            0x0800874d   Thumb Code    24  stm32f4xx_tim.o(.text)
    TIM_CCPreloadControl                     0x08008765   Thumb Code    24  stm32f4xx_tim.o(.text)
    TIM_ITConfig                             0x0800877d   Thumb Code    18  stm32f4xx_tim.o(.text)
    TIM_GenerateEvent                        0x0800878f   Thumb Code     4  stm32f4xx_tim.o(.text)
    TIM_GetFlagStatus                        0x08008793   Thumb Code    18  stm32f4xx_tim.o(.text)
    TIM_ClearFlag                            0x080087a5   Thumb Code     6  stm32f4xx_tim.o(.text)
    TIM_GetITStatus                          0x080087ab   Thumb Code    34  stm32f4xx_tim.o(.text)
    TIM_ClearITPendingBit                    0x080087cd   Thumb Code     6  stm32f4xx_tim.o(.text)
    TIM_DMAConfig                            0x080087d3   Thumb Code    10  stm32f4xx_tim.o(.text)
    TIM_DMACmd                               0x080087dd   Thumb Code    18  stm32f4xx_tim.o(.text)
    TIM_SelectCCDMA                          0x080087ef   Thumb Code    24  stm32f4xx_tim.o(.text)
    TIM_InternalClockConfig                  0x08008807   Thumb Code    12  stm32f4xx_tim.o(.text)
    TIM_SelectInputTrigger                   0x08008813   Thumb Code    18  stm32f4xx_tim.o(.text)
    TIM_ITRxExternalClockConfig              0x08008825   Thumb Code    24  stm32f4xx_tim.o(.text)
    TIM_TIxExternalClockConfig               0x0800883d   Thumb Code    62  stm32f4xx_tim.o(.text)
    TIM_ETRConfig                            0x0800887b   Thumb Code    28  stm32f4xx_tim.o(.text)
    TIM_ETRClockMode1Config                  0x08008897   Thumb Code    54  stm32f4xx_tim.o(.text)
    TIM_ETRClockMode2Config                  0x080088cd   Thumb Code    32  stm32f4xx_tim.o(.text)
    TIM_SelectOutputTrigger                  0x080088ed   Thumb Code    18  stm32f4xx_tim.o(.text)
    TIM_SelectSlaveMode                      0x080088ff   Thumb Code    18  stm32f4xx_tim.o(.text)
    TIM_SelectMasterSlaveMode                0x08008911   Thumb Code    18  stm32f4xx_tim.o(.text)
    TIM_EncoderInterfaceConfig               0x08008923   Thumb Code    66  stm32f4xx_tim.o(.text)
    TIM_SelectHallSensor                     0x08008965   Thumb Code    24  stm32f4xx_tim.o(.text)
    TIM_RemapConfig                          0x0800897d   Thumb Code     6  stm32f4xx_tim.o(.text)
    EXTI_DeInit                              0x08008985   Thumb Code    28  stm32f4xx_exti.o(.text)
    EXTI_Init                                0x080089a1   Thumb Code   142  stm32f4xx_exti.o(.text)
    EXTI_StructInit                          0x08008a2f   Thumb Code    16  stm32f4xx_exti.o(.text)
    EXTI_GenerateSWInterrupt                 0x08008a3f   Thumb Code    16  stm32f4xx_exti.o(.text)
    EXTI_GetFlagStatus                       0x08008a4f   Thumb Code    22  stm32f4xx_exti.o(.text)
    EXTI_ClearFlag                           0x08008a65   Thumb Code     8  stm32f4xx_exti.o(.text)
    EXTI_GetITStatus                         0x08008a6d   Thumb Code    22  stm32f4xx_exti.o(.text)
    EXTI_ClearITPendingBit                   0x08008a83   Thumb Code     8  stm32f4xx_exti.o(.text)
    PWR_DeInit                               0x08008a95   Thumb Code    22  stm32f4xx_pwr.o(.text)
    PWR_BackupAccessCmd                      0x08008aab   Thumb Code     6  stm32f4xx_pwr.o(.text)
    PWR_PVDLevelConfig                       0x08008ab1   Thumb Code    18  stm32f4xx_pwr.o(.text)
    PWR_PVDCmd                               0x08008ac3   Thumb Code     6  stm32f4xx_pwr.o(.text)
    PWR_WakeUpPinCmd                         0x08008ac9   Thumb Code     8  stm32f4xx_pwr.o(.text)
    PWR_BackupRegulatorCmd                   0x08008ad1   Thumb Code     8  stm32f4xx_pwr.o(.text)
    PWR_MainRegulatorModeConfig              0x08008ad9   Thumb Code    18  stm32f4xx_pwr.o(.text)
    PWR_OverDriveCmd                         0x08008aeb   Thumb Code     6  stm32f4xx_pwr.o(.text)
    PWR_OverDriveSWCmd                       0x08008af1   Thumb Code     6  stm32f4xx_pwr.o(.text)
    PWR_UnderDriveCmd                        0x08008af7   Thumb Code    30  stm32f4xx_pwr.o(.text)
    PWR_MainRegulatorLowVoltageCmd           0x08008b15   Thumb Code    18  stm32f4xx_pwr.o(.text)
    PWR_LowRegulatorLowVoltageCmd            0x08008b27   Thumb Code    18  stm32f4xx_pwr.o(.text)
    PWR_FlashPowerDownCmd                    0x08008b39   Thumb Code     6  stm32f4xx_pwr.o(.text)
    PWR_EnterSTOPMode                        0x08008b3f   Thumb Code    58  stm32f4xx_pwr.o(.text)
    PWR_EnterUnderDriveSTOPMode              0x08008b79   Thumb Code    58  stm32f4xx_pwr.o(.text)
    PWR_EnterSTANDBYMode                     0x08008bb3   Thumb Code    32  stm32f4xx_pwr.o(.text)
    PWR_GetFlagStatus                        0x08008bd3   Thumb Code    20  stm32f4xx_pwr.o(.text)
    PWR_ClearFlag                            0x08008be7   Thumb Code    14  stm32f4xx_pwr.o(.text)
    usmart_sys_cmd_exe                       0x08008c01   Thumb Code  1554  usmart.o(.text)
    usmart_reset_runtime                     0x08009213   Thumb Code    38  usmart.o(.text)
    usmart_get_runtime                       0x08009239   Thumb Code    60  usmart.o(.text)
    TIM4_IRQHandler                          0x08009275   Thumb Code    46  usmart.o(.text)
    Timer4_Init                              0x080092a3   Thumb Code    86  usmart.o(.text)
    usmart_init                              0x080092f9   Thumb Code    36  usmart.o(.text)
    usmart_cmd_rec                           0x0800931d   Thumb Code   170  usmart.o(.text)
    usmart_exe                               0x080093c7   Thumb Code   868  usmart.o(.text)
    usmart_scan                              0x0800972b   Thumb Code   120  usmart.o(.text)
    read_addr                                0x080097a3   Thumb Code     6  usmart.o(.text)
    write_addr                               0x080097a9   Thumb Code     4  usmart.o(.text)
    usmart_strcmp                            0x08009835   Thumb Code    34  usmart_str.o(.text)
    usmart_strcopy                           0x08009857   Thumb Code    22  usmart_str.o(.text)
    usmart_strlen                            0x0800986d   Thumb Code    24  usmart_str.o(.text)
    usmart_pow                               0x08009885   Thumb Code    22  usmart_str.o(.text)
    usmart_str2num                           0x0800989b   Thumb Code   202  usmart_str.o(.text)
    usmart_get_cmdname                       0x08009965   Thumb Code    54  usmart_str.o(.text)
    usmart_search_nextc                      0x0800999b   Thumb Code    22  usmart_str.o(.text)
    usmart_get_fname                         0x080099b1   Thumb Code   440  usmart_str.o(.text)
    usmart_get_aparm                         0x08009b69   Thumb Code   200  usmart_str.o(.text)
    usmart_get_parmpos                       0x08009c31   Thumb Code    26  usmart_str.o(.text)
    usmart_get_fparam                        0x08009c4b   Thumb Code   262  usmart_str.o(.text)
    __use_no_semihosting                     0x08009d5d   Thumb Code     2  use_no_semi_2.o(.text)
    __2printf                                0x08009d61   Thumb Code    20  noretval__2printf.o(.text)
    __2sprintf                               0x08009d79   Thumb Code    34  noretval__2sprintf.o(.text)
    _printf_pre_padding                      0x08009da1   Thumb Code    44  _printf_pad.o(.text)
    _printf_post_padding                     0x08009dcd   Thumb Code    34  _printf_pad.o(.text)
    _printf_str                              0x08009def   Thumb Code    82  _printf_str.o(.text)
    _printf_int_dec                          0x08009e41   Thumb Code   104  _printf_dec.o(.text)
    _printf_int_hex                          0x08009eb9   Thumb Code    84  _printf_hex_int.o(.text)
    _printf_longlong_hex                     0x08009eb9   Thumb Code     0  _printf_hex_int.o(.text)
    __printf                                 0x08009f11   Thumb Code   388  __printf_flags_ss_wp.o(.text)
    __use_two_region_memory                  0x0800a099   Thumb Code     2  heapauxi.o(.text)
    __rt_heap_escrow$2region                 0x0800a09b   Thumb Code     2  heapauxi.o(.text)
    __rt_heap_expand$2region                 0x0800a09d   Thumb Code     2  heapauxi.o(.text)
    __I$use$semihosting                      0x0800a09f   Thumb Code     0  use_no_semi.o(.text)
    __use_no_semihosting_swi                 0x0800a09f   Thumb Code     2  use_no_semi.o(.text)
    _printf_int_common                       0x0800a0a1   Thumb Code   178  _printf_intcommon.o(.text)
    _printf_char_common                      0x0800a15f   Thumb Code    32  _printf_char_common.o(.text)
    _sputc                                   0x0800a185   Thumb Code    10  _sputc.o(.text)
    _printf_cs_common                        0x0800a18f   Thumb Code    20  _printf_char.o(.text)
    _printf_char                             0x0800a1a3   Thumb Code    16  _printf_char.o(.text)
    _printf_string                           0x0800a1b3   Thumb Code     8  _printf_char.o(.text)
    _printf_char_file                        0x0800a1bd   Thumb Code    32  _printf_char_file.o(.text)
    ferror                                   0x0800a1e1   Thumb Code     8  ferror.o(.text)
    __user_setup_stackheap                   0x0800a1e9   Thumb Code    74  sys_stackheap_outer.o(.text)
    exit                                     0x0800a233   Thumb Code    12  exit.o(.text)
    __user_libspace                          0x0800a241   Thumb Code     8  libspace.o(.text)
    __user_perproc_libspace                  0x0800a241   Thumb Code     0  libspace.o(.text)
    __user_perthread_libspace                0x0800a241   Thumb Code     0  libspace.o(.text)
    _is_digit                                0x0800a249   Thumb Code    14  __printf_wp.o(i._is_digit)
    __aeabi_d2uiz                            0x0800a259   Thumb Code     0  dfixu.o(x$fpl$dfixu)
    _dfixu                                   0x0800a259   Thumb Code    90  dfixu.o(x$fpl$dfixu)
    __aeabi_ui2d                             0x0800a2b3   Thumb Code     0  dflt_clz.o(x$fpl$dfltu)
    _dfltu                                   0x0800a2b3   Thumb Code    38  dflt_clz.o(x$fpl$dfltu)
    __aeabi_dmul                             0x0800a2d9   Thumb Code     0  dmul.o(x$fpl$dmul)
    _dmul                                    0x0800a2d9   Thumb Code   332  dmul.o(x$fpl$dmul)
    __fpl_dnaninf                            0x0800a42d   Thumb Code   156  dnaninf.o(x$fpl$dnaninf)
    __fpl_dretinf                            0x0800a4c9   Thumb Code    12  dretinf.o(x$fpl$dretinf)
    _fp_init                                 0x0800a4d5   Thumb Code    10  fpinit.o(x$fpl$fpinit)
    __fplib_config_fpu_vfp                   0x0800a4dd   Thumb Code     0  fpinit.o(x$fpl$fpinit)
    __fplib_config_pureend_doubles           0x0800a4dd   Thumb Code     0  fpinit.o(x$fpl$fpinit)
    __I$use$fp                               0x0800a4de   Number         0  usenofp.o(x$fpl$usenofp)
    asc2_1206                                0x0800a4ec   Data        1140  lcd.o(.constdata)
    asc2_1608                                0x0800a960   Data        1520  lcd.o(.constdata)
    asc2_2412                                0x0800af50   Data        3420  lcd.o(.constdata)
    FSMC_DefaultTimingStruct                 0x0800bcac   Data          28  stm32f4xx_fsmc.o(.constdata)
    Region$$Table$$Base                      0x0800be58   Number         0  anon$$obj.o(Region$$Table)
    Region$$Table$$Limit                     0x0800be78   Number         0  anon$$obj.o(Region$$Table)
    SystemCoreClock                          0x20000000   Data           4  system_stm32f4xx.o(.data)
    AHBPrescTable                            0x20000004   Data          16  system_stm32f4xx.o(.data)
    POINT_COLOR                              0x20000014   Data           2  lcd.o(.data)
    BACK_COLOR                               0x20000016   Data           2  lcd.o(.data)
    NVIC_InitStructure                       0x20000018   Data           4  rtc.o(.data)
    __stdout                                 0x2000002c   Data           4  usart.o(.data)
    USART_RX_STA                             0x20000030   Data           2  usart.o(.data)
    sys_cmd_tab                              0x20000044   Data          28  usmart.o(.data)
    usmart_nametab                           0x20000060   Data          64  usmart_config.o(.data)
    usmart_dev                               0x200000a0   Data         244  usmart_config.o(.data)
    lcddev                                   0x20000194   Data          14  lcd.o(.bss)
    USART_RX_BUF                             0x200001a2   Data         200  usart.o(.bss)
    __libspace_start                         0x2000026c   Data          96  libspace.o(.bss)
    __temporary_stack_top$libspace           0x200002cc   Data           0  libspace.o(.bss)



==============================================================================

Memory Map of the image

  Image Entry point : 0x08000189

  Load Region LR_IROM1 (Base: 0x08000000, Size: 0x0000c00c, Max: 0x00100000, ABSOLUTE, COMPRESSED[0x0000bef4])

    Execution Region ER_IROM1 (Base: 0x08000000, Size: 0x0000be78, Max: 0x00100000, ABSOLUTE)

    Base Addr    Size         Type   Attr      Idx    E Section Name        Object

    0x08000000   0x00000188   Data   RO          503    RESET               startup_stm32f40_41xxx.o
    0x08000188   0x00000008   Code   RO          847  * !!!main             c_w.l(__main.o)
    0x08000190   0x00000034   Code   RO         1037    !!!scatter          c_w.l(__scatter.o)
    0x080001c4   0x0000005a   Code   RO         1035    !!dczerorl2         c_w.l(__dczerorl2.o)
    0x0800021e   0x00000002   PAD
    0x08000220   0x0000001c   Code   RO         1039    !!handler_zi        c_w.l(__scatter_zi.o)
    0x0800023c   0x00000000   Code   RO          844    .ARM.Collect$$_printf_percent$$00000000  c_w.l(_printf_percent.o)
    0x0800023c   0x00000006   Code   RO          842    .ARM.Collect$$_printf_percent$$00000009  c_w.l(_printf_d.o)
    0x08000242   0x00000006   Code   RO          843    .ARM.Collect$$_printf_percent$$0000000A  c_w.l(_printf_u.o)
    0x08000248   0x00000006   Code   RO          841    .ARM.Collect$$_printf_percent$$0000000C  c_w.l(_printf_x.o)
    0x0800024e   0x00000006   Code   RO          839    .ARM.Collect$$_printf_percent$$00000013  c_w.l(_printf_c.o)
    0x08000254   0x00000006   Code   RO          840    .ARM.Collect$$_printf_percent$$00000014  c_w.l(_printf_s.o)
    0x0800025a   0x00000004   Code   RO          874    .ARM.Collect$$_printf_percent$$00000017  c_w.l(_printf_percent_end.o)
    0x0800025e   0x00000002   Code   RO          910    .ARM.Collect$$libinit$$00000000  c_w.l(libinit.o)
    0x08000260   0x00000004   Code   RO          916    .ARM.Collect$$libinit$$00000001  c_w.l(libinit2.o)
    0x08000264   0x00000000   Code   RO          919    .ARM.Collect$$libinit$$00000004  c_w.l(libinit2.o)
    0x08000264   0x00000000   Code   RO          922    .ARM.Collect$$libinit$$0000000A  c_w.l(libinit2.o)
    0x08000264   0x00000000   Code   RO          924    .ARM.Collect$$libinit$$0000000C  c_w.l(libinit2.o)
    0x08000264   0x00000000   Code   RO          926    .ARM.Collect$$libinit$$0000000E  c_w.l(libinit2.o)
    0x08000264   0x00000000   Code   RO          929    .ARM.Collect$$libinit$$00000011  c_w.l(libinit2.o)
    0x08000264   0x00000000   Code   RO          931    .ARM.Collect$$libinit$$00000013  c_w.l(libinit2.o)
    0x08000264   0x00000000   Code   RO          933    .ARM.Collect$$libinit$$00000015  c_w.l(libinit2.o)
    0x08000264   0x00000000   Code   RO          935    .ARM.Collect$$libinit$$00000017  c_w.l(libinit2.o)
    0x08000264   0x00000000   Code   RO          937    .ARM.Collect$$libinit$$00000019  c_w.l(libinit2.o)
    0x08000264   0x00000000   Code   RO          939    .ARM.Collect$$libinit$$0000001B  c_w.l(libinit2.o)
    0x08000264   0x00000000   Code   RO          941    .ARM.Collect$$libinit$$0000001D  c_w.l(libinit2.o)
    0x08000264   0x00000000   Code   RO          943    .ARM.Collect$$libinit$$0000001F  c_w.l(libinit2.o)
    0x08000264   0x00000000   Code   RO          945    .ARM.Collect$$libinit$$00000021  c_w.l(libinit2.o)
    0x08000264   0x00000000   Code   RO          947    .ARM.Collect$$libinit$$00000023  c_w.l(libinit2.o)
    0x08000264   0x00000000   Code   RO          949    .ARM.Collect$$libinit$$00000025  c_w.l(libinit2.o)
    0x08000264   0x00000000   Code   RO          953    .ARM.Collect$$libinit$$0000002C  c_w.l(libinit2.o)
    0x08000264   0x00000000   Code   RO          955    .ARM.Collect$$libinit$$0000002E  c_w.l(libinit2.o)
    0x08000264   0x00000000   Code   RO          957    .ARM.Collect$$libinit$$00000030  c_w.l(libinit2.o)
    0x08000264   0x00000000   Code   RO          959    .ARM.Collect$$libinit$$00000032  c_w.l(libinit2.o)
    0x08000264   0x00000002   Code   RO          960    .ARM.Collect$$libinit$$00000033  c_w.l(libinit2.o)
    0x08000266   0x00000002   Code   RO          978    .ARM.Collect$$libshutdown$$00000000  c_w.l(libshutdown.o)
    0x08000268   0x00000000   Code   RO          989    .ARM.Collect$$libshutdown$$00000003  c_w.l(libshutdown2.o)
    0x08000268   0x00000000   Code   RO          992    .ARM.Collect$$libshutdown$$00000006  c_w.l(libshutdown2.o)
    0x08000268   0x00000000   Code   RO          995    .ARM.Collect$$libshutdown$$00000009  c_w.l(libshutdown2.o)
    0x08000268   0x00000000   Code   RO          997    .ARM.Collect$$libshutdown$$0000000B  c_w.l(libshutdown2.o)
    0x08000268   0x00000000   Code   RO         1000    .ARM.Collect$$libshutdown$$0000000E  c_w.l(libshutdown2.o)
    0x08000268   0x00000002   Code   RO         1001    .ARM.Collect$$libshutdown$$0000000F  c_w.l(libshutdown2.o)
    0x0800026a   0x00000000   Code   RO          863    .ARM.Collect$$rtentry$$00000000  c_w.l(__rtentry.o)
    0x0800026a   0x00000000   Code   RO          881    .ARM.Collect$$rtentry$$00000002  c_w.l(__rtentry2.o)
    0x0800026a   0x00000006   Code   RO          893    .ARM.Collect$$rtentry$$00000004  c_w.l(__rtentry4.o)
    0x08000270   0x00000000   Code   RO          883    .ARM.Collect$$rtentry$$00000009  c_w.l(__rtentry2.o)
    0x08000270   0x00000004   Code   RO          884    .ARM.Collect$$rtentry$$0000000A  c_w.l(__rtentry2.o)
    0x08000274   0x00000000   Code   RO          886    .ARM.Collect$$rtentry$$0000000C  c_w.l(__rtentry2.o)
    0x08000274   0x00000008   Code   RO          887    .ARM.Collect$$rtentry$$0000000D  c_w.l(__rtentry2.o)
    0x0800027c   0x00000002   Code   RO          914    .ARM.Collect$$rtexit$$00000000  c_w.l(rtexit.o)
    0x0800027e   0x00000000   Code   RO          962    .ARM.Collect$$rtexit$$00000002  c_w.l(rtexit2.o)
    0x0800027e   0x00000004   Code   RO          963    .ARM.Collect$$rtexit$$00000003  c_w.l(rtexit2.o)
    0x08000282   0x00000006   Code   RO          964    .ARM.Collect$$rtexit$$00000004  c_w.l(rtexit2.o)
    0x08000288   0x0000026c   Code   RO            3    .text               main.o
    0x080004f4   0x0000001a   Code   RO          180    .text               stm32f4xx_it.o
    0x0800050e   0x00000002   PAD
    0x08000510   0x00000210   Code   RO          229    .text               system_stm32f4xx.o
    0x08000720   0x00000040   Code   RO          255    .text               led.o
    0x08000760   0x00004c80   Code   RO          275    .text               lcd.o
    0x080053e0   0x00000254   Code   RO          313    .text               rtc.o
    0x08005634   0x00000044   Code   RO          336    .text               key.o
    0x08005678   0x00000068   Code   RO          356    .text               beep.o
    0x080056e0   0x000000a0   Code   RO          376    .text               timer.o
    0x08005780   0x0000017c   Code   RO          397    .text               user.o
    0x080058fc   0x00000104   Code   RO          432    .text               delay.o
    0x08005a00   0x0000014c   Code   RO          472    .text               usart.o
    0x08005b4c   0x00000040   Code   RO          504    .text               startup_stm32f40_41xxx.o
    0x08005b8c   0x000000e0   Code   RO          510    .text               misc.o
    0x08005c6c   0x00000294   Code   RO          530    .text               stm32f4xx_gpio.o
    0x08005f00   0x000005c8   Code   RO          550    .text               stm32f4xx_fsmc.o
    0x080064c8   0x0000065c   Code   RO          573    .text               stm32f4xx_rcc.o
    0x08006b24   0x00000454   Code   RO          615    .text               stm32f4xx_usart.o
    0x08006f78   0x00000d68   Code   RO          635    .text               stm32f4xx_rtc.o
    0x08007ce0   0x00000ca2   Code   RO          655    .text               stm32f4xx_tim.o
    0x08008982   0x00000002   PAD
    0x08008984   0x00000110   Code   RO          675    .text               stm32f4xx_exti.o
    0x08008a94   0x0000016c   Code   RO          695    .text               stm32f4xx_pwr.o
    0x08008c00   0x00000c34   Code   RO          715    .text               usmart.o
    0x08009834   0x00000528   Code   RO          760    .text               usmart_str.o
    0x08009d5c   0x00000002   Code   RO          780    .text               c_w.l(use_no_semi_2.o)
    0x08009d5e   0x00000002   PAD
    0x08009d60   0x00000018   Code   RO          786    .text               c_w.l(noretval__2printf.o)
    0x08009d78   0x00000028   Code   RO          788    .text               c_w.l(noretval__2sprintf.o)
    0x08009da0   0x0000004e   Code   RO          792    .text               c_w.l(_printf_pad.o)
    0x08009dee   0x00000052   Code   RO          794    .text               c_w.l(_printf_str.o)
    0x08009e40   0x00000078   Code   RO          796    .text               c_w.l(_printf_dec.o)
    0x08009eb8   0x00000058   Code   RO          801    .text               c_w.l(_printf_hex_int.o)
    0x08009f10   0x00000188   Code   RO          836    .text               c_w.l(__printf_flags_ss_wp.o)
    0x0800a098   0x00000006   Code   RO          845    .text               c_w.l(heapauxi.o)
    0x0800a09e   0x00000002   Code   RO          861    .text               c_w.l(use_no_semi.o)
    0x0800a0a0   0x000000b2   Code   RO          864    .text               c_w.l(_printf_intcommon.o)
    0x0800a152   0x00000002   PAD
    0x0800a154   0x00000030   Code   RO          866    .text               c_w.l(_printf_char_common.o)
    0x0800a184   0x0000000a   Code   RO          868    .text               c_w.l(_sputc.o)
    0x0800a18e   0x0000002c   Code   RO          870    .text               c_w.l(_printf_char.o)
    0x0800a1ba   0x00000002   PAD
    0x0800a1bc   0x00000024   Code   RO          872    .text               c_w.l(_printf_char_file.o)
    0x0800a1e0   0x00000008   Code   RO          897    .text               c_w.l(ferror.o)
    0x0800a1e8   0x0000004a   Code   RO          901    .text               c_w.l(sys_stackheap_outer.o)
    0x0800a232   0x0000000c   Code   RO          903    .text               c_w.l(exit.o)
    0x0800a23e   0x00000002   PAD
    0x0800a240   0x00000008   Code   RO          911    .text               c_w.l(libspace.o)
    0x0800a248   0x0000000e   Code   RO          829    i._is_digit         c_w.l(__printf_wp.o)
    0x0800a256   0x00000002   PAD
    0x0800a258   0x0000005a   Code   RO          849    x$fpl$dfixu         fz_wm.l(dfixu.o)
    0x0800a2b2   0x00000026   Code   RO          853    x$fpl$dfltu         fz_wm.l(dflt_clz.o)
    0x0800a2d8   0x00000154   Code   RO          859    x$fpl$dmul          fz_wm.l(dmul.o)
    0x0800a42c   0x0000009c   Code   RO          875    x$fpl$dnaninf       fz_wm.l(dnaninf.o)
    0x0800a4c8   0x0000000c   Code   RO          877    x$fpl$dretinf       fz_wm.l(dretinf.o)
    0x0800a4d4   0x0000000a   Code   RO          970    x$fpl$fpinit        fz_wm.l(fpinit.o)
    0x0800a4de   0x00000000   Code   RO          879    x$fpl$usenofp       fz_wm.l(usenofp.o)
    0x0800a4de   0x00000002   PAD
    0x0800a4e0   0x0000000c   Data   RO            4    .constdata          main.o
    0x0800a4ec   0x000017c0   Data   RO          277    .constdata          lcd.o
    0x0800bcac   0x0000001c   Data   RO          551    .constdata          stm32f4xx_fsmc.o
    0x0800bcc8   0x00000028   Data   RO          802    .constdata          c_w.l(_printf_hex_int.o)
    0x0800bcf0   0x00000011   Data   RO          837    .constdata          c_w.l(__printf_flags_ss_wp.o)
    0x0800bd01   0x00000003   PAD
    0x0800bd04   0x00000028   Data   RO          716    .conststring        usmart.o
    0x0800bd2c   0x0000012a   Data   RO          739    .conststring        usmart_config.o
    0x0800be56   0x00000002   PAD
    0x0800be58   0x00000020   Data   RO         1033    Region$$Table       anon$$obj.o


    Execution Region RW_IRAM1 (Base: 0x20000000, Size: 0x000008d0, Max: 0x00020000, ABSOLUTE, COMPRESSED[0x0000007c])

    Base Addr    Size         Type   Attr      Idx    E Section Name        Object

    0x20000000   0x00000014   Data   RW          230    .data               system_stm32f4xx.o
    0x20000014   0x00000004   Data   RW          278    .data               lcd.o
    0x20000018   0x00000004   Data   RW          314    .data               rtc.o
    0x2000001c   0x00000004   Data   RW          377    .data               timer.o
    0x20000020   0x00000008   Data   RW          398    .data               user.o
    0x20000028   0x00000004   Data   RW          433    .data               delay.o
    0x2000002c   0x00000006   Data   RW          474    .data               usart.o
    0x20000032   0x00000010   Data   RW          574    .data               stm32f4xx_rcc.o
    0x20000042   0x00000002   PAD
    0x20000044   0x0000001c   Data   RW          717    .data               usmart.o
    0x20000060   0x00000134   Data   RW          740    .data               usmart_config.o
    0x20000194   0x0000000e   Zero   RW          276    .bss                lcd.o
    0x200001a2   0x000000c8   Zero   RW          473    .bss                usart.o
    0x2000026a   0x00000002   PAD
    0x2000026c   0x00000060   Zero   RW          912    .bss                c_w.l(libspace.o)
    0x200002cc   0x00000004   PAD
    0x200002d0   0x00000200   Zero   RW          502    HEAP                startup_stm32f40_41xxx.o
    0x200004d0   0x00000400   Zero   RW          501    STACK               startup_stm32f40_41xxx.o


==============================================================================

Image component sizes


      Code (inc. data)   RO Data    RW Data    ZI Data      Debug   Object Name

       104         12          0          0          0        901   beep.o
       260          8          0          4          0       1561   delay.o
        68          8          0          0          0        587   key.o
     19584        174       6080          4         14      22618   lcd.o
        64          4          0          0          0        587   led.o
       620        168         12          0          0     308031   main.o
       224         20          0          0          0       1945   misc.o
       596         26          0          4          0       2824   rtc.o
        64         26        392          0       1536        880   startup_stm32f40_41xxx.o
       272         10          0          0          0       2391   stm32f4xx_exti.o
      1480         18         28          0          0       5806   stm32f4xx_fsmc.o
       660         44          0          0          0       4221   stm32f4xx_gpio.o
        26          0          0          0          0       1286   stm32f4xx_it.o
       364         12          0          0          0       3799   stm32f4xx_pwr.o
      1628         52          0         16          0      13072   stm32f4xx_rcc.o
      3432         44          0          0          0      15180   stm32f4xx_rtc.o
      3234         60          0          0          0      22424   stm32f4xx_tim.o
      1108         34          0          0          0       7920   stm32f4xx_usart.o
       528         46          0         20          0       1967   system_stm32f4xx.o
       160         12          0          4          0        912   timer.o
       332         18          0          6        200       3530   usart.o
       380         18          0          8          0       1196   user.o
      3124       1286         40         28          0       4558   usmart.o
         0          0        298        308          0       1712   usmart_config.o
      1320         12          0          0          0       5289   usmart_str.o

    ----------------------------------------------------------------------
     39636       2112       6884        404       1752     435197   Object Totals
         0          0         32          0          0          0   (incl. Generated)
         4          0          2          2          2          0   (incl. Padding)

    ----------------------------------------------------------------------

      Code (inc. data)   RO Data    RW Data    ZI Data      Debug   Library Member Name

        90          0          0          0          0          0   __dczerorl2.o
         8          0          0          0          0         68   __main.o
       392          4         17          0          0         92   __printf_flags_ss_wp.o
        14          0          0          0          0         68   __printf_wp.o
         0          0          0          0          0          0   __rtentry.o
        12          0          0          0          0          0   __rtentry2.o
         6          0          0          0          0          0   __rtentry4.o
        52          8          0          0          0          0   __scatter.o
        28          0          0          0          0          0   __scatter_zi.o
         6          0          0          0          0          0   _printf_c.o
        44          0          0          0          0        108   _printf_char.o
        48          6          0          0          0         96   _printf_char_common.o
        36          4          0          0          0         80   _printf_char_file.o
         6          0          0          0          0          0   _printf_d.o
       120         16          0          0          0         92   _printf_dec.o
        88          4         40          0          0         88   _printf_hex_int.o
       178          0          0          0          0         88   _printf_intcommon.o
        78          0          0          0          0        108   _printf_pad.o
         0          0          0          0          0          0   _printf_percent.o
         4          0          0          0          0          0   _printf_percent_end.o
         6          0          0          0          0          0   _printf_s.o
        82          0          0          0          0         80   _printf_str.o
         6          0          0          0          0          0   _printf_u.o
         6          0          0          0          0          0   _printf_x.o
        10          0          0          0          0         68   _sputc.o
        12          0          0          0          0         72   exit.o
         8          0          0          0          0         68   ferror.o
         6          0          0          0          0        152   heapauxi.o
         2          0          0          0          0          0   libinit.o
         6          0          0          0          0          0   libinit2.o
         2          0          0          0          0          0   libshutdown.o
         2          0          0          0          0          0   libshutdown2.o
         8          4          0          0         96         68   libspace.o
        24          4          0          0          0         84   noretval__2printf.o
        40          6          0          0          0         84   noretval__2sprintf.o
         2          0          0          0          0          0   rtexit.o
        10          0          0          0          0          0   rtexit2.o
        74          0          0          0          0         80   sys_stackheap_outer.o
         2          0          0          0          0         68   use_no_semi.o
         2          0          0          0          0         68   use_no_semi_2.o
        90          4          0          0          0        140   dfixu.o
        38          0          0          0          0        116   dflt_clz.o
       340         12          0          0          0        152   dmul.o
       156          4          0          0          0        140   dnaninf.o
        12          0          0          0          0        116   dretinf.o
        10          0          0          0          0        116   fpinit.o
         0          0          0          0          0          0   usenofp.o

    ----------------------------------------------------------------------
      2180         76         60          0        100       2560   Library Totals
        14          0          3          0          4          0   (incl. Padding)

    ----------------------------------------------------------------------

      Code (inc. data)   RO Data    RW Data    ZI Data      Debug   Library Name

      1520         56         57          0         96       1780   c_w.l
       646         20          0          0          0        780   fz_wm.l

    ----------------------------------------------------------------------
      2180         76         60          0        100       2560   Library Totals

    ----------------------------------------------------------------------

==============================================================================


      Code (inc. data)   RO Data    RW Data    ZI Data      Debug   

     41816       2188       6944        404       1852     430973   Grand Totals
     41816       2188       6944        124       1852     430973   ELF Image Totals (compressed)
     41816       2188       6944        124          0          0   ROM Totals

==============================================================================

    Total RO  Size (Code + RO Data)                48760 (  47.62kB)
    Total RW  Size (RW Data + ZI Data)              2256 (   2.20kB)
    Total ROM Size (Code + RO Data + RW Data)      48884 (  47.74kB)

==============================================================================

