Component: ARM Compiler 5.05 update 1 (build 106) Tool: armlink [4d0efa]

==============================================================================

Section Cross References

    main.o(.text) refers to _printf_pad.o(.text) for _printf_pre_padding
    main.o(.text) refers to _printf_percent.o(.ARM.Collect$$_printf_percent$$00000000) for _printf_percent
    main.o(.text) refers to _printf_d.o(.ARM.Collect$$_printf_percent$$00000009) for _printf_d
    main.o(.text) refers to _printf_dec.o(.text) for _printf_int_dec
    main.o(.text) refers to misc.o(.text) for NVIC_PriorityGroupConfig
    main.o(.text) refers to delay.o(.text) for delay_init
    main.o(.text) refers to usart.o(.text) for uart_init
    main.o(.text) refers to timer.o(.text) for TIM3_Int_Init
    main.o(.text) refers to led.o(.text) for LED_Init
    main.o(.text) refers to beep.o(.text) for BEEP_Init
    main.o(.text) refers to key.o(.text) for KEY_Init
    main.o(.text) refers to lcd.o(.text) for LCD_Init
    main.o(.text) refers to rtc.o(.text) for My_RTC_Init
    main.o(.text) refers to stm32f4xx_rtc.o(.text) for RTC_GetTime
    main.o(.text) refers to noretval__2sprintf.o(.text) for __2sprintf
    main.o(.text) refers to user.o(.text) for AlarmUser_Change
    main.o(.text) refers to dj.o(.text) for Angle_Cmd
    main.o(.text) refers to main.o(.constdata) for .constdata
    main.o(.text) refers to usmart_config.o(.data) for usmart_dev
    main.o(.text) refers to lcd.o(.data) for POINT_COLOR
    main.o(.text) refers to key.o(.data) for mode
    main.o(.text) refers to user.o(.data) for alarm_config
    system_stm32f4xx.o(.text) refers to system_stm32f4xx.o(.data) for SystemCoreClock
    led.o(.text) refers to stm32f4xx_rcc.o(.text) for RCC_AHB1PeriphClockCmd
    led.o(.text) refers to stm32f4xx_gpio.o(.text) for GPIO_Init
    lcd.o(.text) refers to _printf_percent.o(.ARM.Collect$$_printf_percent$$00000000) for _printf_percent
    lcd.o(.text) refers to _printf_x.o(.ARM.Collect$$_printf_percent$$0000000C) for _printf_x
    lcd.o(.text) refers to _printf_hex_int.o(.text) for _printf_longlong_hex
    lcd.o(.text) refers to delay.o(.text) for delay_us
    lcd.o(.text) refers to lcd.o(.bss) for lcddev
    lcd.o(.text) refers to lcd.o(.data) for POINT_COLOR
    lcd.o(.text) refers to dflt_clz.o(x$fpl$dfltu) for __aeabi_ui2d
    lcd.o(.text) refers to dmul.o(x$fpl$dmul) for __aeabi_dmul
    lcd.o(.text) refers to dfixu.o(x$fpl$dfixu) for __aeabi_d2uiz
    lcd.o(.text) refers to stm32f4xx_rcc.o(.text) for RCC_AHB1PeriphClockCmd
    lcd.o(.text) refers to stm32f4xx_gpio.o(.text) for GPIO_Init
    lcd.o(.text) refers to stm32f4xx_fsmc.o(.text) for FSMC_NORSRAMInit
    lcd.o(.text) refers to noretval__2printf.o(.text) for __2printf
    lcd.o(.text) refers to lcd.o(.constdata) for asc2_1206
    rtc.o(.text) refers to stm32f4xx_rtc.o(.text) for RTC_SetTime
    rtc.o(.text) refers to stm32f4xx_rcc.o(.text) for RCC_APB1PeriphClockCmd
    rtc.o(.text) refers to stm32f4xx_pwr.o(.text) for PWR_BackupAccessCmd
    rtc.o(.text) refers to delay.o(.text) for delay_ms
    rtc.o(.text) refers to stm32f4xx_exti.o(.text) for EXTI_ClearITPendingBit
    rtc.o(.text) refers to misc.o(.text) for NVIC_Init
    rtc.o(.text) refers to noretval__2printf.o(.text) for __2printf
    rtc.o(.text) refers to beep.o(.text) for Beep_On
    rtc.o(.text) refers to stm32f4xx_tim.o(.text) for TIM_Cmd
    rtc.o(.text) refers to rtc.o(.data) for NVIC_InitStructure
    key.o(.text) refers to stm32f4xx_rcc.o(.text) for RCC_AHB1PeriphClockCmd
    key.o(.text) refers to stm32f4xx_gpio.o(.text) for GPIO_Init
    key.o(.text) refers to delay.o(.text) for delay_ms
    key.o(.text) refers to key.o(.data) for mode
    beep.o(.text) refers to stm32f4xx_rcc.o(.text) for RCC_AHB1PeriphClockCmd
    beep.o(.text) refers to stm32f4xx_gpio.o(.text) for GPIO_Init
    beep.o(.text) refers to delay.o(.text) for delay_ms
    timer.o(.text) refers to stm32f4xx_rcc.o(.text) for RCC_APB1PeriphClockCmd
    timer.o(.text) refers to stm32f4xx_tim.o(.text) for TIM_TimeBaseInit
    timer.o(.text) refers to misc.o(.text) for NVIC_Init
    timer.o(.text) refers to stm32f4xx_gpio.o(.text) for GPIO_PinAFConfig
    timer.o(.text) refers to timer.o(.data) for index
    user.o(.text) refers to stm32f4xx_gpio.o(.text) for GPIO_ReadInputDataBit
    user.o(.text) refers to delay.o(.text) for delay_ms
    user.o(.text) refers to user.o(.data) for alarm_config
    dj.o(.text) refers to stm32f4xx_gpio.o(.text) for GPIO_ReadInputDataBit
    dj.o(.text) refers to delay.o(.text) for delay_ms
    dj.o(.text) refers to stm32f4xx_tim.o(.text) for TIM_SetCompare1
    dj.o(.text) refers to dj.o(.data) for angle_local
    delay.o(.text) refers to misc.o(.text) for SysTick_CLKSourceConfig
    delay.o(.text) refers to delay.o(.data) for fac_us
    usart.o(.rev16_text) refers (Special) to use_no_semi_2.o(.text) for __use_no_semihosting
    usart.o(.revsh_text) refers (Special) to use_no_semi_2.o(.text) for __use_no_semihosting
[...]
    .ARM.Collect$$rtentry$$0000000C          0x08000274   Section        0  __rtentry2.o(.ARM.Collect$$rtentry$$0000000C)
    .ARM.Collect$$rtentry$$0000000D          0x08000274   Section        8  __rtentry2.o(.ARM.Collect$$rtentry$$0000000D)
    .ARM.Collect$$rtexit$$00000000           0x0800027c   Section        2  rtexit.o(.ARM.Collect$$rtexit$$00000000)
    .ARM.Collect$$rtexit$$00000002           0x0800027e   Section        0  rtexit2.o(.ARM.Collect$$rtexit$$00000002)
    .ARM.Collect$$rtexit$$00000003           0x0800027e   Section        4  rtexit2.o(.ARM.Collect$$rtexit$$00000003)
    .ARM.Collect$$rtexit$$00000004           0x08000282   Section        6  rtexit2.o(.ARM.Collect$$rtexit$$00000004)
    .text                                    0x08000288   Section        0  main.o(.text)
    .text                                    0x0800056c   Section        0  stm32f4xx_it.o(.text)
    .text                                    0x08000588   Section        0  system_stm32f4xx.o(.text)
    SetSysClock                              0x08000589   Thumb Code   220  system_stm32f4xx.o(.text)
    .text                                    0x08000798   Section        0  led.o(.text)
    .text                                    0x080007d8   Section        0  lcd.o(.text)
    .text                                    0x08005458   Section        0  rtc.o(.text)
    .text                                    0x080056ac   Section        0  key.o(.text)
    .text                                    0x0800572c   Section        0  beep.o(.text)
    .text                                    0x08005794   Section        0  timer.o(.text)
    .text                                    0x080058dc   Section        0  user.o(.text)
    .text                                    0x08005a28   Section        0  dj.o(.text)
    .text                                    0x08005adc   Section        0  delay.o(.text)
    .text                                    0x08005be0   Section        0  usart.o(.text)
    .text                                    0x08005d2c   Section       64  startup_stm32f40_41xxx.o(.text)
    $v0                                      0x08005d2c   Number         0  startup_stm32f40_41xxx.o(.text)
    .text                                    0x08005d6c   Section        0  misc.o(.text)
    .text                                    0x08005e4c   Section        0  stm32f4xx_gpio.o(.text)
    .text                                    0x080060e0   Section        0  stm32f4xx_fsmc.o(.text)
    .text                                    0x080066a8   Section        0  stm32f4xx_rcc.o(.text)
    .text                                    0x08006d04   Section        0  stm32f4xx_usart.o(.text)
    .text                                    0x08007158   Section        0  stm32f4xx_rtc.o(.text)
    RTC_ByteToBcd2                           0x080073eb   Thumb Code    28  stm32f4xx_rtc.o(.text)
    RTC_Bcd2ToByte                           0x08007407   Thumb Code    22  stm32f4xx_rtc.o(.text)
    .text                                    0x08007ec0   Section        0  stm32f4xx_tim.o(.text)
    TI4_Config                               0x0800865f   Thumb Code    80  stm32f4xx_tim.o(.text)
    TI3_Config                               0x080086c1   Thumb Code    72  stm32f4xx_tim.o(.text)
    TI2_Config                               0x08008723   Thumb Code    90  stm32f4xx_tim.o(.text)
    TI1_Config                               0x0800878f   Thumb Code    58  stm32f4xx_tim.o(.text)
    .text                                    0x08008b64   Section        0  stm32f4xx_exti.o(.text)
    .text                                    0x08008c74   Section        0  stm32f4xx_pwr.o(.text)
    .text                                    0x08008de0   Section        0  usmart.o(.text)
    .text                                    0x08009a14   Section        0  usmart_str.o(.text)
    .text                                    0x08009f3c   Section        2  use_no_semi_2.o(.text)
    .text                                    0x08009f40   Section        0  noretval__2printf.o(.text)
    .text                                    0x08009f58   Section        0  noretval__2sprintf.o(.text)
    .text                                    0x08009f80   Section        0  _printf_pad.o(.text)
    .text                                    0x08009fce   Section        0  _printf_str.o(.text)
    .text                                    0x0800a020   Section        0  _printf_dec.o(.text)
    .text                                    0x0800a098   Section        0  _printf_hex_int.o(.text)
    .text                                    0x0800a0f0   Section        0  __printf_flags_ss_wp.o(.text)
    .text                                    0x0800a278   Section        0  heapauxi.o(.text)
    .text                                    0x0800a27e   Section        2  use_no_semi.o(.text)
    .text                                    0x0800a280   Section        0  _printf_intcommon.o(.text)
    .text                                    0x0800a334   Section        0  _printf_char_common.o(.text)
    _printf_input_char                       0x0800a335   Thumb Code    10  _printf_char_common.o(.text)
    .text                                    0x0800a364   Section        0  _sputc.o(.text)
    .text                                    0x0800a36e   Section        0  _printf_char.o(.text)
    .text                                    0x0800a39c   Section        0  _printf_char_file.o(.text)
    .text                                    0x0800a3c0   Section        0  ferror.o(.text)
    .text                                    0x0800a3c8   Section       74  sys_stackheap_outer.o(.text)
    .text                                    0x0800a412   Section        0  exit.o(.text)
    .text                                    0x0800a420   Section        8  libspace.o(.text)
    i._is_digit                              0x0800a428   Section        0  __printf_wp.o(i._is_digit)
    x$fpl$dfixu                              0x0800a438   Section       90  dfixu.o(x$fpl$dfixu)
    $v0                                      0x0800a438   Number         0  dfixu.o(x$fpl$dfixu)
    x$fpl$dfltu                              0x0800a492   Section       38  dflt_clz.o(x$fpl$dfltu)
    $v0                                      0x0800a492   Number         0  dflt_clz.o(x$fpl$dfltu)
    x$fpl$dmul                               0x0800a4b8   Section      340  dmul.o(x$fpl$dmul)
    $v0                                      0x0800a4b8   Number         0  dmul.o(x$fpl$dmul)
    x$fpl$dnaninf                            0x0800a60c   Section      156  dnaninf.o(x$fpl$dnaninf)
    $v0                                      0x0800a60c   Number         0  dnaninf.o(x$fpl$dnaninf)
    x$fpl$dretinf                            0x0800a6a8   Section       12  dretinf.o(x$fpl$dretinf)
    $v0                                      0x0800a6a8   Number         0  dretinf.o(x$fpl$dretinf)
    x$fpl$fpinit                             0x0800a6b4   Section       10  fpinit.o(x$fpl$fpinit)
    $v0                                      0x0800a6b4   Number         0  fpinit.o(x$fpl$fpinit)
    x$fpl$usenofp                            0x0800a6be   Section        0  usenofp.o(x$fpl$usenofp)
    .constdata                               0x0800a6c0   Section       12  main.o(.constdata)
    .constdata                               0x0800a6cc   Section     6080  lcd.o(.constdata)
    .constdata                               0x0800be8c   Section       28  stm32f4xx_fsmc.o(.constdata)
    .constdata                               0x0800bea8   Section       40  _printf_hex_int.o(.constdata)
    uc_hextab                                0x0800bea8   Data          20  _printf_hex_int.o(.constdata)
    lc_hextab                                0x0800bebc   Data          20  _printf_hex_int.o(.constdata)
    .constdata                               0x0800bed0   Section       17  __printf_flags_ss_wp.o(.constdata)
    maptable                                 0x0800bed0   Data          17  __printf_flags_ss_wp.o(.constdata)
    .conststring                             0x0800bee4   Section       40  usmart.o(.conststring)
    .conststring                             0x0800bf0c   Section      298  usmart_config.o(.conststring)
    .data                                    0x20000000   Section       20  system_stm32f4xx.o(.data)
    .data                                    0x20000014   Section        4  lcd.o(.data)
    .data                                    0x20000018   Section        4  rtc.o(.data)
    .data                                    0x2000001c   Section        1  key.o(.data)
    .data                                    0x20000020   Section        4  timer.o(.data)
    index                                    0x20000020   Data           4  timer.o(.data)
    .data                                    0x20000024   Section       12  user.o(.data)
    flag_Alarm                               0x20000028   Data           4  user.o(.data)
    flag_change                              0x2000002c   Data           4  user.o(.data)
    .data                                    0x20000030   Section        8  dj.o(.data)
    .data                                    0x20000038   Section        4  delay.o(.data)
    fac_us                                   0x20000038   Data           1  delay.o(.data)
    fac_ms                                   0x2000003a   Data           2  delay.o(.data)
    .data                                    0x2000003c   Section        6  usart.o(.data)
    .data                                    0x20000042   Section       16  stm32f4xx_rcc.o(.data)
    APBAHBPrescTable                         0x20000042   Data          16  stm32f4xx_rcc.o(.data)
    .data                                    0x20000054   Section       28  usmart.o(.data)
    .data                                    0x20000070   Section      308  usmart_config.o(.data)
    .bss                                     0x200001a4   Section       14  lcd.o(.bss)
    .bss                                     0x200001b2   Section      200  usart.o(.bss)
    .bss                                     0x2000027c   Section       96  libspace.o(.bss)
    HEAP                                     0x200002e0   Section      512  startup_stm32f40_41xxx.o(HEAP)
    Heap_Mem                                 0x200002e0   Data         512  startup_stm32f40_41xxx.o(HEAP)
    STACK                                    0x200004e0   Section     1024  startup_stm32f40_41xxx.o(STACK)
    Stack_Mem                                0x200004e0   Data        1024  startup_stm32f40_41xxx.o(STACK)
    __initial_sp                             0x200008e0   Data           0  startup_stm32f40_41xxx.o(STACK)

    Global Symbols

    Symbol Name                              Value     Ov Type        Size  Object(Section)

    BuildAttributes$$THM_ISAv4$E$P$D$K$B$S$7EM$VFPi3$EXTD16$VFPS$VFMA$PE$A:L22UL41UL21$X:L11$S22US41US21$IEEE1$IW$USESV6$~STKCKD$USESV7$~SHL$OSPACE$ROPI$EBA8$UX$STANDARDLIB$REQ8$PRES8$EABIv2 0x00000000   Number         0  anon$$obj.o ABSOLUTE
    __ARM_use_no_argv                        0x00000000   Number         0  main.o ABSOLUTE
    _printf_flags                            0x00000000   Number         0  printf_stubs.o ABSOLUTE
    _printf_return_value                     0x00000000   Number         0  printf_stubs.o ABSOLUTE
    _printf_sizespec                         0x00000000   Number         0  printf_stubs.o ABSOLUTE
    _printf_widthprec                        0x00000000   Number         0  printf_stubs.o ABSOLUTE
    __ARM_exceptions_init                     - Undefined Weak Reference
    __alloca_initialize                       - Undefined Weak Reference
    __arm_preinit_                            - Undefined Weak Reference
    __cpp_initialize__aeabi_                  - Undefined Weak Reference
    __cxa_finalize                            - Undefined Weak Reference
    __rt_locale                               - Undefined Weak Reference
    __sigvec_lookup                           - Undefined Weak Reference
    _atexit_init                              - Undefined Weak Reference
    _call_atexit_fns                          - Undefined Weak Reference
    _clock_init                               - Undefined Weak Reference
    _fp_trap_init                             - Undefined Weak Reference
    _fp_trap_shutdown                         - Undefined Weak Reference
    _get_lc_collate                           - Undefined Weak Reference
    _get_lc_ctype                             - Undefined Weak Reference
    _get_lc_monetary                          - Undefined Weak Reference
    _get_lc_numeric                           - Undefined Weak Reference
    _get_lc_time                              - Undefined Weak Reference
    _getenv_init                              - Undefined Weak Reference
    _handle_redirection                       - Undefined Weak Reference
    _init_alloc                               - Undefined Weak Reference
    _init_user_alloc                          - Undefined Weak Reference
    _initio                                   - Undefined Weak Reference
    _mutex_acquire                            - Undefined Weak Reference
    _mutex_release                            - Undefined Weak Reference
    _printf_mbtowc                            - Undefined Weak Reference
    _printf_truncate_signed                   - Undefined Weak Reference
    _printf_truncate_unsigned                 - Undefined Weak Reference
    _rand_init                                - Undefined Weak Reference
    _signal_finish                            - Undefined Weak Reference
    _signal_init                              - Undefined Weak Reference
    _terminate_alloc                          - Undefined Weak Reference
    _terminate_user_alloc                     - Undefined Weak Reference
    _terminateio                              - Undefined Weak Reference
    __Vectors_Size                           0x00000188   Number         0  startup_stm32f40_41xxx.o ABSOLUTE
    __Vectors                                0x08000000   Data           4  startup_stm32f40_41xxx.o(RESET)
    __Vectors_End                            0x08000188   Data           0  startup_stm32f40_41xxx.o(RESET)
    __main                                   0x08000189   Thumb Code     8  __main.o(!!!main)
    __scatterload                            0x08000191   Thumb Code     0  __scatter.o(!!!scatter)
    __scatterload_rt2                        0x08000191   Thumb Code    44  __scatter.o(!!!scatter)
    __scatterload_rt2_thumb_only             0x08000191   Thumb Code     0  __scatter.o(!!!scatter)
    __scatterload_null                       0x0800019f   Thumb Code     0  __scatter.o(!!!scatter)
    __decompress                             0x080001c5   Thumb Code    90  __dczerorl2.o(!!dczerorl2)
    __decompress1                            0x080001c5   Thumb Code     0  __dczerorl2.o(!!dczerorl2)
    __scatterload_zeroinit                   0x08000221   Thumb Code    28  __scatter_zi.o(!!handler_zi)
    _printf_d                                0x0800023d   Thumb Code     0  _printf_d.o(.ARM.Collect$$_printf_percent$$00000009)
    _printf_percent                          0x0800023d   Thumb Code     0  _printf_percent.o(.ARM.Collect$$_printf_percent$$00000000)
    _printf_u                                0x08000243   Thumb Code     0  _printf_u.o(.ARM.Collect$$_printf_percent$$0000000A)
    _printf_x                                0x08000249   Thumb Code     0  _printf_x.o(.ARM.Collect$$_printf_percent$$0000000C)
    _printf_c                                0x0800024f   Thumb Code     0  _printf_c.o(.ARM.Collect$$_printf_percent$$00000013)
    _printf_s                                0x08000255   Thumb Code     0  _printf_s.o(.ARM.Collect$$_printf_percent$$00000014)
    _printf_percent_end                      0x0800025b   Thumb Code     0  _printf_percent_end.o(.ARM.Collect$$_printf_percent$$00000017)
    __rt_lib_init                            0x0800025f   Thumb Code     0  libinit.o(.ARM.Collect$$libinit$$00000000)
    __rt_lib_init_fp_1                       0x08000261   Thumb Code     0  libinit2.o(.ARM.Collect$$libinit$$00000001)
    __rt_lib_init_alloca_1                   0x08000265   Thumb Code     0  libinit2.o(.ARM.Collect$$libinit$$0000002E)
    __rt_lib_init_argv_1                     0x08000265   Thumb Code     0  libinit2.o(.ARM.Collect$$libinit$$0000002C)
    __rt_lib_init_atexit_1                   0x08000265   Thumb Code     0  libinit2.o(.ARM.Collect$$libinit$$0000001B)
    __rt_lib_init_clock_1                    0x08000265   Thumb Code     0  libinit2.o(.ARM.Collect$$libinit$$00000021)
    __rt_lib_init_cpp_1                      0x08000265   Thumb Code     0  libinit2.o(.ARM.Collect$$libinit$$00000032)
    __rt_lib_init_exceptions_1               0x08000265   Thumb Code     0  libinit2.o(.ARM.Collect$$libinit$$00000030)
    __rt_lib_init_fp_trap_1                  0x08000265   Thumb Code     0  libinit2.o(.ARM.Collect$$libinit$$0000001F)
    __rt_lib_init_getenv_1                   0x08000265   Thumb Code     0  libinit2.o(.ARM.Collect$$libinit$$00000023)
    __rt_lib_init_heap_1                     0x08000265   Thumb Code     0  libinit2.o(.ARM.Collect$$libinit$$0000000A)
    __rt_lib_init_lc_collate_1               0x08000265   Thumb Code     0  libinit2.o(.ARM.Collect$$libinit$$00000011)
    __rt_lib_init_lc_ctype_1                 0x08000265   Thumb Code     0  libinit2.o(.ARM.Collect$$libinit$$00000013)
    __rt_lib_init_lc_monetary_1              0x08000265   Thumb Code     0  libinit2.o(.ARM.Collect$$libinit$$00000015)
    __rt_lib_init_lc_numeric_1               0x08000265   Thumb Code     0  libinit2.o(.ARM.Collect$$libinit$$00000017)
    __rt_lib_init_lc_time_1                  0x08000265   Thumb Code     0  libinit2.o(.ARM.Collect$$libinit$$00000019)
    __rt_lib_init_preinit_1                  0x08000265   Thumb Code     0  libinit2.o(.ARM.Collect$$libinit$$00000004)
    __rt_lib_init_rand_1                     0x08000265   Thumb Code     0  libinit2.o(.ARM.Collect$$libinit$$0000000E)
    __rt_lib_init_return                     0x08000265   Thumb Code     0  libinit2.o(.ARM.Collect$$libinit$$00000033)
    __rt_lib_init_signal_1                   0x08000265   Thumb Code     0  libinit2.o(.ARM.Collect$$libinit$$0000001D)
    __rt_lib_init_stdio_1                    0x08000265   Thumb Code     0  libinit2.o(.ARM.Collect$$libinit$$00000025)
    __rt_lib_init_user_alloc_1               0x08000265   Thumb Code     0  libinit2.o(.ARM.Collect$$libinit$$0000000C)
    __rt_lib_shutdown                        0x08000267   Thumb Code     0  libshutdown.o(.ARM.Collect$$libshutdown$$00000000)
    __rt_lib_shutdown_fp_trap_1              0x08000269   Thumb Code     0  libshutdown2.o(.ARM.Collect$$libshutdown$$00000006)
    __rt_lib_shutdown_heap_1                 0x08000269   Thumb Code     0  libshutdown2.o(.ARM.Collect$$libshutdown$$0000000E)
    __rt_lib_shutdown_return                 0x08000269   Thumb Code     0  libshutdown2.o(.ARM.Collect$$libshutdown$$0000000F)
    __rt_lib_shutdown_signal_1               0x08000269   Thumb Code     0  libshutdown2.o(.ARM.Collect$$libshutdown$$00000009)
    __rt_lib_shutdown_stdio_1                0x08000269   Thumb Code     0  libshutdown2.o(.ARM.Collect$$libshutdown$$00000003)
    __rt_lib_shutdown_user_alloc_1           0x08000269   Thumb Code     0  libshutdown2.o(.ARM.Collect$$libshutdown$$0000000B)
    __rt_entry                               0x0800026b   Thumb Code     0  __rtentry.o(.ARM.Collect$$rtentry$$00000000)
    __rt_entry_presh_1                       0x0800026b   Thumb Code     0  __rtentry2.o(.ARM.Collect$$rtentry$$00000002)
    __rt_entry_sh                            0x0800026b   Thumb Code     0  __rtentry4.o(.ARM.Collect$$rtentry$$00000004)
    __rt_entry_li                            0x08000271   Thumb Code     0  __rtentry2.o(.ARM.Collect$$rtentry$$0000000A)
    __rt_entry_postsh_1                      0x08000271   Thumb Code     0  __rtentry2.o(.ARM.Collect$$rtentry$$00000009)
    __rt_entry_main                          0x08000275   Thumb Code     0  __rtentry2.o(.ARM.Collect$$rtentry$$0000000D)
    __rt_entry_postli_1                      0x08000275   Thumb Code     0  __rtentry2.o(.ARM.Collect$$rtentry$$0000000C)
    __rt_exit                                0x0800027d   Thumb Code     0  rtexit.o(.ARM.Collect$$rtexit$$00000000)
    __rt_exit_ls                             0x0800027f   Thumb Code     0  rtexit2.o(.ARM.Collect$$rtexit$$00000003)
    __rt_exit_prels_1                        0x0800027f   Thumb Code     0  rtexit2.o(.ARM.Collect$$rtexit$$00000002)
    __rt_exit_exit                           0x08000283   Thumb Code     0  rtexit2.o(.ARM.Collect$$rtexit$$00000004)
    main                                     0x08000289   Thumb Code   552  main.o(.text)
    NMI_Handler                              0x0800056d   Thumb Code     2  stm32f4xx_it.o(.text)
    HardFault_Handler                        0x0800056f   Thumb Code     4  stm32f4xx_it.o(.text)
    MemManage_Handler                        0x08000573   Thumb Code     4  stm32f4xx_it.o(.text)
    BusFault_Handler                         0x08000577   Thumb Code     4  stm32f4xx_it.o(.text)
    UsageFault_Handler                       0x0800057b   Thumb Code     4  stm32f4xx_it.o(.text)
    SVC_Handler                              0x0800057f   Thumb Code     2  stm32f4xx_it.o(.text)
    DebugMon_Handler                         0x08000581   Thumb Code     2  stm32f4xx_it.o(.text)
    PendSV_Handler                           0x08000583   Thumb Code     2  stm32f4xx_it.o(.text)
    SysTick_Handler                          0x08000585   Thumb Code     2  stm32f4xx_it.o(.text)
    SystemInit                               0x08000665   Thumb Code    88  system_stm32f4xx.o(.text)
    SystemCoreClockUpdate                    0x080006bd   Thumb Code   174  system_stm32f4xx.o(.text)
    LED_Init                                 0x08000799   Thumb Code    60  led.o(.text)
    LCD_WR_REG                               0x080007d9   Thumb Code    18  lcd.o(.text)
    LCD_WR_DATA                              0x080007eb   Thumb Code    20  lcd.o(.text)
    LCD_RD_DATA                              0x080007ff   Thumb Code    16  lcd.o(.text)
    LCD_WriteReg                             0x0800080f   Thumb Code    14  lcd.o(.text)
    LCD_ReadReg                              0x0800081d   Thumb Code    22  lcd.o(.text)
    LCD_WriteRAM_Prepare                     0x08000833   Thumb Code    10  lcd.o(.text)
    LCD_WriteRAM                             0x0800083d   Thumb Code     8  lcd.o(.text)
    LCD_BGR2RGB                              0x08000845   Thumb Code    26  lcd.o(.text)
    opt_delay                                0x0800085f   Thumb Code    14  lcd.o(.text)
    LCD_SetCursor                            0x0800086d   Thumb Code   418  lcd.o(.text)
    LCD_ReadPoint                            0x08000a0f   Thumb Code   360  lcd.o(.text)
    LCD_DisplayOn                            0x08000b77   Thumb Code   102  lcd.o(.text)
    LCD_DisplayOff                           0x08000bdd   Thumb Code    90  lcd.o(.text)
    LCD_Scan_Dir                             0x08000c37   Thumb Code   744  lcd.o(.text)
    LCD_DrawPoint                            0x08000f1f   Thumb Code    28  lcd.o(.text)
    LCD_Fast_DrawPoint                       0x08000f3b   Thumb Code   388  lcd.o(.text)
    LCD_SSD_BackLightSet                     0x080010bf   Thumb Code    88  lcd.o(.text)
    LCD_Display_Dir                          0x08001117   Thumb Code   444  lcd.o(.text)
    LCD_Set_Window                           0x080012d3   Thumb Code   546  lcd.o(.text)
    LCD_Clear                                0x080014f5   Thumb Code   100  lcd.o(.text)
    LCD_Init                                 0x08001559   Thumb Code 14696  lcd.o(.text)
    LCD_Fill                                 0x08004ec1   Thumb Code   180  lcd.o(.text)
    LCD_Color_Fill                           0x08004f75   Thumb Code   100  lcd.o(.text)
    LCD_DrawLine                             0x08004fd9   Thumb Code   176  lcd.o(.text)
    LCD_DrawRectangle                        0x08005089   Thumb Code    60  lcd.o(.text)
    LCD_Draw_Circle                          0x080050c5   Thumb Code   152  lcd.o(.text)
    LCD_ShowChar                             0x0800515d   Thumb Code   272  lcd.o(.text)
    LCD_Pow                                  0x0800526d   Thumb Code    22  lcd.o(.text)
    LCD_ShowNum                              0x08005283   Thumb Code   148  lcd.o(.text)
    LCD_ShowxNum                             0x08005317   Thumb Code   220  lcd.o(.text)
    LCD_ShowString                           0x080053f3   Thumb Code   102  lcd.o(.text)
    RTC_Set_Time                             0x08005459   Thumb Code    36  rtc.o(.text)
    RTC_Set_Date                             0x0800547d   Thumb Code    36  rtc.o(.text)
    My_RTC_Init                              0x080054a1   Thumb Code   138  rtc.o(.text)
    RTC_Set_AlarmA                           0x0800552b   Thumb Code   158  rtc.o(.text)
    RTC_Set_WakeUp                           0x080055c9   Thumb Code   108  rtc.o(.text)
    RTC_Alarm_IRQHandler                     0x08005635   Thumb Code    48  rtc.o(.text)
    RTC_WKUP_IRQHandler                      0x08005665   Thumb Code    46  rtc.o(.text)
    KEY_Init                                 0x080056ad   Thumb Code    60  key.o(.text)
    KEY_ModeChange                           0x080056e9   Thumb Code    54  key.o(.text)
    BEEP_Init                                0x0800572d   Thumb Code    60  beep.o(.text)
    Beep_On                                  0x08005769   Thumb Code     8  beep.o(.text)
    Beep_TimeBar                             0x08005771   Thumb Code    24  beep.o(.text)
    TIM3_Int_Init                            0x08005795   Thumb Code    88  timer.o(.text)
    TIM14_PWM_Init                           0x080057ed   Thumb Code   158  timer.o(.text)
    TIM3_IRQHandler                          0x0800588b   Thumb Code    60  timer.o(.text)
    Alarm_RightCheck                         0x080058dd   Thumb Code    86  user.o(.text)
    AlarmUser_Change                         0x08005933   Thumb Code   228  user.o(.text)
    Data_pro                                 0x08005a29   Thumb Code    54  dj.o(.text)
    Angle_Cmd                                0x08005a5f   Thumb Code   108  dj.o(.text)
    delay_init                               0x08005add   Thumb Code    52  delay.o(.text)
    delay_us                                 0x08005b11   Thumb Code    72  delay.o(.text)
    delay_xms                                0x08005b59   Thumb Code    72  delay.o(.text)
    delay_ms                                 0x08005ba1   Thumb Code    56  delay.o(.text)
    _sys_exit                                0x08005be1   Thumb Code     6  usart.o(.text)
    fputc                                    0x08005be7   Thumb Code    22  usart.o(.text)
    uart_init                                0x08005bfd   Thumb Code   164  usart.o(.text)
    USART1_IRQHandler                        0x08005ca1   Thumb Code   122  usart.o(.text)
    Reset_Handler                            0x08005d2d   Thumb Code     8  startup_stm32f40_41xxx.o(.text)
    ADC_IRQHandler                           0x08005d47   Thumb Code     0  startup_stm32f40_41xxx.o(.text)
    CAN1_RX0_IRQHandler                      0x08005d47   Thumb Code     0  startup_stm32f40_41xxx.o(.text)
    CAN1_RX1_IRQHandler                      0x08005d47   Thumb Code     0  startup_stm32f40_41xxx.o(.text)
    CAN1_SCE_IRQHandler                      0x08005d47   Thumb Code     0  startup_stm32f40_41xxx.o(.text)
    CAN1_TX_IRQHandler                       0x08005d47   Thumb Code     0  startup_stm32f40_41xxx.o(.text)
    CAN2_RX0_IRQHandler                      0x08005d47   Thumb Code     0  startup_stm32f40_41xxx.o(.text)
    CAN2_RX1_IRQHandler                      0x08005d47   Thumb Code     0  startup_stm32f40_41xxx.o(.text)
    CAN2_SCE_IRQHandler                      0x08005d47   Thumb Code     0  startup_stm32f40_41xxx.o(.text)
    CAN2_TX_IRQHandler                       0x08005d47   Thumb Code     0  startup_stm32f40_41xxx.o(.text)
    CRYP_IRQHandler                          0x08005d47   Thumb Code     0  startup_stm32f40_41xxx.o(.text)
    DCMI_IRQHandler                          0x08005d47   Thumb Code     0  startup_stm32f40_41xxx.o(.text)
    DMA1_Stream0_IRQHandler                  0x08005d47   Thumb Code     0  startup_stm32f40_41xxx.o(.text)
    DMA1_Stream1_IRQHandler                  0x08005d47   Thumb Code     0  startup_stm32f40_41xxx.o(.text)
    DMA1_Stream2_IRQHandler                  0x08005d47   Thumb Code     0  startup_stm32f40_41xxx.o(.text)
    DMA1_Stream3_IRQHandler                  0x08005d47   Thumb Code     0  startup_stm32f40_41xxx.o(.text)
    DMA1_Stream4_IRQHandler                  0x08005d47   Thumb Code     0  startup_stm32f40_41xxx.o(.text)
    DMA1_Stream5_IRQHandler                  0x08005d47   Thumb Code     0  startup_stm32f40_41xxx.o(.text)
    DMA1_Stream6_IRQHandler                  0x08005d47   Thumb Code     0  startup_stm32f40_41xxx.o(.text)
    DMA1_Stream7_IRQHandler                  0x08005d47   Thumb Code     0  startup_stm32f40_41xxx.o(.text)
    DMA2_Stream0_IRQHandler                  0x08005d47   Thumb Code     0  startup_stm32f40_41xxx.o(.text)
    DMA2_Stream1_IRQHandler                  0x08005d47   Thumb Code     0  startup_stm32f40_41xxx.o(.text)
    DMA2_Stream2_IRQHandler                  0x08005d47   Thumb Code     0  startup_stm32f40_41xxx.o(.text)
    DMA2_Stream3_IRQHandler                  0x08005d47   Thumb Code     0  startup_stm32f40_41xxx.o(.text)
    DMA2_Stream4_IRQHandler                  0x08005d47   Thumb Code     0  startup_stm32f40_41xxx.o(.text)
    DMA2_Stream5_IRQHandler                  0x08005d47   Thumb Code     0  startup_stm32f40_41xxx.o(.text)
    DMA2_Stream6_IRQHandler                  0x08005d47   Thumb Code     0  startup_stm32f40_41xxx.o(.text)
    DMA2_Stream7_IRQHandler                  0x08005d47   Thumb Code     0  startup_stm32f40_41xxx.o(.text)
    ETH_IRQHandler                           0x08005d47   Thumb Code     0  startup_stm32f40_41xxx.o(.text)
    ETH_WKUP_IRQHandler                      0x08005d47   Thumb Code     0  startup_stm32f40_41xxx.o(.text)
    EXTI0_IRQHandler                         0x08005d47   Thumb Code     0  startup_stm32f40_41xxx.o(.text)
    EXTI15_10_IRQHandler                     0x08005d47   Thumb Code     0  startup_stm32f40_41xxx.o(.text)
    EXTI1_IRQHandler                         0x08005d47   Thumb Code     0  startup_stm32f40_41xxx.o(.text)
    EXTI2_IRQHandler                         0x08005d47   Thumb Code     0  startup_stm32f40_41xxx.o(.text)
    EXTI3_IRQHandler                         0x08005d47   Thumb Code     0  startup_stm32f40_41xxx.o(.text)
    EXTI4_IRQHandler                         0x08005d47   Thumb Code     0  startup_stm32f40_41xxx.o(.text)
    EXTI9_5_IRQHandler                       0x08005d47   Thumb Code     0  startup_stm32f40_41xxx.o(.text)
    FLASH_IRQHandler                         0x08005d47   Thumb Code     0  startup_stm32f40_41xxx.o(.text)
    FPU_IRQHandler                           0x08005d47   Thumb Code     0  startup_stm32f40_41xxx.o(.text)
    FSMC_IRQHandler                          0x08005d47   Thumb Code     0  startup_stm32f40_41xxx.o(.text)
    HASH_RNG_IRQHandler                      0x08005d47   Thumb Code     0  startup_stm32f40_41xxx.o(.text)
    I2C1_ER_IRQHandler                       0x08005d47   Thumb Code     0  startup_stm32f40_41xxx.o(.text)
    I2C1_EV_IRQHandler                       0x08005d47   Thumb Code     0  startup_stm32f40_41xxx.o(.text)
    I2C2_ER_IRQHandler                       0x08005d47   Thumb Code     0  startup_stm32f40_41xxx.o(.text)
    I2C2_EV_IRQHandler                       0x08005d47   Thumb Code     0  startup_stm32f40_41xxx.o(.text)
    I2C3_ER_IRQHandler                       0x08005d47   Thumb Code     0  startup_stm32f40_41xxx.o(.text)
    I2C3_EV_IRQHandler                       0x08005d47   Thumb Code     0  startup_stm32f40_41xxx.o(.text)
    OTG_FS_IRQHandler                        0x08005d47   Thumb Code     0  startup_stm32f40_41xxx.o(.text)
    OTG_FS_WKUP_IRQHandler                   0x08005d47   Thumb Code     0  startup_stm32f40_41xxx.o(.text)
    OTG_HS_EP1_IN_IRQHandler                 0x08005d47   Thumb Code     0  startup_stm32f40_41xxx.o(.text)
    OTG_HS_EP1_OUT_IRQHandler                0x08005d47   Thumb Code     0  startup_stm32f40_41xxx.o(.text)
    OTG_HS_IRQHandler                        0x08005d47   Thumb Code     0  startup_stm32f40_41xxx.o(.text)
    OTG_HS_WKUP_IRQHandler                   0x08005d47   Thumb Code     0  startup_stm32f40_41xxx.o(.text)
    PVD_IRQHandler                           0x08005d47   Thumb Code     0  startup_stm32f40_41xxx.o(.text)
    RCC_IRQHandler                           0x08005d47   Thumb Code     0  startup_stm32f40_41xxx.o(.text)
    SDIO_IRQHandler                          0x08005d47   Thumb Code     0  startup_stm32f40_41xxx.o(.text)
    SPI1_IRQHandler                          0x08005d47   Thumb Code     0  startup_stm32f40_41xxx.o(.text)
    SPI2_IRQHandler                          0x08005d47   Thumb Code     0  startup_stm32f40_41xxx.o(.text)
    SPI3_IRQHandler                          0x08005d47   Thumb Code     0  startup_stm32f40_41xxx.o(.text)
    TAMP_STAMP_IRQHandler                    0x08005d47   Thumb Code     0  startup_stm32f40_41xxx.o(.text)
    TIM1_BRK_TIM9_IRQHandler                 0x08005d47   Thumb Code     0  startup_stm32f40_41xxx.o(.text)
    TIM1_CC_IRQHandler                       0x08005d47   Thumb Code     0  startup_stm32f40_41xxx.o(.text)
    TIM1_TRG_COM_TIM11_IRQHandler            0x08005d47   Thumb Code     0  startup_stm32f40_41xxx.o(.text)
    TIM1_UP_TIM10_IRQHandler                 0x08005d47   Thumb Code     0  startup_stm32f40_41xxx.o(.text)
    TIM2_IRQHandler                          0x08005d47   Thumb Code     0  startup_stm32f40_41xxx.o(.text)
    TIM5_IRQHandler                          0x08005d47   Thumb Code     0  startup_stm32f40_41xxx.o(.text)
    TIM6_DAC_IRQHandler                      0x08005d47   Thumb Code     0  startup_stm32f40_41xxx.o(.text)
    TIM7_IRQHandler                          0x08005d47   Thumb Code     0  startup_stm32f40_41xxx.o(.text)
    TIM8_BRK_TIM12_IRQHandler                0x08005d47   Thumb Code     0  startup_stm32f40_41xxx.o(.text)
    TIM8_CC_IRQHandler                       0x08005d47   Thumb Code     0  startup_stm32f40_41xxx.o(.text)
    TIM8_TRG_COM_TIM14_IRQHandler            0x08005d47   Thumb Code     0  startup_stm32f40_41xxx.o(.text)
    TIM8_UP_TIM13_IRQHandler                 0x08005d47   Thumb Code     0  startup_stm32f40_41xxx.o(.text)
    UART4_IRQHandler                         0x08005d47   Thumb Code     0  startup_stm32f40_41xxx.o(.text)
    UART5_IRQHandler                         0x08005d47   Thumb Code     0  startup_stm32f40_41xxx.o(.text)
    USART2_IRQHandler                        0x08005d47   Thumb Code     0  startup_stm32f40_41xxx.o(.text)
    USART3_IRQHandler                        0x08005d47   Thumb Code     0  startup_stm32f40_41xxx.o(.text)
    USART6_IRQHandler                        0x08005d47   Thumb Code     0  startup_stm32f40_41xxx.o(.text)
    WWDG_IRQHandler                          0x08005d47   Thumb Code     0  startup_stm32f40_41xxx.o(.text)
    __user_initial_stackheap                 0x08005d49   Thumb Code     0  startup_stm32f40_41xxx.o(.text)
    NVIC_PriorityGroupConfig                 0x08005d6d   Thumb Code    10  misc.o(.text)
    NVIC_Init                                0x08005d77   Thumb Code   106  misc.o(.text)
    NVIC_SetVectorTable                      0x08005de1   Thumb Code    14  misc.o(.text)
    NVIC_SystemLPConfig                      0x08005def   Thumb Code    34  misc.o(.text)
    SysTick_CLKSourceConfig                  0x08005e11   Thumb Code    40  misc.o(.text)
    GPIO_DeInit                              0x08005e4d   Thumb Code   268  stm32f4xx_gpio.o(.text)
    GPIO_Init                                0x08005f59   Thumb Code   144  stm32f4xx_gpio.o(.text)
    GPIO_StructInit                          0x08005fe9   Thumb Code    18  stm32f4xx_gpio.o(.text)
    GPIO_PinLockConfig                       0x08005ffb   Thumb Code    34  stm32f4xx_gpio.o(.text)
    GPIO_ReadInputDataBit                    0x0800601d   Thumb Code    18  stm32f4xx_gpio.o(.text)
    GPIO_ReadInputData                       0x0800602f   Thumb Code     8  stm32f4xx_gpio.o(.text)
    GPIO_ReadOutputDataBit                   0x08006037   Thumb Code    18  stm32f4xx_gpio.o(.text)
    GPIO_ReadOutputData                      0x08006049   Thumb Code     8  stm32f4xx_gpio.o(.text)
    GPIO_SetBits                             0x08006051   Thumb Code     4  stm32f4xx_gpio.o(.text)
    GPIO_ResetBits                           0x08006055   Thumb Code     4  stm32f4xx_gpio.o(.text)
    GPIO_WriteBit                            0x08006059   Thumb Code    10  stm32f4xx_gpio.o(.text)
    GPIO_Write                               0x08006063   Thumb Code     4  stm32f4xx_gpio.o(.text)
    GPIO_ToggleBits                          0x08006067   Thumb Code     8  stm32f4xx_gpio.o(.text)
    GPIO_PinAFConfig                         0x0800606f   Thumb Code    70  stm32f4xx_gpio.o(.text)
    FSMC_NORSRAMDeInit                       0x080060e1   Thumb Code    54  stm32f4xx_fsmc.o(.text)
    FSMC_NORSRAMInit                         0x08006117   Thumb Code   230  stm32f4xx_fsmc.o(.text)
    FSMC_NORSRAMStructInit                   0x080061fd   Thumb Code    48  stm32f4xx_fsmc.o(.text)
    FSMC_NORSRAMCmd                          0x0800622d   Thumb Code    46  stm32f4xx_fsmc.o(.text)
    FSMC_NANDDeInit                          0x0800625b   Thumb Code    62  stm32f4xx_fsmc.o(.text)
    FSMC_NANDInit                            0x08006299   Thumb Code   132  stm32f4xx_fsmc.o(.text)
    FSMC_NANDStructInit                      0x0800631d   Thumb Code    54  stm32f4xx_fsmc.o(.text)
    FSMC_NANDCmd                             0x08006353   Thumb Code    86  stm32f4xx_fsmc.o(.text)
    FSMC_NANDECCCmd                          0x080063a9   Thumb Code    86  stm32f4xx_fsmc.o(.text)
    FSMC_GetECC                              0x080063ff   Thumb Code    24  stm32f4xx_fsmc.o(.text)
    FSMC_PCCARDDeInit                        0x08006417   Thumb Code    36  stm32f4xx_fsmc.o(.text)
    FSMC_PCCARDInit                          0x0800643b   Thumb Code   130  stm32f4xx_fsmc.o(.text)
    FSMC_PCCARDStructInit                    0x080064bd   Thumb Code    60  stm32f4xx_fsmc.o(.text)
    FSMC_PCCARDCmd                           0x080064f9   Thumb Code    44  stm32f4xx_fsmc.o(.text)
    FSMC_ITConfig                            0x08006525   Thumb Code   128  stm32f4xx_fsmc.o(.text)
    FSMC_GetFlagStatus                       0x080065a5   Thumb Code    54  stm32f4xx_fsmc.o(.text)
    FSMC_ClearFlag                           0x080065db   Thumb Code    74  stm32f4xx_fsmc.o(.text)
    FSMC_GetITStatus                         0x08006625   Thumb Code    62  stm32f4xx_fsmc.o(.text)
    FSMC_ClearITPendingBit                   0x08006663   Thumb Code    66  stm32f4xx_fsmc.o(.text)
    RCC_DeInit                               0x080066a9   Thumb Code    82  stm32f4xx_rcc.o(.text)
    RCC_HSEConfig                            0x080066fb   Thumb Code    14  stm32f4xx_rcc.o(.text)
    RCC_GetFlagStatus                        0x08006709   Thumb Code    60  stm32f4xx_rcc.o(.text)
    RCC_WaitForHSEStartUp                    0x08006745   Thumb Code    56  stm32f4xx_rcc.o(.text)
    RCC_AdjustHSICalibrationValue            0x0800677d   Thumb Code    20  stm32f4xx_rcc.o(.text)
    RCC_HSICmd                               0x08006791   Thumb Code     6  stm32f4xx_rcc.o(.text)
    RCC_LSEConfig                            0x08006797   Thumb Code    46  stm32f4xx_rcc.o(.text)
    RCC_LSICmd                               0x080067c5   Thumb Code     6  stm32f4xx_rcc.o(.text)
    RCC_PLLConfig                            0x080067cb   Thumb Code    32  stm32f4xx_rcc.o(.text)
    RCC_PLLCmd                               0x080067eb   Thumb Code     6  stm32f4xx_rcc.o(.text)
    RCC_PLLI2SConfig                         0x080067f1   Thumb Code    14  stm32f4xx_rcc.o(.text)
    RCC_PLLI2SCmd                            0x080067ff   Thumb Code     6  stm32f4xx_rcc.o(.text)
    RCC_PLLSAIConfig                         0x08006805   Thumb Code    20  stm32f4xx_rcc.o(.text)
    RCC_PLLSAICmd                            0x08006819   Thumb Code     6  stm32f4xx_rcc.o(.text)
    RCC_ClockSecuritySystemCmd               0x0800681f   Thumb Code     6  stm32f4xx_rcc.o(.text)
    RCC_MCO1Config                           0x08006825   Thumb Code    28  stm32f4xx_rcc.o(.text)
    RCC_MCO2Config                           0x08006841   Thumb Code    28  stm32f4xx_rcc.o(.text)
    RCC_SYSCLKConfig                         0x0800685d   Thumb Code    20  stm32f4xx_rcc.o(.text)
    RCC_GetSYSCLKSource                      0x08006871   Thumb Code    12  stm32f4xx_rcc.o(.text)
    RCC_HCLKConfig                           0x0800687d   Thumb Code    20  stm32f4xx_rcc.o(.text)
    RCC_PCLK1Config                          0x08006891   Thumb Code    20  stm32f4xx_rcc.o(.text)
    RCC_PCLK2Config                          0x080068a5   Thumb Code    22  stm32f4xx_rcc.o(.text)
    RCC_GetClocksFreq                        0x080068bb   Thumb Code   222  stm32f4xx_rcc.o(.text)
    RCC_RTCCLKConfig                         0x08006999   Thumb Code    54  stm32f4xx_rcc.o(.text)
    RCC_RTCCLKCmd                            0x080069cf   Thumb Code     8  stm32f4xx_rcc.o(.text)
    RCC_BackupResetCmd                       0x080069d7   Thumb Code     8  stm32f4xx_rcc.o(.text)
    RCC_I2SCLKConfig                         0x080069df   Thumb Code     6  stm32f4xx_rcc.o(.text)
    RCC_SAIPLLI2SClkDivConfig                0x080069e5   Thumb Code    26  stm32f4xx_rcc.o(.text)
    RCC_SAIPLLSAIClkDivConfig                0x080069ff   Thumb Code    28  stm32f4xx_rcc.o(.text)
    RCC_SAIBlockACLKConfig                   0x08006a1b   Thumb Code    20  stm32f4xx_rcc.o(.text)
    RCC_SAIBlockBCLKConfig                   0x08006a2f   Thumb Code    20  stm32f4xx_rcc.o(.text)
    RCC_LTDCCLKDivConfig                     0x08006a43   Thumb Code    20  stm32f4xx_rcc.o(.text)
    RCC_TIMCLKPresConfig                     0x08006a57   Thumb Code     6  stm32f4xx_rcc.o(.text)
    RCC_AHB1PeriphClockCmd                   0x08006a5d   Thumb Code    34  stm32f4xx_rcc.o(.text)
    RCC_AHB2PeriphClockCmd                   0x08006a7f   Thumb Code    78  stm32f4xx_rcc.o(.text)
    RCC_AHB3PeriphClockCmd                   0x08006acd   Thumb Code    34  stm32f4xx_rcc.o(.text)
    RCC_APB1PeriphClockCmd                   0x08006aef   Thumb Code    34  stm32f4xx_rcc.o(.text)
    RCC_APB2PeriphClockCmd                   0x08006b11   Thumb Code    34  stm32f4xx_rcc.o(.text)
    RCC_AHB1PeriphResetCmd                   0x08006b33   Thumb Code    34  stm32f4xx_rcc.o(.text)
    RCC_AHB2PeriphResetCmd                   0x08006b55   Thumb Code    34  stm32f4xx_rcc.o(.text)
    RCC_AHB3PeriphResetCmd                   0x08006b77   Thumb Code    34  stm32f4xx_rcc.o(.text)
    RCC_APB1PeriphResetCmd                   0x08006b99   Thumb Code    34  stm32f4xx_rcc.o(.text)
    RCC_APB2PeriphResetCmd                   0x08006bbb   Thumb Code    34  stm32f4xx_rcc.o(.text)
    RCC_AHB1PeriphClockLPModeCmd             0x08006bdd   Thumb Code    34  stm32f4xx_rcc.o(.text)
    RCC_AHB2PeriphClockLPModeCmd             0x08006bff   Thumb Code    34  stm32f4xx_rcc.o(.text)
    RCC_AHB3PeriphClockLPModeCmd             0x08006c21   Thumb Code    34  stm32f4xx_rcc.o(.text)
    RCC_APB1PeriphClockLPModeCmd             0x08006c43   Thumb Code    34  stm32f4xx_rcc.o(.text)
    RCC_APB2PeriphClockLPModeCmd             0x08006c65   Thumb Code    34  stm32f4xx_rcc.o(.text)
    RCC_LSEModeConfig                        0x08006c87   Thumb Code    40  stm32f4xx_rcc.o(.text)
    RCC_ITConfig                             0x08006caf   Thumb Code    34  stm32f4xx_rcc.o(.text)
    RCC_ClearFlag                            0x08006cd1   Thumb Code    18  stm32f4xx_rcc.o(.text)
    RCC_GetITStatus                          0x08006ce3   Thumb Code    22  stm32f4xx_rcc.o(.text)
    RCC_ClearITPendingBit                    0x08006cf9   Thumb Code     8  stm32f4xx_rcc.o(.text)
    USART_DeInit                             0x08006d05   Thumb Code   206  stm32f4xx_usart.o(.text)
    USART_Init                               0x08006dd3   Thumb Code   204  stm32f4xx_usart.o(.text)
    USART_StructInit                         0x08006e9f   Thumb Code    24  stm32f4xx_usart.o(.text)
    USART_ClockInit                          0x08006eb7   Thumb Code    32  stm32f4xx_usart.o(.text)
    USART_ClockStructInit                    0x08006ed7   Thumb Code    12  stm32f4xx_usart.o(.text)
    USART_Cmd                                0x08006ee3   Thumb Code    24  stm32f4xx_usart.o(.text)
    USART_SetPrescaler                       0x08006efb   Thumb Code    16  stm32f4xx_usart.o(.text)
    USART_OverSampling8Cmd                   0x08006f0b   Thumb Code    22  stm32f4xx_usart.o(.text)
    USART_OneBitMethodCmd                    0x08006f21   Thumb Code    24  stm32f4xx_usart.o(.text)
    USART_SendData                           0x08006f39   Thumb Code     8  stm32f4xx_usart.o(.text)
    USART_ReceiveData                        0x08006f41   Thumb Code    10  stm32f4xx_usart.o(.text)
    USART_SetAddress                         0x08006f4b   Thumb Code    18  stm32f4xx_usart.o(.text)
    USART_ReceiverWakeUpCmd                  0x08006f5d   Thumb Code    24  stm32f4xx_usart.o(.text)
    USART_WakeUpConfig                       0x08006f75   Thumb Code    18  stm32f4xx_usart.o(.text)
    USART_LINBreakDetectLengthConfig         0x08006f87   Thumb Code    18  stm32f4xx_usart.o(.text)
    USART_LINCmd                             0x08006f99   Thumb Code    24  stm32f4xx_usart.o(.text)
    USART_SendBreak                          0x08006fb1   Thumb Code    10  stm32f4xx_usart.o(.text)
    USART_HalfDuplexCmd                      0x08006fbb   Thumb Code    24  stm32f4xx_usart.o(.text)
    USART_SetGuardTime                       0x08006fd3   Thumb Code    16  stm32f4xx_usart.o(.text)
    USART_SmartCardCmd                       0x08006fe3   Thumb Code    24  stm32f4xx_usart.o(.text)
    USART_SmartCardNACKCmd                   0x08006ffb   Thumb Code    24  stm32f4xx_usart.o(.text)
    USART_IrDAConfig                         0x08007013   Thumb Code    18  stm32f4xx_usart.o(.text)
    USART_IrDACmd                            0x08007025   Thumb Code    24  stm32f4xx_usart.o(.text)
    USART_DMACmd                             0x0800703d   Thumb Code    18  stm32f4xx_usart.o(.text)
    USART_ITConfig                           0x0800704f   Thumb Code    74  stm32f4xx_usart.o(.text)
    USART_GetFlagStatus                      0x08007099   Thumb Code    26  stm32f4xx_usart.o(.text)
    USART_ClearFlag                          0x080070b3   Thumb Code    18  stm32f4xx_usart.o(.text)
    USART_GetITStatus                        0x080070c5   Thumb Code   118  stm32f4xx_usart.o(.text)
    USART_ClearITPendingBit                  0x0800713b   Thumb Code    30  stm32f4xx_usart.o(.text)
    RTC_WaitForSynchro                       0x08007159   Thumb Code    92  stm32f4xx_rtc.o(.text)
    RTC_EnterInitMode                        0x080071b5   Thumb Code    84  stm32f4xx_rtc.o(.text)
    RTC_DeInit                               0x08007209   Thumb Code   204  stm32f4xx_rtc.o(.text)
    RTC_ExitInitMode                         0x080072d5   Thumb Code    18  stm32f4xx_rtc.o(.text)
    RTC_Init                                 0x080072e7   Thumb Code    94  stm32f4xx_rtc.o(.text)
    RTC_StructInit                           0x08007345   Thumb Code    14  stm32f4xx_rtc.o(.text)
    RTC_WriteProtectionCmd                   0x08007353   Thumb Code    22  stm32f4xx_rtc.o(.text)
    RTC_RefClockCmd                          0x08007369   Thumb Code    76  stm32f4xx_rtc.o(.text)
    RTC_BypassShadowCmd                      0x080073b5   Thumb Code    54  stm32f4xx_rtc.o(.text)
    RTC_SetTime                              0x0800741d   Thumb Code   200  stm32f4xx_rtc.o(.text)
    RTC_TimeStructInit                       0x080074e5   Thumb Code    12  stm32f4xx_rtc.o(.text)
    RTC_GetTime                              0x080074f1   Thumb Code    74  stm32f4xx_rtc.o(.text)
    RTC_GetSubSecond                         0x0800753b   Thumb Code    30  stm32f4xx_rtc.o(.text)
    RTC_SetDate                              0x08007559   Thumb Code   190  stm32f4xx_rtc.o(.text)
    RTC_DateStructInit                       0x08007617   Thumb Code    14  stm32f4xx_rtc.o(.text)
    RTC_GetDate                              0x08007625   Thumb Code    70  stm32f4xx_rtc.o(.text)
    RTC_SetAlarm                             0x0800766b   Thumb Code   230  stm32f4xx_rtc.o(.text)
    RTC_AlarmStructInit                      0x08007751   Thumb Code    22  stm32f4xx_rtc.o(.text)
    RTC_GetAlarm                             0x08007767   Thumb Code   114  stm32f4xx_rtc.o(.text)
    RTC_AlarmCmd                             0x080077d9   Thumb Code   112  stm32f4xx_rtc.o(.text)
    RTC_AlarmSubSecondConfig                 0x08007849   Thumb Code    46  stm32f4xx_rtc.o(.text)
    RTC_GetAlarmSubSecond                    0x08007877   Thumb Code    34  stm32f4xx_rtc.o(.text)
    RTC_WakeUpClockConfig                    0x08007899   Thumb Code    42  stm32f4xx_rtc.o(.text)
    RTC_SetWakeUpCounter                     0x080078c3   Thumb Code    22  stm32f4xx_rtc.o(.text)
    RTC_GetWakeUpCounter                     0x080078d9   Thumb Code    10  stm32f4xx_rtc.o(.text)
    RTC_WakeUpCmd                            0x080078e3   Thumb Code   116  stm32f4xx_rtc.o(.text)
    RTC_DayLightSavingConfig                 0x08007957   Thumb Code    50  stm32f4xx_rtc.o(.text)
    RTC_GetStoreOperation                    0x08007989   Thumb Code    12  stm32f4xx_rtc.o(.text)
    RTC_OutputConfig                         0x08007995   Thumb Code    60  stm32f4xx_rtc.o(.text)
    RTC_CoarseCalibConfig                    0x080079d1   Thumb Code    52  stm32f4xx_rtc.o(.text)
    RTC_CoarseCalibCmd                       0x08007a05   Thumb Code    76  stm32f4xx_rtc.o(.text)
    RTC_CalibOutputCmd                       0x08007a51   Thumb Code    54  stm32f4xx_rtc.o(.text)
    RTC_CalibOutputConfig                    0x08007a87   Thumb Code    42  stm32f4xx_rtc.o(.text)
    RTC_SmoothCalibConfig                    0x08007ab1   Thumb Code    90  stm32f4xx_rtc.o(.text)
    RTC_TimeStampCmd                         0x08007b0b   Thumb Code    54  stm32f4xx_rtc.o(.text)
    RTC_GetTimeStamp                         0x08007b41   Thumb Code   144  stm32f4xx_rtc.o(.text)
    RTC_GetTimeStampSubSecond                0x08007bd1   Thumb Code     8  stm32f4xx_rtc.o(.text)
    RTC_TamperTriggerConfig                  0x08007bd9   Thumb Code    38  stm32f4xx_rtc.o(.text)
    RTC_TamperCmd                            0x08007bff   Thumb Code    34  stm32f4xx_rtc.o(.text)
    RTC_TamperFilterConfig                   0x08007c21   Thumb Code    26  stm32f4xx_rtc.o(.text)
    RTC_TamperSamplingFreqConfig             0x08007c3b   Thumb Code    26  stm32f4xx_rtc.o(.text)
    RTC_TamperPinsPrechargeDuration          0x08007c55   Thumb Code    26  stm32f4xx_rtc.o(.text)
    RTC_TimeStampOnTamperDetectionCmd        0x08007c6f   Thumb Code    38  stm32f4xx_rtc.o(.text)
    RTC_TamperPullUpCmd                      0x08007c95   Thumb Code    38  stm32f4xx_rtc.o(.text)
    RTC_WriteBackupRegister                  0x08007cbb   Thumb Code    26  stm32f4xx_rtc.o(.text)
    RTC_ReadBackupRegister                   0x08007cd5   Thumb Code    28  stm32f4xx_rtc.o(.text)
    RTC_TamperPinSelection                   0x08007cf1   Thumb Code    26  stm32f4xx_rtc.o(.text)
    RTC_TimeStampPinSelection                0x08007d0b   Thumb Code    26  stm32f4xx_rtc.o(.text)
    RTC_OutputTypeConfig                     0x08007d25   Thumb Code    26  stm32f4xx_rtc.o(.text)
    RTC_SynchroShiftConfig                   0x08007d3f   Thumb Code   130  stm32f4xx_rtc.o(.text)
    RTC_ITConfig                             0x08007dc1   Thumb Code    94  stm32f4xx_rtc.o(.text)
    RTC_GetFlagStatus                        0x08007e1f   Thumb Code    34  stm32f4xx_rtc.o(.text)
    RTC_ClearFlag                            0x08007e41   Thumb Code    28  stm32f4xx_rtc.o(.text)
    RTC_GetITStatus                          0x08007e5d   Thumb Code    60  stm32f4xx_rtc.o(.text)
    RTC_ClearITPendingBit                    0x08007e99   Thumb Code    32  stm32f4xx_rtc.o(.text)
    TIM_DeInit                               0x08007ec1   Thumb Code   346  stm32f4xx_tim.o(.text)
    TIM_TimeBaseInit                         0x0800801b   Thumb Code   104  stm32f4xx_tim.o(.text)
    TIM_TimeBaseStructInit                   0x08008083   Thumb Code    18  stm32f4xx_tim.o(.text)
    TIM_PrescalerConfig                      0x08008095   Thumb Code     6  stm32f4xx_tim.o(.text)
    TIM_CounterModeConfig                    0x0800809b   Thumb Code    18  stm32f4xx_tim.o(.text)
    TIM_SetCounter                           0x080080ad   Thumb Code     4  stm32f4xx_tim.o(.text)
    TIM_SetAutoreload                        0x080080b1   Thumb Code     4  stm32f4xx_tim.o(.text)
    TIM_GetCounter                           0x080080b5   Thumb Code     6  stm32f4xx_tim.o(.text)
    TIM_GetPrescaler                         0x080080bb   Thumb Code     6  stm32f4xx_tim.o(.text)
    TIM_UpdateDisableConfig                  0x080080c1   Thumb Code    24  stm32f4xx_tim.o(.text)
    TIM_UpdateRequestConfig                  0x080080d9   Thumb Code    24  stm32f4xx_tim.o(.text)
    TIM_ARRPreloadConfig                     0x080080f1   Thumb Code    24  stm32f4xx_tim.o(.text)
    TIM_SelectOnePulseMode                   0x08008109   Thumb Code    18  stm32f4xx_tim.o(.text)
    TIM_SetClockDivision                     0x0800811b   Thumb Code    18  stm32f4xx_tim.o(.text)
    TIM_Cmd                                  0x0800812d   Thumb Code    24  stm32f4xx_tim.o(.text)
    TIM_OC1Init                              0x08008145   Thumb Code   114  stm32f4xx_tim.o(.text)
    TIM_OC2Init                              0x080081b7   Thumb Code   154  stm32f4xx_tim.o(.text)
    TIM_OC3Init                              0x08008251   Thumb Code   204  stm32f4xx_tim.o(.text)
    TIM_OC4Init                              0x0800831d   Thumb Code   112  stm32f4xx_tim.o(.text)
    TIM_OCStructInit                         0x0800838d   Thumb Code    20  stm32f4xx_tim.o(.text)
    TIM_SelectOCxM                           0x080083a1   Thumb Code    86  stm32f4xx_tim.o(.text)
    TIM_SetCompare1                          0x080083f7   Thumb Code     4  stm32f4xx_tim.o(.text)
    TIM_SetCompare2                          0x080083fb   Thumb Code     4  stm32f4xx_tim.o(.text)
    TIM_SetCompare3                          0x080083ff   Thumb Code     4  stm32f4xx_tim.o(.text)
    TIM_SetCompare4                          0x08008403   Thumb Code     4  stm32f4xx_tim.o(.text)
    TIM_ForcedOC1Config                      0x08008407   Thumb Code    18  stm32f4xx_tim.o(.text)
    TIM_ForcedOC2Config                      0x08008419   Thumb Code    26  stm32f4xx_tim.o(.text)
    TIM_ForcedOC3Config                      0x08008433   Thumb Code    18  stm32f4xx_tim.o(.text)
    TIM_ForcedOC4Config                      0x08008445   Thumb Code    26  stm32f4xx_tim.o(.text)
    TIM_OC1PreloadConfig                     0x0800845f   Thumb Code    18  stm32f4xx_tim.o(.text)
    TIM_OC2PreloadConfig                     0x08008471   Thumb Code    26  stm32f4xx_tim.o(.text)
    TIM_OC3PreloadConfig                     0x0800848b   Thumb Code    18  stm32f4xx_tim.o(.text)
    TIM_OC4PreloadConfig                     0x0800849d   Thumb Code    26  stm32f4xx_tim.o(.text)
    TIM_OC1FastConfig                        0x080084b7   Thumb Code    18  stm32f4xx_tim.o(.text)
    TIM_OC2FastConfig                        0x080084c9   Thumb Code    26  stm32f4xx_tim.o(.text)
    TIM_OC3FastConfig                        0x080084e3   Thumb Code    18  stm32f4xx_tim.o(.text)
    TIM_OC4FastConfig                        0x080084f5   Thumb Code    26  stm32f4xx_tim.o(.text)
    TIM_ClearOC1Ref                          0x0800850f   Thumb Code    18  stm32f4xx_tim.o(.text)
    TIM_ClearOC2Ref                          0x08008521   Thumb Code    24  stm32f4xx_tim.o(.text)
    TIM_ClearOC3Ref                          0x08008539   Thumb Code    18  stm32f4xx_tim.o(.text)
    TIM_ClearOC4Ref                          0x0800854b   Thumb Code    24  stm32f4xx_tim.o(.text)
    TIM_OC1PolarityConfig                    0x08008563   Thumb Code    18  stm32f4xx_tim.o(.text)
    TIM_OC1NPolarityConfig                   0x08008575   Thumb Code    18  stm32f4xx_tim.o(.text)
    TIM_OC2PolarityConfig                    0x08008587   Thumb Code    26  stm32f4xx_tim.o(.text)
    TIM_OC2NPolarityConfig                   0x080085a1   Thumb Code    26  stm32f4xx_tim.o(.text)
    TIM_OC3PolarityConfig                    0x080085bb   Thumb Code    26  stm32f4xx_tim.o(.text)
    TIM_OC3NPolarityConfig                   0x080085d5   Thumb Code    26  stm32f4xx_tim.o(.text)
    TIM_OC4PolarityConfig                    0x080085ef   Thumb Code    26  stm32f4xx_tim.o(.text)
    TIM_CCxCmd                               0x08008609   Thumb Code    30  stm32f4xx_tim.o(.text)
    TIM_CCxNCmd                              0x08008627   Thumb Code    30  stm32f4xx_tim.o(.text)
    TIM_SetIC4Prescaler                      0x08008645   Thumb Code    26  stm32f4xx_tim.o(.text)
    TIM_SetIC3Prescaler                      0x080086af   Thumb Code    18  stm32f4xx_tim.o(.text)
    TIM_SetIC2Prescaler                      0x08008709   Thumb Code    26  stm32f4xx_tim.o(.text)
    TIM_SetIC1Prescaler                      0x0800877d   Thumb Code    18  stm32f4xx_tim.o(.text)
    TIM_ICInit                               0x080087c9   Thumb Code   110  stm32f4xx_tim.o(.text)
    TIM_ICStructInit                         0x08008837   Thumb Code    18  stm32f4xx_tim.o(.text)
    TIM_PWMIConfig                           0x08008849   Thumb Code   124  stm32f4xx_tim.o(.text)
    TIM_GetCapture1                          0x080088c5   Thumb Code     6  stm32f4xx_tim.o(.text)
    TIM_GetCapture2                          0x080088cb   Thumb Code     6  stm32f4xx_tim.o(.text)
    TIM_GetCapture3                          0x080088d1   Thumb Code     6  stm32f4xx_tim.o(.text)
    TIM_GetCapture4                          0x080088d7   Thumb Code     6  stm32f4xx_tim.o(.text)
    TIM_BDTRConfig                           0x080088dd   Thumb Code    32  stm32f4xx_tim.o(.text)
    TIM_BDTRStructInit                       0x080088fd   Thumb Code    18  stm32f4xx_tim.o(.text)
    TIM_CtrlPWMOutputs                       0x0800890f   Thumb Code    30  stm32f4xx_tim.o(.text)
    TIM_SelectCOM                            0x0800892d   Thumb Code    24  stm32f4xx_tim.o(.text)
    TIM_CCPreloadControl                     0x08008945   Thumb Code    24  stm32f4xx_tim.o(.text)
    TIM_ITConfig                             0x0800895d   Thumb Code    18  stm32f4xx_tim.o(.text)
    TIM_GenerateEvent                        0x0800896f   Thumb Code     4  stm32f4xx_tim.o(.text)
    TIM_GetFlagStatus                        0x08008973   Thumb Code    18  stm32f4xx_tim.o(.text)
    TIM_ClearFlag                            0x08008985   Thumb Code     6  stm32f4xx_tim.o(.text)
    TIM_GetITStatus                          0x0800898b   Thumb Code    34  stm32f4xx_tim.o(.text)
    TIM_ClearITPendingBit                    0x080089ad   Thumb Code     6  stm32f4xx_tim.o(.text)
    TIM_DMAConfig                            0x080089b3   Thumb Code    10  stm32f4xx_tim.o(.text)
    TIM_DMACmd                               0x080089bd   Thumb Code    18  stm32f4xx_tim.o(.text)
    TIM_SelectCCDMA                          0x080089cf   Thumb Code    24  stm32f4xx_tim.o(.text)
    TIM_InternalClockConfig                  0x080089e7   Thumb Code    12  stm32f4xx_tim.o(.text)
    TIM_SelectInputTrigger                   0x080089f3   Thumb Code    18  stm32f4xx_tim.o(.text)
    TIM_ITRxExternalClockConfig              0x08008a05   Thumb Code    24  stm32f4xx_tim.o(.text)
    TIM_TIxExternalClockConfig               0x08008a1d   Thumb Code    62  stm32f4xx_tim.o(.text)
    TIM_ETRConfig                            0x08008a5b   Thumb Code    28  stm32f4xx_tim.o(.text)
    TIM_ETRClockMode1Config                  0x08008a77   Thumb Code    54  stm32f4xx_tim.o(.text)
    TIM_ETRClockMode2Config                  0x08008aad   Thumb Code    32  stm32f4xx_tim.o(.text)
    TIM_SelectOutputTrigger                  0x08008acd   Thumb Code    18  stm32f4xx_tim.o(.text)
    TIM_SelectSlaveMode                      0x08008adf   Thumb Code    18  stm32f4xx_tim.o(.text)
    TIM_SelectMasterSlaveMode                0x08008af1   Thumb Code    18  stm32f4xx_tim.o(.text)
    TIM_EncoderInterfaceConfig               0x08008b03   Thumb Code    66  stm32f4xx_tim.o(.text)
    TIM_SelectHallSensor                     0x08008b45   Thumb Code    24  stm32f4xx_tim.o(.text)
    TIM_RemapConfig                          0x08008b5d   Thumb Code     6  stm32f4xx_tim.o(.text)
    EXTI_DeInit                              0x08008b65   Thumb Code    28  stm32f4xx_exti.o(.text)
    EXTI_Init                                0x08008b81   Thumb Code   142  stm32f4xx_exti.o(.text)
    EXTI_StructInit                          0x08008c0f   Thumb Code    16  stm32f4xx_exti.o(.text)
    EXTI_GenerateSWInterrupt                 0x08008c1f   Thumb Code    16  stm32f4xx_exti.o(.text)
    EXTI_GetFlagStatus                       0x08008c2f   Thumb Code    22  stm32f4xx_exti.o(.text)
    EXTI_ClearFlag                           0x08008c45   Thumb Code     8  stm32f4xx_exti.o(.text)
    EXTI_GetITStatus                         0x08008c4d   Thumb Code    22  stm32f4xx_exti.o(.text)
    EXTI_ClearITPendingBit                   0x08008c63   Thumb Code     8  stm32f4xx_exti.o(.text)
    PWR_DeInit                               0x08008c75   Thumb Code    22  stm32f4xx_pwr.o(.text)
    PWR_BackupAccessCmd                      0x08008c8b   Thumb Code     6  stm32f4xx_pwr.o(.text)
    PWR_PVDLevelConfig                       0x08008c91   Thumb Code    18  stm32f4xx_pwr.o(.text)
    PWR_PVDCmd                               0x08008ca3   Thumb Code     6  stm32f4xx_pwr.o(.text)
    PWR_WakeUpPinCmd                         0x08008ca9   Thumb Code     8  stm32f4xx_pwr.o(.text)
    PWR_BackupRegulatorCmd                   0x08008cb1   Thumb Code     8  stm32f4xx_pwr.o(.text)
    PWR_MainRegulatorModeConfig              0x08008cb9   Thumb Code    18  stm32f4xx_pwr.o(.text)
    PWR_OverDriveCmd                         0x08008ccb   Thumb Code     6  stm32f4xx_pwr.o(.text)
    PWR_OverDriveSWCmd                       0x08008cd1   Thumb Code     6  stm32f4xx_pwr.o(.text)
    PWR_UnderDriveCmd                        0x08008cd7   Thumb Code    30  stm32f4xx_pwr.o(.text)
    PWR_MainRegulatorLowVoltageCmd           0x08008cf5   Thumb Code    18  stm32f4xx_pwr.o(.text)
    PWR_LowRegulatorLowVoltageCmd            0x08008d07   Thumb Code    18  stm32f4xx_pwr.o(.text)
    PWR_FlashPowerDownCmd                    0x08008d19   Thumb Code     6  stm32f4xx_pwr.o(.text)
    PWR_EnterSTOPMode                        0x08008d1f   Thumb Code    58  stm32f4xx_pwr.o(.text)
    PWR_EnterUnderDriveSTOPMode              0x08008d59   Thumb Code    58  stm32f4xx_pwr.o(.text)
    PWR_EnterSTANDBYMode                     0x08008d93   Thumb Code    32  stm32f4xx_pwr.o(.text)
    PWR_GetFlagStatus                        0x08008db3   Thumb Code    20  stm32f4xx_pwr.o(.text)
    PWR_ClearFlag                            0x08008dc7   Thumb Code    14  stm32f4xx_pwr.o(.text)
    usmart_sys_cmd_exe                       0x08008de1   Thumb Code  1554  usmart.o(.text)
    usmart_reset_runtime                     0x080093f3   Thumb Code    38  usmart.o(.text)
    usmart_get_runtime                       0x08009419   Thumb Code    60  usmart.o(.text)
    TIM4_IRQHandler                          0x08009455   Thumb Code    46  usmart.o(.text)
    Timer4_Init                              0x08009483   Thumb Code    86  usmart.o(.text)
    usmart_init                              0x080094d9   Thumb Code    36  usmart.o(.text)
    usmart_cmd_rec                           0x080094fd   Thumb Code   170  usmart.o(.text)
    usmart_exe                               0x080095a7   Thumb Code   868  usmart.o(.text)
    usmart_scan                              0x0800990b   Thumb Code   120  usmart.o(.text)
    read_addr                                0x08009983   Thumb Code     6  usmart.o(.text)
    write_addr                               0x08009989   Thumb Code     4  usmart.o(.text)
    usmart_strcmp                            0x08009a15   Thumb Code    34  usmart_str.o(.text)
    usmart_strcopy                           0x08009a37   Thumb Code    22  usmart_str.o(.text)
    usmart_strlen                            0x08009a4d   Thumb Code    24  usmart_str.o(.text)
    usmart_pow                               0x08009a65   Thumb Code    22  usmart_str.o(.text)
    usmart_str2num                           0x08009a7b   Thumb Code   202  usmart_str.o(.text)
    usmart_get_cmdname                       0x08009b45   Thumb Code    54  usmart_str.o(.text)
    usmart_search_nextc                      0x08009b7b   Thumb Code    22  usmart_str.o(.text)
    usmart_get_fname                         0x08009b91   Thumb Code   440  usmart_str.o(.text)
    usmart_get_aparm                         0x08009d49   Thumb Code   200  usmart_str.o(.text)
    usmart_get_parmpos                       0x08009e11   Thumb Code    26  usmart_str.o(.text)
    usmart_get_fparam                        0x08009e2b   Thumb Code   262  usmart_str.o(.text)
    __use_no_semihosting                     0x08009f3d   Thumb Code     2  use_no_semi_2.o(.text)
    __2printf                                0x08009f41   Thumb Code    20  noretval__2printf.o(.text)
    __2sprintf                               0x08009f59   Thumb Code    34  noretval__2sprintf.o(.text)
    _printf_pre_padding                      0x08009f81   Thumb Code    44  _printf_pad.o(.text)
    _printf_post_padding                     0x08009fad   Thumb Code    34  _printf_pad.o(.text)
    _printf_str                              0x08009fcf   Thumb Code    82  _printf_str.o(.text)
    _printf_int_dec                          0x0800a021   Thumb Code   104  _printf_dec.o(.text)
    _printf_int_hex                          0x0800a099   Thumb Code    84  _printf_hex_int.o(.text)
    _printf_longlong_hex                     0x0800a099   Thumb Code     0  _printf_hex_int.o(.text)
    __printf                                 0x0800a0f1   Thumb Code   388  __printf_flags_ss_wp.o(.text)
    __use_two_region_memory                  0x0800a279   Thumb Code     2  heapauxi.o(.text)
    __rt_heap_escrow$2region                 0x0800a27b   Thumb Code     2  heapauxi.o(.text)
    __rt_heap_expand$2region                 0x0800a27d   Thumb Code     2  heapauxi.o(.text)
    __I$use$semihosting                      0x0800a27f   Thumb Code     0  use_no_semi.o(.text)
    __use_no_semihosting_swi                 0x0800a27f   Thumb Code     2  use_no_semi.o(.text)
    _printf_int_common                       0x0800a281   Thumb Code   178  _printf_intcommon.o(.text)
    _printf_char_common                      0x0800a33f   Thumb Code    32  _printf_char_common.o(.text)
    _sputc                                   0x0800a365   Thumb Code    10  _sputc.o(.text)
    _printf_cs_common                        0x0800a36f   Thumb Code    20  _printf_char.o(.text)
    _printf_char                             0x0800a383   Thumb Code    16  _printf_char.o(.text)
    _printf_string                           0x0800a393   Thumb Code     8  _printf_char.o(.text)
    _printf_char_file                        0x0800a39d   Thumb Code    32  _printf_char_file.o(.text)
    ferror                                   0x0800a3c1   Thumb Code     8  ferror.o(.text)
    __user_setup_stackheap                   0x0800a3c9   Thumb Code    74  sys_stackheap_outer.o(.text)
    exit                                     0x0800a413   Thumb Code    12  exit.o(.text)
    __user_libspace                          0x0800a421   Thumb Code     8  libspace.o(.text)
    __user_perproc_libspace                  0x0800a421   Thumb Code     0  libspace.o(.text)
    __user_perthread_libspace                0x0800a421   Thumb Code     0  libspace.o(.text)
    _is_digit                                0x0800a429   Thumb Code    14  __printf_wp.o(i._is_digit)
    __aeabi_d2uiz                            0x0800a439   Thumb Code     0  dfixu.o(x$fpl$dfixu)
    _dfixu                                   0x0800a439   Thumb Code    90  dfixu.o(x$fpl$dfixu)
    __aeabi_ui2d                             0x0800a493   Thumb Code     0  dflt_clz.o(x$fpl$dfltu)
    _dfltu                                   0x0800a493   Thumb Code    38  dflt_clz.o(x$fpl$dfltu)
    __aeabi_dmul                             0x0800a4b9   Thumb Code     0  dmul.o(x$fpl$dmul)
    _dmul                                    0x0800a4b9   Thumb Code   332  dmul.o(x$fpl$dmul)
    __fpl_dnaninf                            0x0800a60d   Thumb Code   156  dnaninf.o(x$fpl$dnaninf)
    __fpl_dretinf                            0x0800a6a9   Thumb Code    12  dretinf.o(x$fpl$dretinf)
    _fp_init                                 0x0800a6b5   Thumb Code    10  fpinit.o(x$fpl$fpinit)
    __fplib_config_fpu_vfp                   0x0800a6bd   Thumb Code     0  fpinit.o(x$fpl$fpinit)
    __fplib_config_pureend_doubles           0x0800a6bd   Thumb Code     0  fpinit.o(x$fpl$fpinit)
    __I$use$fp                               0x0800a6be   Number         0  usenofp.o(x$fpl$usenofp)
    asc2_1206                                0x0800a6cc   Data        1140  lcd.o(.constdata)
    asc2_1608                                0x0800ab40   Data        1520  lcd.o(.constdata)
    asc2_2412                                0x0800b130   Data        3420  lcd.o(.constdata)
    FSMC_DefaultTimingStruct                 0x0800be8c   Data          28  stm32f4xx_fsmc.o(.constdata)
    Region$$Table$$Base                      0x0800c038   Number         0  anon$$obj.o(Region$$Table)
    Region$$Table$$Limit                     0x0800c058   Number         0  anon$$obj.o(Region$$Table)
    SystemCoreClock                          0x20000000   Data           4  system_stm32f4xx.o(.data)
    AHBPrescTable                            0x20000004   Data          16  system_stm32f4xx.o(.data)
    POINT_COLOR                              0x20000014   Data           2  lcd.o(.data)
    BACK_COLOR                               0x20000016   Data           2  lcd.o(.data)
    NVIC_InitStructure                       0x20000018   Data           4  rtc.o(.data)
    mode                                     0x2000001c   Data           1  key.o(.data)
    alarm_config                             0x20000024   Data           4  user.o(.data)
    angle                                    0x20000030   Data           4  dj.o(.data)
    angle_local                              0x20000034   Data           4  dj.o(.data)
    __stdout                                 0x2000003c   Data           4  usart.o(.data)
    USART_RX_STA                             0x20000040   Data           2  usart.o(.data)
    sys_cmd_tab                              0x20000054   Data          28  usmart.o(.data)
    usmart_nametab                           0x20000070   Data          64  usmart_config.o(.data)
    usmart_dev                               0x200000b0   Data         244  usmart_config.o(.data)
    lcddev                                   0x200001a4   Data          14  lcd.o(.bss)
    USART_RX_BUF                             0x200001b2   Data         200  usart.o(.bss)
    __libspace_start                         0x2000027c   Data          96  libspace.o(.bss)
    __temporary_stack_top$libspace           0x200002dc   Data           0  libspace.o(.bss)



==============================================================================

Memory Map of the image

  Image Entry point : 0x08000189

  Load Region LR_IROM1 (Base: 0x08000000, Size: 0x0000c1fc, Max: 0x00100000, ABSOLUTE, COMPRESSED[0x0000c0d4])

    Execution Region ER_IROM1 (Base: 0x08000000, Size: 0x0000c058, Max: 0x00100000, ABSOLUTE)

    Base Addr    Size         Type   Attr      Idx    E Section Name        Object

    0x08000000   0x00000188   Data   RO          529    RESET               startup_stm32f40_41xxx.o
    0x08000188   0x00000008   Code   RO          873  * !!!main             c_w.l(__main.o)
    0x08000190   0x00000034   Code   RO         1063    !!!scatter          c_w.l(__scatter.o)
    0x080001c4   0x0000005a   Code   RO         1061    !!dczerorl2         c_w.l(__dczerorl2.o)
    0x0800021e   0x00000002   PAD
    0x08000220   0x0000001c   Code   RO         1065    !!handler_zi        c_w.l(__scatter_zi.o)
    0x0800023c   0x00000000   Code   RO          870    .ARM.Collect$$_printf_percent$$00000000  c_w.l(_printf_percent.o)
    0x0800023c   0x00000006   Code   RO          868    .ARM.Collect$$_printf_percent$$00000009  c_w.l(_printf_d.o)
    0x08000242   0x00000006   Code   RO          869    .ARM.Collect$$_printf_percent$$0000000A  c_w.l(_printf_u.o)
    0x08000248   0x00000006   Code   RO          867    .ARM.Collect$$_printf_percent$$0000000C  c_w.l(_printf_x.o)
    0x0800024e   0x00000006   Code   RO          865    .ARM.Collect$$_printf_percent$$00000013  c_w.l(_printf_c.o)
    0x08000254   0x00000006   Code   RO          866    .ARM.Collect$$_printf_percent$$00000014  c_w.l(_printf_s.o)
    0x0800025a   0x00000004   Code   RO          900    .ARM.Collect$$_printf_percent$$00000017  c_w.l(_printf_percent_end.o)
    0x0800025e   0x00000002   Code   RO          936    .ARM.Collect$$libinit$$00000000  c_w.l(libinit.o)
    0x08000260   0x00000004   Code   RO          942    .ARM.Collect$$libinit$$00000001  c_w.l(libinit2.o)
    0x08000264   0x00000000   Code   RO          945    .ARM.Collect$$libinit$$00000004  c_w.l(libinit2.o)
    0x08000264   0x00000000   Code   RO          948    .ARM.Collect$$libinit$$0000000A  c_w.l(libinit2.o)
    0x08000264   0x00000000   Code   RO          950    .ARM.Collect$$libinit$$0000000C  c_w.l(libinit2.o)
    0x08000264   0x00000000   Code   RO          952    .ARM.Collect$$libinit$$0000000E  c_w.l(libinit2.o)
    0x08000264   0x00000000   Code   RO          955    .ARM.Collect$$libinit$$00000011  c_w.l(libinit2.o)
    0x08000264   0x00000000   Code   RO          957    .ARM.Collect$$libinit$$00000013  c_w.l(libinit2.o)
    0x08000264   0x00000000   Code   RO          959    .ARM.Collect$$libinit$$00000015  c_w.l(libinit2.o)
    0x08000264   0x00000000   Code   RO          961    .ARM.Collect$$libinit$$00000017  c_w.l(libinit2.o)
    0x08000264   0x00000000   Code   RO          963    .ARM.Collect$$libinit$$00000019  c_w.l(libinit2.o)
    0x08000264   0x00000000   Code   RO          965    .ARM.Collect$$libinit$$0000001B  c_w.l(libinit2.o)
    0x08000264   0x00000000   Code   RO          967    .ARM.Collect$$libinit$$0000001D  c_w.l(libinit2.o)
    0x08000264   0x00000000   Code   RO          969    .ARM.Collect$$libinit$$0000001F  c_w.l(libinit2.o)
    0x08000264   0x00000000   Code   RO          971    .ARM.Collect$$libinit$$00000021  c_w.l(libinit2.o)
    0x08000264   0x00000000   Code   RO          973    .ARM.Collect$$libinit$$00000023  c_w.l(libinit2.o)
    0x08000264   0x00000000   Code   RO          975    .ARM.Collect$$libinit$$00000025  c_w.l(libinit2.o)
    0x08000264   0x00000000   Code   RO          979    .ARM.Collect$$libinit$$0000002C  c_w.l(libinit2.o)
    0x08000264   0x00000000   Code   RO          981    .ARM.Collect$$libinit$$0000002E  c_w.l(libinit2.o)
    0x08000264   0x00000000   Code   RO          983    .ARM.Collect$$libinit$$00000030  c_w.l(libinit2.o)
    0x08000264   0x00000000   Code   RO          985    .ARM.Collect$$libinit$$00000032  c_w.l(libinit2.o)
    0x08000264   0x00000002   Code   RO          986    .ARM.Collect$$libinit$$00000033  c_w.l(libinit2.o)
    0x08000266   0x00000002   Code   RO         1004    .ARM.Collect$$libshutdown$$00000000  c_w.l(libshutdown.o)
    0x08000268   0x00000000   Code   RO         1015    .ARM.Collect$$libshutdown$$00000003  c_w.l(libshutdown2.o)
    0x08000268   0x00000000   Code   RO         1018    .ARM.Collect$$libshutdown$$00000006  c_w.l(libshutdown2.o)
    0x08000268   0x00000000   Code   RO         1021    .ARM.Collect$$libshutdown$$00000009  c_w.l(libshutdown2.o)
    0x08000268   0x00000000   Code   RO         1023    .ARM.Collect$$libshutdown$$0000000B  c_w.l(libshutdown2.o)
    0x08000268   0x00000000   Code   RO         1026    .ARM.Collect$$libshutdown$$0000000E  c_w.l(libshutdown2.o)
    0x08000268   0x00000002   Code   RO         1027    .ARM.Collect$$libshutdown$$0000000F  c_w.l(libshutdown2.o)
    0x0800026a   0x00000000   Code   RO          889    .ARM.Collect$$rtentry$$00000000  c_w.l(__rtentry.o)
    0x0800026a   0x00000000   Code   RO          907    .ARM.Collect$$rtentry$$00000002  c_w.l(__rtentry2.o)
    0x0800026a   0x00000006   Code   RO          919    .ARM.Collect$$rtentry$$00000004  c_w.l(__rtentry4.o)
    0x08000270   0x00000000   Code   RO          909    .ARM.Collect$$rtentry$$00000009  c_w.l(__rtentry2.o)
    0x08000270   0x00000004   Code   RO          910    .ARM.Collect$$rtentry$$0000000A  c_w.l(__rtentry2.o)
    0x08000274   0x00000000   Code   RO          912    .ARM.Collect$$rtentry$$0000000C  c_w.l(__rtentry2.o)
    0x08000274   0x00000008   Code   RO          913    .ARM.Collect$$rtentry$$0000000D  c_w.l(__rtentry2.o)
    0x0800027c   0x00000002   Code   RO          940    .ARM.Collect$$rtexit$$00000000  c_w.l(rtexit.o)
    0x0800027e   0x00000000   Code   RO          988    .ARM.Collect$$rtexit$$00000002  c_w.l(rtexit2.o)
    0x0800027e   0x00000004   Code   RO          989    .ARM.Collect$$rtexit$$00000003  c_w.l(rtexit2.o)
    0x08000282   0x00000006   Code   RO          990    .ARM.Collect$$rtexit$$00000004  c_w.l(rtexit2.o)
    0x08000288   0x000002e4   Code   RO            3    .text               main.o
    0x0800056c   0x0000001a   Code   RO          183    .text               stm32f4xx_it.o
    0x08000586   0x00000002   PAD
    0x08000588   0x00000210   Code   RO          232    .text               system_stm32f4xx.o
    0x08000798   0x00000040   Code   RO          258    .text               led.o
    0x080007d8   0x00004c80   Code   RO          278    .text               lcd.o
    0x08005458   0x00000254   Code   RO          316    .text               rtc.o
    0x080056ac   0x00000080   Code   RO          339    .text               key.o
    0x0800572c   0x00000068   Code   RO          365    .text               beep.o
    0x08005794   0x00000148   Code   RO          385    .text               timer.o
    0x080058dc   0x0000014c   Code   RO          406    .text               user.o
    0x08005a28   0x000000b4   Code   RO          432    .text               dj.o
    0x08005adc   0x00000104   Code   RO          458    .text               delay.o
    0x08005be0   0x0000014c   Code   RO          498    .text               usart.o
    0x08005d2c   0x00000040   Code   RO          530    .text               startup_stm32f40_41xxx.o
    0x08005d6c   0x000000e0   Code   RO          536    .text               misc.o
    0x08005e4c   0x00000294   Code   RO          556    .text               stm32f4xx_gpio.o
    0x080060e0   0x000005c8   Code   RO          576    .text               stm32f4xx_fsmc.o
    0x080066a8   0x0000065c   Code   RO          599    .text               stm32f4xx_rcc.o
    0x08006d04   0x00000454   Code   RO          641    .text               stm32f4xx_usart.o
    0x08007158   0x00000d68   Code   RO          661    .text               stm32f4xx_rtc.o
    0x08007ec0   0x00000ca2   Code   RO          681    .text               stm32f4xx_tim.o
    0x08008b62   0x00000002   PAD
    0x08008b64   0x00000110   Code   RO          701    .text               stm32f4xx_exti.o
    0x08008c74   0x0000016c   Code   RO          721    .text               stm32f4xx_pwr.o
    0x08008de0   0x00000c34   Code   RO          741    .text               usmart.o
    0x08009a14   0x00000528   Code   RO          786    .text               usmart_str.o
    0x08009f3c   0x00000002   Code   RO          806    .text               c_w.l(use_no_semi_2.o)
    0x08009f3e   0x00000002   PAD
    0x08009f40   0x00000018   Code   RO          812    .text               c_w.l(noretval__2printf.o)
    0x08009f58   0x00000028   Code   RO          814    .text               c_w.l(noretval__2sprintf.o)
    0x08009f80   0x0000004e   Code   RO          818    .text               c_w.l(_printf_pad.o)
    0x08009fce   0x00000052   Code   RO          820    .text               c_w.l(_printf_str.o)
    0x0800a020   0x00000078   Code   RO          822    .text               c_w.l(_printf_dec.o)
    0x0800a098   0x00000058   Code   RO          827    .text               c_w.l(_printf_hex_int.o)
    0x0800a0f0   0x00000188   Code   RO          862    .text               c_w.l(__printf_flags_ss_wp.o)
    0x0800a278   0x00000006   Code   RO          871    .text               c_w.l(heapauxi.o)
    0x0800a27e   0x00000002   Code   RO          887    .text               c_w.l(use_no_semi.o)
    0x0800a280   0x000000b2   Code   RO          890    .text               c_w.l(_printf_intcommon.o)
    0x0800a332   0x00000002   PAD
    0x0800a334   0x00000030   Code   RO          892    .text               c_w.l(_printf_char_common.o)
    0x0800a364   0x0000000a   Code   RO          894    .text               c_w.l(_sputc.o)
    0x0800a36e   0x0000002c   Code   RO          896    .text               c_w.l(_printf_char.o)
    0x0800a39a   0x00000002   PAD
    0x0800a39c   0x00000024   Code   RO          898    .text               c_w.l(_printf_char_file.o)
    0x0800a3c0   0x00000008   Code   RO          923    .text               c_w.l(ferror.o)
    0x0800a3c8   0x0000004a   Code   RO          927    .text               c_w.l(sys_stackheap_outer.o)
    0x0800a412   0x0000000c   Code   RO          929    .text               c_w.l(exit.o)
    0x0800a41e   0x00000002   PAD
    0x0800a420   0x00000008   Code   RO          937    .text               c_w.l(libspace.o)
    0x0800a428   0x0000000e   Code   RO          855    i._is_digit         c_w.l(__printf_wp.o)
    0x0800a436   0x00000002   PAD
    0x0800a438   0x0000005a   Code   RO          875    x$fpl$dfixu         fz_wm.l(dfixu.o)
    0x0800a492   0x00000026   Code   RO          879    x$fpl$dfltu         fz_wm.l(dflt_clz.o)
    0x0800a4b8   0x00000154   Code   RO          885    x$fpl$dmul          fz_wm.l(dmul.o)
    0x0800a60c   0x0000009c   Code   RO          901    x$fpl$dnaninf       fz_wm.l(dnaninf.o)
    0x0800a6a8   0x0000000c   Code   RO          903    x$fpl$dretinf       fz_wm.l(dretinf.o)
    0x0800a6b4   0x0000000a   Code   RO          996    x$fpl$fpinit        fz_wm.l(fpinit.o)
    0x0800a6be   0x00000000   Code   RO          905    x$fpl$usenofp       fz_wm.l(usenofp.o)
    0x0800a6be   0x00000002   PAD
    0x0800a6c0   0x0000000c   Data   RO            4    .constdata          main.o
    0x0800a6cc   0x000017c0   Data   RO          280    .constdata          lcd.o
    0x0800be8c   0x0000001c   Data   RO          577    .constdata          stm32f4xx_fsmc.o
    0x0800bea8   0x00000028   Data   RO          828    .constdata          c_w.l(_printf_hex_int.o)
    0x0800bed0   0x00000011   Data   RO          863    .constdata          c_w.l(__printf_flags_ss_wp.o)
    0x0800bee1   0x00000003   PAD
    0x0800bee4   0x00000028   Data   RO          742    .conststring        usmart.o
    0x0800bf0c   0x0000012a   Data   RO          765    .conststring        usmart_config.o
    0x0800c036   0x00000002   PAD
    0x0800c038   0x00000020   Data   RO         1059    Region$$Table       anon$$obj.o


    Execution Region RW_IRAM1 (Base: 0x20000000, Size: 0x000008e0, Max: 0x00020000, ABSOLUTE, COMPRESSED[0x0000007c])

    Base Addr    Size         Type   Attr      Idx    E Section Name        Object

    0x20000000   0x00000014   Data   RW          233    .data               system_stm32f4xx.o
    0x20000014   0x00000004   Data   RW          281    .data               lcd.o
    0x20000018   0x00000004   Data   RW          317    .data               rtc.o
    0x2000001c   0x00000001   Data   RW          340    .data               key.o
    0x2000001d   0x00000003   PAD
    0x20000020   0x00000004   Data   RW          386    .data               timer.o
    0x20000024   0x0000000c   Data   RW          407    .data               user.o
    0x20000030   0x00000008   Data   RW          433    .data               dj.o
    0x20000038   0x00000004   Data   RW          459    .data               delay.o
    0x2000003c   0x00000006   Data   RW          500    .data               usart.o
    0x20000042   0x00000010   Data   RW          600    .data               stm32f4xx_rcc.o
    0x20000052   0x00000002   PAD
    0x20000054   0x0000001c   Data   RW          743    .data               usmart.o
    0x20000070   0x00000134   Data   RW          766    .data               usmart_config.o
    0x200001a4   0x0000000e   Zero   RW          279    .bss                lcd.o
    0x200001b2   0x000000c8   Zero   RW          499    .bss                usart.o
    0x2000027a   0x00000002   PAD
    0x2000027c   0x00000060   Zero   RW          938    .bss                c_w.l(libspace.o)
    0x200002dc   0x00000004   PAD
    0x200002e0   0x00000200   Zero   RW          528    HEAP                startup_stm32f40_41xxx.o
    0x200004e0   0x00000400   Zero   RW          527    STACK               startup_stm32f40_41xxx.o


==============================================================================

Image component sizes


      Code (inc. data)   RO Data    RW Data    ZI Data      Debug   Object Name

       104         12          0          0          0        901   beep.o
       260          8          0          4          0       1561   delay.o
       180         18          0          8          0       1225   dj.o
       128         14          0          1          0       1005   key.o
     19584        174       6080          4         14      22618   lcd.o
        64          4          0          0          0        587   led.o
       740        188         12          0          0     308063   main.o
       224         20          0          0          0       1945   misc.o
       596         26          0          4          0       2824   rtc.o
        64         26        392          0       1536        880   startup_stm32f40_41xxx.o
       272         10          0          0          0       2391   stm32f4xx_exti.o
      1480         18         28          0          0       5806   stm32f4xx_fsmc.o
       660         44          0          0          0       4221   stm32f4xx_gpio.o
        26          0          0          0          0       1286   stm32f4xx_it.o
       364         12          0          0          0       3799   stm32f4xx_pwr.o
      1628         52          0         16          0      13072   stm32f4xx_rcc.o
      3432         44          0          0          0      15180   stm32f4xx_rtc.o
      3234         60          0          0          0      22424   stm32f4xx_tim.o
      1108         34          0          0          0       7920   stm32f4xx_usart.o
       528         46          0         20          0       1967   system_stm32f4xx.o
       328         22          0          4          0       1311   timer.o
       332         18          0          6        200       3530   usart.o
       332         18          0         12          0       1439   user.o
      3124       1286         40         28          0       4558   usmart.o
         0          0        298        308          0       1712   usmart_config.o
      1320         12          0          0          0       5289   usmart_str.o

    ----------------------------------------------------------------------
     40116       2166       6884        420       1752     437514   Object Totals
         0          0         32          0          0          0   (incl. Generated)
         4          0          2          5          2          0   (incl. Padding)

    ----------------------------------------------------------------------

      Code (inc. data)   RO Data    RW Data    ZI Data      Debug   Library Member Name

        90          0          0          0          0          0   __dczerorl2.o
         8          0          0          0          0         68   __main.o
       392          4         17          0          0         92   __printf_flags_ss_wp.o
        14          0          0          0          0         68   __printf_wp.o
         0          0          0          0          0          0   __rtentry.o
        12          0          0          0          0          0   __rtentry2.o
         6          0          0          0          0          0   __rtentry4.o
        52          8          0          0          0          0   __scatter.o
        28          0          0          0          0          0   __scatter_zi.o
         6          0          0          0          0          0   _printf_c.o
        44          0          0          0          0        108   _printf_char.o
        48          6          0          0          0         96   _printf_char_common.o
        36          4          0          0          0         80   _printf_char_file.o
         6          0          0          0          0          0   _printf_d.o
       120         16          0          0          0         92   _printf_dec.o
        88          4         40          0          0         88   _printf_hex_int.o
       178          0          0          0          0         88   _printf_intcommon.o
        78          0          0          0          0        108   _printf_pad.o
         0          0          0          0          0          0   _printf_percent.o
         4          0          0          0          0          0   _printf_percent_end.o
         6          0          0          0          0          0   _printf_s.o
        82          0          0          0          0         80   _printf_str.o
         6          0          0          0          0          0   _printf_u.o
         6          0          0          0          0          0   _printf_x.o
        10          0          0          0          0         68   _sputc.o
        12          0          0          0          0         72   exit.o
         8          0          0          0          0         68   ferror.o
         6          0          0          0          0        152   heapauxi.o
         2          0          0          0          0          0   libinit.o
         6          0          0          0          0          0   libinit2.o
         2          0          0          0          0          0   libshutdown.o
         2          0          0          0          0          0   libshutdown2.o
         8          4          0          0         96         68   libspace.o
        24          4          0          0          0         84   noretval__2printf.o
        40          6          0          0          0         84   noretval__2sprintf.o
         2          0          0          0          0          0   rtexit.o
        10          0          0          0          0          0   rtexit2.o
        74          0          0          0          0         80   sys_stackheap_outer.o
         2          0          0          0          0         68   use_no_semi.o
         2          0          0          0          0         68   use_no_semi_2.o
        90          4          0          0          0        140   dfixu.o
        38          0          0          0          0        116   dflt_clz.o
       340         12          0          0          0        152   dmul.o
       156          4          0          0          0        140   dnaninf.o
        12          0          0          0          0        116   dretinf.o
        10          0          0          0          0        116   fpinit.o
         0          0          0          0          0          0   usenofp.o

    ----------------------------------------------------------------------
      2180         76         60          0        100       2560   Library Totals
        14          0          3          0          4          0   (incl. Padding)

    ----------------------------------------------------------------------

      Code (inc. data)   RO Data    RW Data    ZI Data      Debug   Library Name

      1520         56         57          0         96       1780   c_w.l
       646         20          0          0          0        780   fz_wm.l

    ----------------------------------------------------------------------
      2180         76         60          0        100       2560   Library Totals

    ----------------------------------------------------------------------

==============================================================================


      Code (inc. data)   RO Data    RW Data    ZI Data      Debug   

     42296       2242       6944        420       1852     433090   Grand Totals
     42296       2242       6944        124       1852     433090   ELF Image Totals (compressed)
     42296       2242       6944        124          0          0   ROM Totals

==============================================================================

    Total RO  Size (Code + RO Data)                49240 (  48.09kB)
    Total RW  Size (RW Data + ZI Data)              2272 (   2.22kB)
    Total ROM Size (Code + RO Data + RW Data)      49364 (  48.21kB)

==============================================================================

